Small MoE K8 8x4 padded-contiguous L15 app: layouts=145 shapes=3
L140 v140_joint_A4_S2in176_M1stride48 DMA staging cycles: 7423
L140 v140_joint_A4_S2in176_M1stride48 staging dataset: bytes=268160 A_stride=2080 B0_bank=0 B1_bank=52 D0_bank=0 M1D0_bank=32 M1D1_minus_D0=1024 M1_row_stride=2080 shape_A_strides=[2080,2048,2128]
L140 v140_joint_A4_S2in176_M1stride48 dataset ready
L140 S0 start
L140 S0 Mode0 configure streamer
L140 S0 Mode0 configure core
L140 S0 Mode0 start
L140 S0 Mode0 D0: PASS, Error: 0
L140 S0 Mode0 Cycles: accel=4240, streamer=4265, wall=30797
L140 S0 Mode0 mcycle start-finish: accel=4246, streamer=4279
L140 S0 Mode1 configure streamer
L140 S0 Mode1 configure core
L140 S0 Mode1 start
L140 S0 Mode1 D padded-contiguous: PASS, Error: 0
L140 S0 Mode1 Cycles: accel=2185, streamer=2205, wall=130118
L140 S0 Mode1 mcycle start-finish: accel=2192, streamer=2214
L140 S1 start
L140 S1 Mode0 configure streamer
L140 S1 Mode0 configure core
L140 S1 Mode0 start
L140 S1 Mode0 D0: PASS, Error: 0
L140 S1 Mode0 Cycles: accel=2211, streamer=2236, wall=21099
L140 S1 Mode0 mcycle start-finish: accel=2218, streamer=2251
L140 S1 Mode1 configure streamer
L140 S1 Mode1 configure core
L140 S1 Mode1 start
L140 S1 Mode1 D padded-contiguous: PASS, Error: 0
L140 S1 Mode1 Cycles: accel=1114, streamer=1134, wall=70641
L140 S1 Mode1 mcycle start-finish: accel=1122, streamer=1144
L140 S2 start
L140 S2 Mode0 configure streamer
L140 S2 Mode0 configure core
L140 S2 Mode0 start
L140 S2 Mode0 D0: PASS, Error: 0
L140 S2 Mode0 Cycles: accel=1072, streamer=1097, wall=19995
L140 S2 Mode0 mcycle start-finish: accel=1078, streamer=1111
L140 S2 Mode1 configure streamer
L140 S2 Mode1 configure core
L140 S2 Mode1 start
L140 S2 Mode1 D padded-contiguous: PASS, Error: 0
L140 S2 Mode1 Cycles: accel=568, streamer=588, wall=43025
L140 S2 Mode1 mcycle start-finish: accel=576, streamer=593
L140 v140_joint_A4_S2in176_M1stride48 total checks: 6, total error: 0
L141 v141_joint_A4_S2in176_M1stride80 staging dataset: bytes=268160 A_stride=2080 B0_bank=0 B1_bank=52 D0_bank=0 M1D0_bank=32 M1D1_minus_D0=1024 M1_row_stride=2080 shape_A_strides=[2080,2048,2128]
L141 v141_joint_A4_S2in176_M1stride80 reusing identical A/weight TCDM image
L141 v141_joint_A4_S2in176_M1stride80 dataset ready
L141 S0 start
L141 S0 Mode0 configure streamer
L141 S0 Mode0 configure core
L141 S0 Mode0 start
L141 S0 Mode0 D0: PASS, Error: 0
L141 S0 Mode0 Cycles: accel=4240, streamer=4265, wall=30093
L141 S0 Mode0 mcycle start-finish: accel=4246, streamer=4274
L141 S0 Mode1 configure streamer
L141 S0 Mode1 configure core
L141 S0 Mode1 start
L141 S0 Mode1 D padded-contiguous: PASS, Error: 0
L141 S0 Mode1 Cycles: accel=2185, streamer=2205, wall=129910
L141 S0 Mode1 mcycle start-finish: accel=2190, streamer=2213
L141 S1 start
L141 S1 Mode0 configure streamer
L141 S1 Mode0 configure core
L141 S1 Mode0 start
L141 S1 Mode0 D0: PASS, Error: 0
L141 S1 Mode0 Cycles: accel=2211, streamer=2236, wall=21110
L141 S1 Mode0 mcycle start-finish: accel=2218, streamer=2251
L141 S1 Mode1 configure streamer
L141 S1 Mode1 configure core
L141 S1 Mode1 start
L141 S1 Mode1 D padded-contiguous: PASS, Error: 0
L141 S1 Mode1 Cycles: accel=1114, streamer=1134, wall=70636
L141 S1 Mode1 mcycle start-finish: accel=1122, streamer=1139
L141 S2 start
L141 S2 Mode0 configure streamer
L141 S2 Mode0 configure core
L141 S2 Mode0 start
L141 S2 Mode0 D0: PASS, Error: 0
L141 S2 Mode0 Cycles: accel=1067, streamer=1092, wall=23297
L141 S2 Mode0 mcycle start-finish: accel=1074, streamer=1097
L141 S2 Mode1 configure streamer
L141 S2 Mode1 configure core
L141 S2 Mode1 start
L141 S2 Mode1 D padded-contiguous: PASS, Error: 0
L141 S2 Mode1 Cycles: accel=569, streamer=589, wall=43020
L141 S2 Mode1 mcycle start-finish: accel=576, streamer=593
L141 v141_joint_A4_S2in176_M1stride80 total checks: 6, total error: 0
L142 v142_joint_A4_S2in176_M1stride112 staging dataset: bytes=268160 A_stride=2080 B0_bank=0 B1_bank=52 D0_bank=0 M1D0_bank=32 M1D1_minus_D0=1024 M1_row_stride=2080 shape_A_strides=[2080,2048,2128]
L142 v142_joint_A4_S2in176_M1stride112 reusing identical A/weight TCDM image
L142 v142_joint_A4_S2in176_M1stride112 dataset ready
L142 S0 start
L142 S0 Mode0 configure streamer
L142 S0 Mode0 configure core
L142 S0 Mode0 start
L142 S0 Mode0 D0: PASS, Error: 0
L142 S0 Mode0 Cycles: accel=4240, streamer=4265, wall=30201
L142 S0 Mode0 mcycle start-finish: accel=4246, streamer=4279
L142 S0 Mode1 configure streamer
L142 S0 Mode1 configure core
L142 S0 Mode1 start
L142 S0 Mode1 D padded-contiguous: PASS, Error: 0
L142 S0 Mode1 Cycles: accel=2185, streamer=2205, wall=129918
L142 S0 Mode1 mcycle start-finish: accel=2190, streamer=2213
L142 S1 start
L142 S1 Mode0 configure streamer
L142 S1 Mode0 configure core
L142 S1 Mode0 start
L142 S1 Mode0 D0: PASS, Error: 0
L142 S1 Mode0 Cycles: accel=2211, streamer=2236, wall=21092
L142 S1 Mode0 mcycle start-finish: accel=2218, streamer=2241
L142 S1 Mode1 configure streamer
L142 S1 Mode1 configure core
L142 S1 Mode1 start
L142 S1 Mode1 D padded-contiguous: PASS, Error: 0
L142 S1 Mode1 Cycles: accel=1114, streamer=1134, wall=70847
L142 S1 Mode1 mcycle start-finish: accel=1122, streamer=1139
L142 S2 start
L142 S2 Mode0 configure streamer
L142 S2 Mode0 configure core
L142 S2 Mode0 start
L142 S2 Mode0 D0: PASS, Error: 0
L142 S2 Mode0 Cycles: accel=1066, streamer=1091, wall=26995
L142 S2 Mode0 mcycle start-finish: accel=1072, streamer=1105
L142 S2 Mode1 configure streamer
L142 S2 Mode1 configure core
L142 S2 Mode1 start
L142 S2 Mode1 D padded-contiguous: PASS, Error: 0
L142 S2 Mode1 Cycles: accel=567, streamer=588, wall=43024
L142 S2 Mode1 mcycle start-finish: accel=570, streamer=593
L142 v142_joint_A4_S2in176_M1stride112 total checks: 6, total error: 0
L143 v143_joint_A4_S2in176_M1stride144 staging dataset: bytes=269184 A_stride=2080 B0_bank=0 B1_bank=52 D0_bank=0 M1D0_bank=32 M1D1_minus_D0=1024 M1_row_stride=2080 shape_A_strides=[2080,2048,2128]
L143 v143_joint_A4_S2in176_M1stride144 reusing identical A/weight TCDM image
L143 v143_joint_A4_S2in176_M1stride144 dataset ready
L143 S0 start
L143 S0 Mode0 configure streamer
L143 S0 Mode0 configure core
L143 S0 Mode0 start
L143 S0 Mode0 D0: PASS, Error: 0
L143 S0 Mode0 Cycles: accel=4240, streamer=4265, wall=30194
L143 S0 Mode0 mcycle start-finish: accel=4246, streamer=4274
L143 S0 Mode1 configure streamer
L143 S0 Mode1 configure core
L143 S0 Mode1 start
L143 S0 Mode1 D padded-contiguous: PASS, Error: 0
L143 S0 Mode1 Cycles: accel=2185, streamer=2205, wall=129923
L143 S0 Mode1 mcycle start-finish: accel=2190, streamer=2213
L143 S1 start
L143 S1 Mode0 configure streamer
L143 S1 Mode0 configure core
L143 S1 Mode0 start
L143 S1 Mode0 D0: PASS, Error: 0
L143 S1 Mode0 Cycles: accel=2211, streamer=2236, wall=21086
L143 S1 Mode0 mcycle start-finish: accel=2214, streamer=2242
L143 S1 Mode1 configure streamer
L143 S1 Mode1 configure core
L143 S1 Mode1 start
L143 S1 Mode1 D padded-contiguous: PASS, Error: 0
L143 S1 Mode1 Cycles: accel=1114, streamer=1134, wall=70643
L143 S1 Mode1 mcycle start-finish: accel=1122, streamer=1139
L143 S2 start
L143 S2 Mode0 configure streamer
L143 S2 Mode0 configure core
L143 S2 Mode0 start
L143 S2 Mode0 D0: PASS, Error: 0
L143 S2 Mode0 Cycles: accel=1066, streamer=1091, wall=30491
L143 S2 Mode0 mcycle start-finish: accel=1072, streamer=1105
L143 S2 Mode1 configure streamer
L143 S2 Mode1 configure core
L143 S2 Mode1 start
L143 S2 Mode1 D padded-contiguous: PASS, Error: 0
L143 S2 Mode1 Cycles: accel=566, streamer=586, wall=43025
L143 S2 Mode1 mcycle start-finish: accel=570, streamer=593
L143 v143_joint_A4_S2in176_M1stride144 total checks: 6, total error: 0
L144 v144_joint_A4_S2in176_M1stride176 staging dataset: bytes=269184 A_stride=2080 B0_bank=0 B1_bank=52 D0_bank=0 M1D0_bank=32 M1D1_minus_D0=1024 M1_row_stride=2080 shape_A_strides=[2080,2048,2128]
L144 v144_joint_A4_S2in176_M1stride176 reusing identical A/weight TCDM image
L144 v144_joint_A4_S2in176_M1stride176 dataset ready
L144 S0 start
L144 S0 Mode0 configure streamer
L144 S0 Mode0 configure core
L144 S0 Mode0 start
L144 S0 Mode0 D0: PASS, Error: 0
L144 S0 Mode0 Cycles: accel=4240, streamer=4265, wall=30198
L144 S0 Mode0 mcycle start-finish: accel=4248, streamer=4281
L144 S0 Mode1 configure streamer
L144 S0 Mode1 configure core
L144 S0 Mode1 start
L144 S0 Mode1 D padded-contiguous: PASS, Error: 0
L144 S0 Mode1 Cycles: accel=2185, streamer=2205, wall=129810
L144 S0 Mode1 mcycle start-finish: accel=2190, streamer=2213
L144 S1 start
L144 S1 Mode0 configure streamer
L144 S1 Mode0 configure core
L144 S1 Mode0 start
L144 S1 Mode0 D0: PASS, Error: 0
L144 S1 Mode0 Cycles: accel=2211, streamer=2236, wall=21001
L144 S1 Mode0 mcycle start-finish: accel=2218, streamer=2251
L144 S1 Mode1 configure streamer
L144 S1 Mode1 configure core
L144 S1 Mode1 start
L144 S1 Mode1 D padded-contiguous: PASS, Error: 0
L144 S1 Mode1 Cycles: accel=1114, streamer=1134, wall=70644
L144 S1 Mode1 mcycle start-finish: accel=1122, streamer=1139
L144 S2 start
L144 S2 Mode0 configure streamer
L144 S2 Mode0 configure core
L144 S2 Mode0 start
L144 S2 Mode0 D0: PASS, Error: 0
L144 S2 Mode0 Cycles: accel=1068, streamer=1093, wall=33897
L144 S2 Mode0 mcycle start-finish: accel=1074, streamer=1097
L144 S2 Mode1 configure streamer
L144 S2 Mode1 configure core
L144 S2 Mode1 start
L144 S2 Mode1 D padded-contiguous: PASS, Error: 0
L144 S2 Mode1 Cycles: accel=561, streamer=581, wall=43029
L144 S2 Mode1 mcycle start-finish: accel=564, streamer=587
L144 v144_joint_A4_S2in176_M1stride176 total checks: 6, total error: 0
[fesvr] Wrote 36 bytes of bootrom to 0x1000
[fesvr] Wrote entry point 0x80000000 to bootloader slot 0x1020
[fesvr] Wrote 72 bytes of bootdata to 0x1024
[Tracer] Logging Hart          0 to logs/trace_chip_00_hart_00000.dasm
[Tracer] Logging Hart          1 to logs/trace_chip_00_hart_00001.dasm
