Small MoE K8 8x4 padded-contiguous L15 app: layouts=60 shapes=3
L57 v57_shapeA_s0p32_s1p12_s2p80 DMA staging cycles: 4128
L57 v57_shapeA_s0p32_s1p12_s2p80 staging dataset: bytes=268160 A_stride=2080 B0_bank=0 B1_bank=52 D0_bank=0 M1D0_bank=32 M1D1_minus_D0=1024 M1_row_stride=2080 shape_A_strides=[2080,2060,2128]
L57 v57_shapeA_s0p32_s1p12_s2p80 dataset ready
L57 S0 start
L57 S0 Mode0 configure streamer
L57 S0 Mode0 configure core
L57 S0 Mode0 start
L57 S0 Mode0 D0: PASS, Error: 0
L57 S0 Mode0 Cycles: accel=4100, streamer=4126, wall=39703
L57 S0 Mode0 mcycle start-finish: accel=4107, streamer=4142
L57 S0 Mode1 configure streamer
L57 S0 Mode1 configure core
L57 S0 Mode1 start
L57 S0 Mode1 D padded-contiguous: PASS, Error: 0
L57 S0 Mode1 Cycles: accel=2179, streamer=2199, wall=206696
L57 S0 Mode1 mcycle start-finish: accel=2183, streamer=2205
L57 S1 start
L57 S1 Mode0 configure streamer
L57 S1 Mode0 configure core
L57 S1 Mode0 start
Unequals. output[8] = 42, golden[8] = 0
Unequals. output[9] = 42, golden[9] = 0
Unequals. output[10] = 42, golden[10] = 0
Unequals. output[11] = 42, golden[11] = 0
Unequals. output[12] = 42, golden[12] = 0
Unequals. output[13] = 42, golden[13] = 0
Unequals. output[14] = 42, golden[14] = 0
Unequals. output[15] = 42, golden[15] = 0
Unequals. output[24] = 64, golden[24] = -10
Unequals. output[25] = 64, golden[25] = -10
Unequals. output[26] = 64, golden[26] = -10
Unequals. output[27] = 64, golden[27] = -10
Unequals. output[28] = 64, golden[28] = -10
Unequals. output[29] = 64, golden[29] = -10
Unequals. output[30] = 64, golden[30] = -10
Unequals. output[31] = 64, golden[31] = -10
Mismatch print capped at 16 of 256 errors
L57 S1 Mode0 D0: FAIL, Error: 256
L57 S1 Mode0 Cycles: accel=2056, streamer=2082, wall=105607
L57 S1 Mode0 mcycle start-finish: accel=2061, streamer=2091
L57 S2 start
L57 S2 Mode0 configure streamer
L57 S2 Mode0 configure core
L57 S2 Mode0 start
L57 S2 Mode0 D0: PASS, Error: 0
L57 S2 Mode0 Cycles: accel=1033, streamer=1059, wall=18494
L57 S2 Mode0 mcycle start-finish: accel=1041, streamer=1065
L57 S2 Mode1 configure streamer
L57 S2 Mode1 configure core
L57 S2 Mode1 start
L57 S2 Mode1 D padded-contiguous: PASS, Error: 0
L57 S2 Mode1 Cycles: accel=535, streamer=555, wall=62391
L57 S2 Mode1 mcycle start-finish: accel=539, streamer=561
L57 v57_shapeA_s0p32_s1p12_s2p80 total checks: 6, total error: 5001
[fesvr] Wrote 36 bytes of bootrom to 0x1000
[fesvr] Wrote entry point 0x80000000 to bootloader slot 0x1020
[fesvr] Wrote 72 bytes of bootdata to 0x1024
[Tracer] Logging Hart          0 to logs/trace_chip_00_hart_00000.dasm
[Tracer] Logging Hart          1 to logs/trace_chip_00_hart_00001.dasm
*** FAILED *** (tohost = 5001)
