Small MoE K8 8x4 padded-contiguous L15 app: layouts=60 shapes=3
L56 v56_shapeA_s0p32_s1p08_s2p80 DMA staging cycles: 4106
L56 v56_shapeA_s0p32_s1p08_s2p80 staging dataset: bytes=268160 A_stride=2080 B0_bank=0 B1_bank=52 D0_bank=0 M1D0_bank=32 M1D1_minus_D0=1024 M1_row_stride=2080 shape_A_strides=[2080,2056,2128]
L56 v56_shapeA_s0p32_s1p08_s2p80 dataset ready
L56 S0 start
L56 S0 Mode0 configure streamer
L56 S0 Mode0 configure core
L56 S0 Mode0 start
L56 S0 Mode0 D0: PASS, Error: 0
L56 S0 Mode0 Cycles: accel=4100, streamer=4126, wall=39693
L56 S0 Mode0 mcycle start-finish: accel=4107, streamer=4143
L56 S0 Mode1 configure streamer
L56 S0 Mode1 configure core
L56 S0 Mode1 start
L56 S0 Mode1 D padded-contiguous: PASS, Error: 0
L56 S0 Mode1 Cycles: accel=2179, streamer=2199, wall=206727
L56 S0 Mode1 mcycle start-finish: accel=2185, streamer=2207
L56 S1 start
L56 S1 Mode0 configure streamer
L56 S1 Mode0 configure core
L56 S1 Mode0 start
L56 S1 Mode0 D0: PASS, Error: 0
L56 S1 Mode0 Cycles: accel=2057, streamer=2083, wall=25488
L56 S1 Mode0 mcycle start-finish: accel=2062, streamer=2093
L56 S1 Mode1 configure streamer
L56 S1 Mode1 configure core
L56 S1 Mode1 start
L56 S1 Mode1 D padded-contiguous: PASS, Error: 0
L56 S1 Mode1 Cycles: accel=1118, streamer=1138, wall=108542
L56 S1 Mode1 mcycle start-finish: accel=1123, streamer=1145
L56 S2 start
L56 S2 Mode0 configure streamer
L56 S2 Mode0 configure core
L56 S2 Mode0 start
L56 S2 Mode0 D0: PASS, Error: 0
L56 S2 Mode0 Cycles: accel=1037, streamer=1063, wall=18503
L56 S2 Mode0 mcycle start-finish: accel=1042, streamer=1073
L56 S2 Mode1 configure streamer
L56 S2 Mode1 configure core
L56 S2 Mode1 start
L56 S2 Mode1 D padded-contiguous: PASS, Error: 0
L56 S2 Mode1 Cycles: accel=535, streamer=555, wall=62394
L56 S2 Mode1 mcycle start-finish: accel=541, streamer=564
L56 v56_shapeA_s0p32_s1p08_s2p80 total checks: 6, total error: 0
[fesvr] Wrote 36 bytes of bootrom to 0x1000
[fesvr] Wrote entry point 0x80000000 to bootloader slot 0x1020
[fesvr] Wrote 72 bytes of bootdata to 0x1024
[Tracer] Logging Hart          0 to logs/trace_chip_00_hart_00000.dasm
[Tracer] Logging Hart          1 to logs/trace_chip_00_hart_00001.dasm
