Small MoE K8 8x4 padded-contiguous L15 app: layouts=60 shapes=3
L59 v59_shapeA_s0p32_s1p00_s2p88 DMA staging cycles: 4114
L59 v59_shapeA_s0p32_s1p00_s2p88 staging dataset: bytes=268224 A_stride=2080 B0_bank=0 B1_bank=52 D0_bank=0 M1D0_bank=32 M1D1_minus_D0=1024 M1_row_stride=2080 shape_A_strides=[2080,2048,2136]
L59 v59_shapeA_s0p32_s1p00_s2p88 dataset ready
L59 S0 start
L59 S0 Mode0 configure streamer
L59 S0 Mode0 configure core
L59 S0 Mode0 start
L59 S0 Mode0 D0: PASS, Error: 0
L59 S0 Mode0 Cycles: accel=4099, streamer=4134, wall=39701
L59 S0 Mode0 mcycle start-finish: accel=4114, streamer=4151
L59 S0 Mode1 configure streamer
L59 S0 Mode1 configure core
L59 S0 Mode1 start
L59 S0 Mode1 D padded-contiguous: PASS, Error: 0
L59 S0 Mode1 Cycles: accel=2179, streamer=2199, wall=206822
L59 S0 Mode1 mcycle start-finish: accel=2186, streamer=2218
L59 S1 start
L59 S1 Mode0 configure streamer
L59 S1 Mode0 configure core
L59 S1 Mode0 start
L59 S1 Mode0 D0: PASS, Error: 0
L59 S1 Mode0 Cycles: accel=2052, streamer=2087, wall=25404
L59 S1 Mode0 mcycle start-finish: accel=2069, streamer=2095
L59 S1 Mode1 configure streamer
L59 S1 Mode1 configure core
L59 S1 Mode1 start
L59 S1 Mode1 D padded-contiguous: PASS, Error: 0
L59 S1 Mode1 Cycles: accel=1106, streamer=1126, wall=108304
L59 S1 Mode1 mcycle start-finish: accel=1112, streamer=1144
L59 S2 start
L59 S2 Mode0 configure streamer
L59 S2 Mode0 configure core
L59 S2 Mode0 start
L59 S2 Mode0 D0: PASS, Error: 0
L59 S2 Mode0 Cycles: accel=1027, streamer=1062, wall=18505
L59 S2 Mode0 mcycle start-finish: accel=1043, streamer=1069
L59 S2 Mode1 configure streamer
L59 S2 Mode1 configure core
L59 S2 Mode1 start
L59 S2 Mode1 D padded-contiguous: PASS, Error: 0
L59 S2 Mode1 Cycles: accel=542, streamer=562, wall=62567
L59 S2 Mode1 mcycle start-finish: accel=548, streamer=570
L59 v59_shapeA_s0p32_s1p00_s2p88 total checks: 6, total error: 0
[fesvr] Wrote 36 bytes of bootrom to 0x1000
[fesvr] Wrote entry point 0x80000000 to bootloader slot 0x1020
[fesvr] Wrote 72 bytes of bootdata to 0x1024
[Tracer] Logging Hart          0 to logs/trace_chip_00_hart_00000.dasm
[Tracer] Logging Hart          1 to logs/trace_chip_00_hart_00001.dasm
