K8 8x4 Mode1 contiguous L15 app: layouts=1 shapes=3
L15 l15_contiguous_2048_per_token staging dataset: bytes=4416768 A_stride=4128 B0_bank=0 B1_bank=34 D0_bank=0 M1D0_bank=32 M1D1_minus_D0=2048
L15 l15_contiguous_2048_per_token dataset ready
L15 S2 start
L15 S2 Mode0 configure streamer
L15 S2 Mode0 configure core
L15 S2 Mode0 start
L15 S2 Mode0 wait accel
L15 S2 Mode0 wait writer
L15 S2 Mode0 D0: PASS, Error: 0
L15 S2 Mode0 Cycles: accel=22549, streamer=22573, wall=33110
L15 S2 Mode1 configure streamer
L15 S2 Mode1 configure core
L15 S2 Mode1 start
L15 S2 Mode1 wait accel
L15 S2 Mode1 wait writer
L15 S2 Mode1 D contiguous: PASS, Error: 0
L15 S2 Mode1 Cycles: accel=11312, streamer=11331, wall=22123
L15 l15_contiguous_2048_per_token total checks: 2, total error: 0
[fesvr] Wrote 36 bytes of bootrom to 0x1000
[fesvr] Wrote entry point 0x80000000 to bootloader slot 0x1020
[fesvr] Wrote 72 bytes of bootdata to 0x1024
[Tracer] Logging Hart          0 to logs/trace_chip_00_hart_00000.dasm
[Tracer] Logging Hart          1 to logs/trace_chip_00_hart_00001.dasm
