L20 a32_b1_bank20 staging dataset: bytes=4415504 A_stride=4128 B0_bank=0 B1_bank=20 D0_bank=0
L20 S0 Mode0 D0: PASS, Error: 0
L20 S0 Mode0 Cycles: accel=90163, streamer=90187, wall=100915
L20 S1 Mode0 D0: PASS, Error: 0
L20 S1 Mode0 Cycles: accel=45086, streamer=45110, wall=55503
L20 S2 Mode0 D0: PASS, Error: 0
L20 S2 Mode0 Cycles: accel=22549, streamer=22573, wall=32823
L20 a32_b1_bank20 total checks: 3, total error: 0
=== STATUS L20 MODE0: 0 ===
L21 a32_b1_bank28 staging dataset: bytes=4415504 A_stride=4128 B0_bank=0 B1_bank=28 D0_bank=0
L21 S0 Mode0 D0: PASS, Error: 0
L21 S0 Mode0 Cycles: accel=90206, streamer=90230, wall=101020
L21 S1 Mode0 D0: PASS, Error: 0
L21 S1 Mode0 Cycles: accel=45086, streamer=45110, wall=55413
L21 S2 Mode0 D0: PASS, Error: 0
L21 S2 Mode0 Cycles: accel=22549, streamer=22573, wall=32821
L21 a32_b1_bank28 total checks: 3, total error: 0
=== STATUS L21 MODE0: 0 ===
L22 a32_b1_bank36 staging dataset: bytes=4415504 A_stride=4128 B0_bank=0 B1_bank=36 D0_bank=0
L22 S0 Mode0 D0: PASS, Error: 0
L22 S0 Mode0 Cycles: accel=90117, streamer=90141, wall=100921
L22 S1 Mode0 D0: PASS, Error: 0
L22 S1 Mode0 Cycles: accel=45106, streamer=45130, wall=55403
L22 S2 Mode0 D0: PASS, Error: 0
L22 S2 Mode0 Cycles: accel=22549, streamer=22573, wall=32713
L22 a32_b1_bank36 total checks: 3, total error: 0
=== STATUS L22 MODE0: 0 ===
L23 a32_b1_bank44 staging dataset: bytes=4415504 A_stride=4128 B0_bank=0 B1_bank=44 D0_bank=0
L23 S0 Mode0 D0: PASS, Error: 0
L23 S0 Mode0 Cycles: accel=90117, streamer=90141, wall=100922
L23 S1 Mode0 D0: PASS, Error: 0
L23 S1 Mode0 Cycles: accel=45086, streamer=45110, wall=55399
L23 S2 Mode0 D0: PASS, Error: 0
L23 S2 Mode0 Cycles: accel=22549, streamer=22573, wall=32712
L23 a32_b1_bank44 total checks: 3, total error: 0
=== STATUS L23 MODE0: 0 ===
L24 a32_b1_bank52 staging dataset: bytes=4415504 A_stride=4128 B0_bank=0 B1_bank=52 D0_bank=0
L24 S0 Mode0 D0: PASS, Error: 0
L24 S0 Mode0 Cycles: accel=90117, streamer=90141, wall=100912
L24 S1 Mode0 D0: PASS, Error: 0
L24 S1 Mode0 Cycles: accel=45086, streamer=45110, wall=55516
L24 S2 Mode0 D0: PASS, Error: 0
L24 S2 Mode0 Cycles: accel=22549, streamer=22573, wall=32810
L24 a32_b1_bank52 total checks: 3, total error: 0
=== STATUS L24 MODE0: 0 ===
=== BATCH L20-L24 DONE ===
