Small MoE K8 8x4 padded-contiguous L15 app: layouts=50 shapes=3
L48 v48_pad40_b1bank34_confirm DMA staging cycles: 3526
L48 v48_pad40_b1bank34_confirm staging dataset: bytes=235072 A_stride=2088 B0_bank=0 B1_bank=34 D0_bank=0 M1D0_bank=32 M1D1_minus_D0=1024 M1_row_stride=2088
L48 v48_pad40_b1bank34_confirm dataset ready
L48 S0 start
L48 S0 Mode0 configure streamer
L48 S0 Mode0 configure core
L48 S0 Mode0 start
L48 S0 Mode0 D0: PASS, Error: 0
L48 S0 Mode0 Cycles: accel=4105, streamer=4131, wall=39605
L48 S0 Mode0 mcycle start-finish: accel=4113, streamer=4148
L48 S0 Mode1 configure streamer
L48 S0 Mode1 configure core
L48 S0 Mode1 start
L48 S0 Mode1 D padded-contiguous: PASS, Error: 0
L48 S0 Mode1 Cycles: accel=2195, streamer=2215, wall=207592
L48 S0 Mode1 mcycle start-finish: accel=2201, streamer=2236
L48 S1 start
L48 S1 Mode0 configure streamer
L48 S1 Mode0 configure core
L48 S1 Mode0 start
L48 S1 Mode0 D0: PASS, Error: 0
L48 S1 Mode0 Cycles: accel=2056, streamer=2082, wall=25408
L48 S1 Mode0 mcycle start-finish: accel=2061, streamer=2096
L48 S1 Mode1 configure streamer
L48 S1 Mode1 configure core
L48 S1 Mode1 start
L48 S1 Mode1 D padded-contiguous: PASS, Error: 0
L48 S1 Mode1 Cycles: accel=1109, streamer=1129, wall=110097
L48 S1 Mode1 mcycle start-finish: accel=1115, streamer=1150
L48 S2 start
L48 S2 Mode0 configure streamer
L48 S2 Mode0 configure core
L48 S2 Mode0 start
L48 S2 Mode0 D0: PASS, Error: 0
L48 S2 Mode0 Cycles: accel=1035, streamer=1061, wall=18410
L48 S2 Mode0 mcycle start-finish: accel=1041, streamer=1071
L48 S2 Mode1 configure streamer
L48 S2 Mode1 configure core
L48 S2 Mode1 start
L48 S2 Mode1 D padded-contiguous: PASS, Error: 0
L48 S2 Mode1 Cycles: accel=569, streamer=590, wall=61590
L48 S2 Mode1 mcycle start-finish: accel=576, streamer=601
L48 v48_pad40_b1bank34_confirm total checks: 6, total error: 0
[fesvr] Wrote 36 bytes of bootrom to 0x1000
[fesvr] Wrote entry point 0x80000000 to bootloader slot 0x1020
[fesvr] Wrote 72 bytes of bootdata to 0x1024
[Tracer] Logging Hart          0 to logs/trace_chip_00_hart_00000.dasm
[Tracer] Logging Hart          1 to logs/trace_chip_00_hart_00001.dasm
