Small MoE K8 8x4 padded-contiguous L15 app: layouts=50 shapes=3
L49 v49_pad56_b1bank52_confirm DMA staging cycles: 3528
L49 v49_pad56_b1bank52_confirm staging dataset: bytes=235200 A_stride=2104 B0_bank=0 B1_bank=52 D0_bank=0 M1D0_bank=32 M1D1_minus_D0=1024 M1_row_stride=2104
L49 v49_pad56_b1bank52_confirm dataset ready
L49 S0 start
L49 S0 Mode0 configure streamer
L49 S0 Mode0 configure core
L49 S0 Mode0 start
L49 S0 Mode0 D0: PASS, Error: 0
L49 S0 Mode0 Cycles: accel=4105, streamer=4131, wall=39590
L49 S0 Mode0 mcycle start-finish: accel=4113, streamer=4148
L49 S0 Mode1 configure streamer
L49 S0 Mode1 configure core
L49 S0 Mode1 start
L49 S0 Mode1 D padded-contiguous: PASS, Error: 0
L49 S0 Mode1 Cycles: accel=2201, streamer=2221, wall=209085
L49 S0 Mode1 mcycle start-finish: accel=2207, streamer=2242
L49 S1 start
L49 S1 Mode0 configure streamer
L49 S1 Mode0 configure core
L49 S1 Mode0 start
L49 S1 Mode0 D0: PASS, Error: 0
L49 S1 Mode0 Cycles: accel=2056, streamer=2082, wall=25408
L49 S1 Mode0 mcycle start-finish: accel=2061, streamer=2096
L49 S1 Mode1 configure streamer
L49 S1 Mode1 configure core
L49 S1 Mode1 start
L49 S1 Mode1 D padded-contiguous: PASS, Error: 0
L49 S1 Mode1 Cycles: accel=1113, streamer=1133, wall=110809
L49 S1 Mode1 mcycle start-finish: accel=1121, streamer=1156
L49 S2 start
L49 S2 Mode0 configure streamer
L49 S2 Mode0 configure core
L49 S2 Mode0 start
L49 S2 Mode0 D0: PASS, Error: 0
L49 S2 Mode0 Cycles: accel=1034, streamer=1060, wall=18404
L49 S2 Mode0 mcycle start-finish: accel=1041, streamer=1065
L49 S2 Mode1 configure streamer
L49 S2 Mode1 configure core
L49 S2 Mode1 start
L49 S2 Mode1 D padded-contiguous: PASS, Error: 0
L49 S2 Mode1 Cycles: accel=538, streamer=558, wall=61892
L49 S2 Mode1 mcycle start-finish: accel=546, streamer=565
L49 v49_pad56_b1bank52_confirm total checks: 6, total error: 0
[fesvr] Wrote 36 bytes of bootrom to 0x1000
[fesvr] Wrote entry point 0x80000000 to bootloader slot 0x1020
[fesvr] Wrote 72 bytes of bootdata to 0x1024
[Tracer] Logging Hart          0 to logs/trace_chip_00_hart_00000.dasm
[Tracer] Logging Hart          1 to logs/trace_chip_00_hart_00001.dasm
