S0 exit 0
L15 l15_padded_2048_per_token staging dataset: bytes=4417024 A_stride=4128 B0_bank=0 B1_bank=34 D0_bank=0 M1D0_bank=32 M1D1_minus_D0=2048 M1_row_stride=4128
L15 S0 Mode0 D0: PASS, Error: 0
L15 S0 Mode0 Cycles: accel=90117, streamer=90141, wall=100718
L15 S0 Mode1 D padded-contiguous: PASS, Error: 0
L15 S0 Mode1 Cycles: accel=46594, streamer=46613, wall=106914
L15 l15_padded_2048_per_token total checks: 2, total error: 0
S1 exit 0
L15 l15_padded_2048_per_token staging dataset: bytes=4417024 A_stride=4128 B0_bank=0 B1_bank=34 D0_bank=0 M1D0_bank=32 M1D1_minus_D0=2048 M1_row_stride=4128
L15 S1 Mode0 D0: PASS, Error: 0
L15 S1 Mode0 Cycles: accel=45086, streamer=45110, wall=55712
L15 S1 Mode1 D padded-contiguous: PASS, Error: 0
L15 S1 Mode1 Cycles: accel=23574, streamer=23606, wall=59115
L15 l15_padded_2048_per_token total checks: 2, total error: 0
S2 exit 0
L15 l15_padded_2048_per_token staging dataset: bytes=4417024 A_stride=4128 B0_bank=0 B1_bank=34 D0_bank=0 M1D0_bank=32 M1D1_minus_D0=2048 M1_row_stride=4128
L15 S2 Mode0 D0: PASS, Error: 0
L15 S2 Mode0 Cycles: accel=22549, streamer=22573, wall=33206
L15 S2 Mode1 D padded-contiguous: PASS, Error: 0
L15 S2 Mode1 Cycles: accel=11310, streamer=11342, wall=34421
L15 l15_padded_2048_per_token total checks: 2, total error: 0
