Small MoE K8 8x4 padded-contiguous L15 app: layouts=50 shapes=3
L39 v39_pad32_b0bank48_b1bank18 DMA staging cycles: 3509
L39 v39_pad32_b0bank48_b1bank18 staging dataset: bytes=236032 A_stride=2080 B0_bank=48 B1_bank=18 D0_bank=0 M1D0_bank=32 M1D1_minus_D0=1024 M1_row_stride=2080
L39 v39_pad32_b0bank48_b1bank18 dataset ready
L39 S0 start
L39 S0 Mode0 configure streamer
L39 S0 Mode0 configure core
L39 S0 Mode0 start
L39 S0 Mode0 D0: PASS, Error: 0
L39 S0 Mode0 Cycles: accel=4099, streamer=4134, wall=39700
L39 S0 Mode0 mcycle start-finish: accel=4114, streamer=4150
L39 S0 Mode1 configure streamer
L39 S0 Mode1 configure core
L39 S0 Mode1 start
L39 S0 Mode1 D padded-contiguous: PASS, Error: 0
L39 S0 Mode1 Cycles: accel=2179, streamer=2199, wall=206892
L39 S0 Mode1 mcycle start-finish: accel=2183, streamer=2205
L39 S1 start
L39 S1 Mode0 configure streamer
L39 S1 Mode0 configure core
L39 S1 Mode0 start
L39 S1 Mode0 D0: PASS, Error: 0
L39 S1 Mode0 Cycles: accel=2051, streamer=2086, wall=25402
L39 S1 Mode0 mcycle start-finish: accel=2068, streamer=2093
L39 S1 Mode1 configure streamer
L39 S1 Mode1 configure core
L39 S1 Mode1 start
L39 S1 Mode1 D padded-contiguous: PASS, Error: 0
L39 S1 Mode1 Cycles: accel=1109, streamer=1129, wall=109807
L39 S1 Mode1 mcycle start-finish: accel=1115, streamer=1137
L39 S2 start
L39 S2 Mode0 configure streamer
L39 S2 Mode0 configure core
L39 S2 Mode0 start
L39 S2 Mode0 D0: PASS, Error: 0
L39 S2 Mode0 Cycles: accel=1027, streamer=1062, wall=18500
L39 S2 Mode0 mcycle start-finish: accel=1042, streamer=1067
L39 S2 Mode1 configure streamer
L39 S2 Mode1 configure core
L39 S2 Mode1 start
L39 S2 Mode1 D padded-contiguous: PASS, Error: 0
L39 S2 Mode1 Cycles: accel=543, streamer=563, wall=61402
L39 S2 Mode1 mcycle start-finish: accel=551, streamer=574
L39 v39_pad32_b0bank48_b1bank18 total checks: 6, total error: 0
[fesvr] Wrote 36 bytes of bootrom to 0x1000
[fesvr] Wrote entry point 0x80000000 to bootloader slot 0x1020
[fesvr] Wrote 72 bytes of bootdata to 0x1024
[Tracer] Logging Hart          0 to logs/trace_chip_00_hart_00000.dasm
[Tracer] Logging Hart          1 to logs/trace_chip_00_hart_00001.dasm
