Small MoE K8 8x4 padded-contiguous L15 app: layouts=50 shapes=3
L35 v35_pad32_b0bank08_b1bank34 DMA staging cycles: 3515
L35 v35_pad32_b0bank08_b1bank34 staging dataset: bytes=236032 A_stride=2080 B0_bank=8 B1_bank=34 D0_bank=0 M1D0_bank=32 M1D1_minus_D0=1024 M1_row_stride=2080
L35 v35_pad32_b0bank08_b1bank34 dataset ready
L35 S0 start
L35 S0 Mode0 configure streamer
L35 S0 Mode0 configure core
L35 S0 Mode0 start
L35 S0 Mode0 D0: PASS, Error: 0
L35 S0 Mode0 Cycles: accel=4100, streamer=4135, wall=39700
L35 S0 Mode0 mcycle start-finish: accel=4114, streamer=4150
L35 S0 Mode1 configure streamer
L35 S0 Mode1 configure core
L35 S0 Mode1 start
L35 S0 Mode1 D padded-contiguous: PASS, Error: 0
L35 S0 Mode1 Cycles: accel=2179, streamer=2199, wall=206907
L35 S0 Mode1 mcycle start-finish: accel=2183, streamer=2205
L35 S1 start
L35 S1 Mode0 configure streamer
L35 S1 Mode0 configure core
L35 S1 Mode0 start
L35 S1 Mode0 D0: PASS, Error: 0
L35 S1 Mode0 Cycles: accel=2052, streamer=2087, wall=25402
L35 S1 Mode0 mcycle start-finish: accel=2068, streamer=2093
L35 S1 Mode1 configure streamer
L35 S1 Mode1 configure core
L35 S1 Mode1 start
L35 S1 Mode1 D padded-contiguous: PASS, Error: 0
L35 S1 Mode1 Cycles: accel=1109, streamer=1129, wall=109792
L35 S1 Mode1 mcycle start-finish: accel=1115, streamer=1137
L35 S2 start
L35 S2 Mode0 configure streamer
L35 S2 Mode0 configure core
L35 S2 Mode0 start
L35 S2 Mode0 D0: PASS, Error: 0
L35 S2 Mode0 Cycles: accel=1027, streamer=1062, wall=18590
L35 S2 Mode0 mcycle start-finish: accel=1042, streamer=1067
L35 S2 Mode1 configure streamer
L35 S2 Mode1 configure core
L35 S2 Mode1 start
L35 S2 Mode1 D padded-contiguous: PASS, Error: 0
L35 S2 Mode1 Cycles: accel=543, streamer=563, wall=61402
L35 S2 Mode1 mcycle start-finish: accel=551, streamer=574
L35 v35_pad32_b0bank08_b1bank34 total checks: 6, total error: 0
[fesvr] Wrote 36 bytes of bootrom to 0x1000
[fesvr] Wrote entry point 0x80000000 to bootloader slot 0x1020
[fesvr] Wrote 72 bytes of bootdata to 0x1024
[Tracer] Logging Hart          0 to logs/trace_chip_00_hart_00000.dasm
[Tracer] Logging Hart          1 to logs/trace_chip_00_hart_00001.dasm
