Small MoE K8 8x4 padded-contiguous L15 app: layouts=115 shapes=3
L110 v110_joint_A4_Apanel_bank16 DMA staging cycles: 6892
L110 v110_joint_A4_Apanel_bank16 staging dataset: bytes=247680 A_stride=2080 B0_bank=0 B1_bank=52 D0_bank=0 M1D0_bank=32 M1D1_minus_D0=1024 M1_row_stride=2080 shape_A_strides=[2080,2048,2128]
L110 v110_joint_A4_Apanel_bank16 dataset ready
L110 S0 start
L110 S0 Mode0 configure streamer
L110 S0 Mode0 configure core
L110 S0 Mode0 start
L110 S0 Mode0 D0: PASS, Error: 0
L110 S0 Mode0 Cycles: accel=4240, streamer=4265, wall=30601
L110 S0 Mode0 mcycle start-finish: accel=4243, streamer=4279
L110 S0 Mode1 configure streamer
L110 S0 Mode1 configure core
L110 S0 Mode1 start
L110 S0 Mode1 D padded-contiguous: PASS, Error: 0
L110 S0 Mode1 Cycles: accel=2185, streamer=2205, wall=130127
L110 S0 Mode1 mcycle start-finish: accel=2192, streamer=2214
L110 S1 start
L110 S1 Mode0 configure streamer
L110 S1 Mode0 configure core
L110 S1 Mode0 start
L110 S1 Mode0 D0: PASS, Error: 0
L110 S1 Mode0 Cycles: accel=2211, streamer=2236, wall=21183
L110 S1 Mode0 mcycle start-finish: accel=2214, streamer=2250
L110 S1 Mode1 configure streamer
L110 S1 Mode1 configure core
L110 S1 Mode1 start
L110 S1 Mode1 D padded-contiguous: PASS, Error: 0
L110 S1 Mode1 Cycles: accel=1114, streamer=1134, wall=70823
L110 S1 Mode1 mcycle start-finish: accel=1122, streamer=1144
L110 S2 start
L110 S2 Mode0 configure streamer
L110 S2 Mode0 configure core
L110 S2 Mode0 start
L110 S2 Mode0 D0: PASS, Error: 0
L110 S2 Mode0 Cycles: accel=1086, streamer=1111, wall=16403
L110 S2 Mode0 mcycle start-finish: accel=1092, streamer=1116
L110 S2 Mode1 configure streamer
L110 S2 Mode1 configure core
L110 S2 Mode1 start
L110 S2 Mode1 D padded-contiguous: PASS, Error: 0
L110 S2 Mode1 Cycles: accel=574, streamer=594, wall=43130
L110 S2 Mode1 mcycle start-finish: accel=582, streamer=604
L110 v110_joint_A4_Apanel_bank16 total checks: 6, total error: 0
L111 v111_joint_A4_Apanel_bank32 DMA staging cycles: 6862
L111 v111_joint_A4_Apanel_bank32 staging dataset: bytes=247680 A_stride=2080 B0_bank=0 B1_bank=52 D0_bank=0 M1D0_bank=32 M1D1_minus_D0=1024 M1_row_stride=2080 shape_A_strides=[2080,2048,2128]
L111 v111_joint_A4_Apanel_bank32 dataset ready
L111 S0 start
L111 S0 Mode0 configure streamer
L111 S0 Mode0 configure core
L111 S0 Mode0 start
L111 S0 Mode0 D0: PASS, Error: 0
L111 S0 Mode0 Cycles: accel=4240, streamer=4265, wall=30289
L111 S0 Mode0 mcycle start-finish: accel=4248, streamer=4272
L111 S0 Mode1 configure streamer
L111 S0 Mode1 configure core
L111 S0 Mode1 start
L111 S0 Mode1 D padded-contiguous: PASS, Error: 0
L111 S0 Mode1 Cycles: accel=2185, streamer=2205, wall=129816
L111 S0 Mode1 mcycle start-finish: accel=2190, streamer=2212
L111 S1 start
L111 S1 Mode0 configure streamer
L111 S1 Mode0 configure core
L111 S1 Mode0 start
L111 S1 Mode0 D0: PASS, Error: 0
L111 S1 Mode0 Cycles: accel=2263, streamer=2288, wall=21086
L111 S1 Mode0 mcycle start-finish: accel=2268, streamer=2292
L111 S1 Mode1 configure streamer
L111 S1 Mode1 configure core
L111 S1 Mode1 start
L111 S1 Mode1 D padded-contiguous: PASS, Error: 0
L111 S1 Mode1 Cycles: accel=1114, streamer=1134, wall=70723
L111 S1 Mode1 mcycle start-finish: accel=1122, streamer=1144
L111 S2 start
L111 S2 Mode0 configure streamer
L111 S2 Mode0 configure core
L111 S2 Mode0 start
L111 S2 Mode0 D0: PASS, Error: 0
L111 S2 Mode0 Cycles: accel=1081, streamer=1106, wall=16406
L111 S2 Mode0 mcycle start-finish: accel=1086, streamer=1110
L111 S2 Mode1 configure streamer
L111 S2 Mode1 configure core
L111 S2 Mode1 start
L111 S2 Mode1 D padded-contiguous: PASS, Error: 0
L111 S2 Mode1 Cycles: accel=574, streamer=594, wall=43126
L111 S2 Mode1 mcycle start-finish: accel=582, streamer=604
L111 v111_joint_A4_Apanel_bank32 total checks: 6, total error: 0
L112 v112_joint_A4_Apanel_bank48 DMA staging cycles: 6847
L112 v112_joint_A4_Apanel_bank48 staging dataset: bytes=247680 A_stride=2080 B0_bank=0 B1_bank=52 D0_bank=0 M1D0_bank=32 M1D1_minus_D0=1024 M1_row_stride=2080 shape_A_strides=[2080,2048,2128]
L112 v112_joint_A4_Apanel_bank48 dataset ready
L112 S0 start
L112 S0 Mode0 configure streamer
L112 S0 Mode0 configure core
L112 S0 Mode0 start
L112 S0 Mode0 D0: PASS, Error: 0
L112 S0 Mode0 Cycles: accel=4238, streamer=4263, wall=30190
L112 S0 Mode0 mcycle start-finish: accel=4242, streamer=4272
L112 S0 Mode1 configure streamer
L112 S0 Mode1 configure core
L112 S0 Mode1 start
L112 S0 Mode1 D padded-contiguous: PASS, Error: 0
L112 S0 Mode1 Cycles: accel=2185, streamer=2205, wall=129909
L112 S0 Mode1 mcycle start-finish: accel=2190, streamer=2212
L112 S1 start
L112 S1 Mode0 configure streamer
L112 S1 Mode0 configure core
L112 S1 Mode0 start
L112 S1 Mode0 D0: PASS, Error: 0
L112 S1 Mode0 Cycles: accel=2263, streamer=2288, wall=21104
L112 S1 Mode0 mcycle start-finish: accel=2268, streamer=2292
L112 S1 Mode1 configure streamer
L112 S1 Mode1 configure core
L112 S1 Mode1 start
L112 S1 Mode1 D padded-contiguous: PASS, Error: 0
L112 S1 Mode1 Cycles: accel=1114, streamer=1134, wall=70720
L112 S1 Mode1 mcycle start-finish: accel=1122, streamer=1144
L112 S2 start
L112 S2 Mode0 configure streamer
L112 S2 Mode0 configure core
L112 S2 Mode0 start
L112 S2 Mode0 D0: PASS, Error: 0
L112 S2 Mode0 Cycles: accel=1084, streamer=1109, wall=16290
L112 S2 Mode0 mcycle start-finish: accel=1092, streamer=1116
L112 S2 Mode1 configure streamer
L112 S2 Mode1 configure core
L112 S2 Mode1 start
L112 S2 Mode1 D padded-contiguous: PASS, Error: 0
L112 S2 Mode1 Cycles: accel=574, streamer=594, wall=43119
L112 S2 Mode1 mcycle start-finish: accel=582, streamer=604
L112 v112_joint_A4_Apanel_bank48 total checks: 6, total error: 0
L113 v113_joint_A4_Apanel_bank16_B1bank34 DMA staging cycles: 6858
L113 v113_joint_A4_Apanel_bank16_B1bank34 staging dataset: bytes=247680 A_stride=2080 B0_bank=0 B1_bank=34 D0_bank=0 M1D0_bank=32 M1D1_minus_D0=1024 M1_row_stride=2080 shape_A_strides=[2080,2048,2128]
L113 v113_joint_A4_Apanel_bank16_B1bank34 dataset ready
L113 S0 start
L113 S0 Mode0 configure streamer
L113 S0 Mode0 configure core
L113 S0 Mode0 start
L113 S0 Mode0 D0: PASS, Error: 0
L113 S0 Mode0 Cycles: accel=4234, streamer=4259, wall=30089
L113 S0 Mode0 mcycle start-finish: accel=4242, streamer=4266
L113 S0 Mode1 configure streamer
L113 S0 Mode1 configure core
L113 S0 Mode1 start
L113 S0 Mode1 D padded-contiguous: PASS, Error: 0
L113 S0 Mode1 Cycles: accel=2185, streamer=2205, wall=129821
L113 S0 Mode1 mcycle start-finish: accel=2190, streamer=2212
L113 S1 start
L113 S1 Mode0 configure streamer
L113 S1 Mode0 configure core
L113 S1 Mode0 start
L113 S1 Mode0 D0: PASS, Error: 0
L113 S1 Mode0 Cycles: accel=2217, streamer=2242, wall=21096
L113 S1 Mode0 mcycle start-finish: accel=2220, streamer=2250
L113 S1 Mode1 configure streamer
L113 S1 Mode1 configure core
L113 S1 Mode1 start
L113 S1 Mode1 D padded-contiguous: PASS, Error: 0
L113 S1 Mode1 Cycles: accel=1114, streamer=1134, wall=70729
L113 S1 Mode1 mcycle start-finish: accel=1122, streamer=1144
L113 S2 start
L113 S2 Mode0 configure streamer
L113 S2 Mode0 configure core
L113 S2 Mode0 start
L113 S2 Mode0 D0: PASS, Error: 0
L113 S2 Mode0 Cycles: accel=1090, streamer=1115, wall=16404
L113 S2 Mode0 mcycle start-finish: accel=1098, streamer=1122
L113 S2 Mode1 configure streamer
L113 S2 Mode1 configure core
L113 S2 Mode1 start
L113 S2 Mode1 D padded-contiguous: PASS, Error: 0
L113 S2 Mode1 Cycles: accel=574, streamer=594, wall=43118
L113 S2 Mode1 mcycle start-finish: accel=582, streamer=604
L113 v113_joint_A4_Apanel_bank16_B1bank34 total checks: 6, total error: 0
L114 v114_joint_A4_Apanel_bank32_B1bank34 DMA staging cycles: 6855
L114 v114_joint_A4_Apanel_bank32_B1bank34 staging dataset: bytes=247680 A_stride=2080 B0_bank=0 B1_bank=34 D0_bank=0 M1D0_bank=32 M1D1_minus_D0=1024 M1_row_stride=2080 shape_A_strides=[2080,2048,2128]
L114 v114_joint_A4_Apanel_bank32_B1bank34 dataset ready
L114 S0 start
L114 S0 Mode0 configure streamer
L114 S0 Mode0 configure core
L114 S0 Mode0 start
L114 S0 Mode0 D0: PASS, Error: 0
L114 S0 Mode0 Cycles: accel=4235, streamer=4260, wall=30102
L114 S0 Mode0 mcycle start-finish: accel=4242, streamer=4266
L114 S0 Mode1 configure streamer
L114 S0 Mode1 configure core
L114 S0 Mode1 start
L114 S0 Mode1 D padded-contiguous: PASS, Error: 0
L114 S0 Mode1 Cycles: accel=2185, streamer=2205, wall=129714
L114 S0 Mode1 mcycle start-finish: accel=2190, streamer=2212
L114 S1 start
L114 S1 Mode0 configure streamer
L114 S1 Mode0 configure core
L114 S1 Mode0 start
L114 S1 Mode0 D0: PASS, Error: 0
L114 S1 Mode0 Cycles: accel=2232, streamer=2257, wall=20998
L114 S1 Mode0 mcycle start-finish: accel=2238, streamer=2262
L114 S1 Mode1 configure streamer
L114 S1 Mode1 configure core
L114 S1 Mode1 start
L114 S1 Mode1 D padded-contiguous: PASS, Error: 0
L114 S1 Mode1 Cycles: accel=1114, streamer=1134, wall=70623
L114 S1 Mode1 mcycle start-finish: accel=1122, streamer=1144
L114 S2 start
L114 S2 Mode0 configure streamer
L114 S2 Mode0 configure core
L114 S2 Mode0 start
L114 S2 Mode0 D0: PASS, Error: 0
L114 S2 Mode0 Cycles: accel=1089, streamer=1114, wall=16395
L114 S2 Mode0 mcycle start-finish: accel=1092, streamer=1122
L114 S2 Mode1 configure streamer
L114 S2 Mode1 configure core
L114 S2 Mode1 start
L114 S2 Mode1 D padded-contiguous: PASS, Error: 0
L114 S2 Mode1 Cycles: accel=574, streamer=594, wall=43115
L114 S2 Mode1 mcycle start-finish: accel=582, streamer=604
L114 v114_joint_A4_Apanel_bank32_B1bank34 total checks: 6, total error: 0
[fesvr] Wrote 36 bytes of bootrom to 0x1000
[fesvr] Wrote entry point 0x80000000 to bootloader slot 0x1020
[fesvr] Wrote 72 bytes of bootdata to 0x1024
[Tracer] Logging Hart          0 to logs/trace_chip_00_hart_00000.dasm
[Tracer] Logging Hart          1 to logs/trace_chip_00_hart_00001.dasm
