Small MoE K8 8x4 padded-contiguous L15 app: layouts=80 shapes=3
L78 v78_shapeA_48_0_80_s0linearD DMA staging cycles: 4024
L78 v78_shapeA_48_0_80_s0linearD staging dataset: bytes=268160 A_stride=2096 B0_bank=0 B1_bank=52 D0_bank=0 M1D0_bank=32 M1D1_minus_D0=1024 M1_row_stride=2096 shape_A_strides=[2096,2048,2128]
L78 v78_shapeA_48_0_80_s0linearD dataset ready
L78 S0 start
L78 S0 Mode0 configure streamer
L78 S0 Mode0 configure core
L78 S0 Mode0 start
L78 S0 Mode0 D0: PASS, Error: 0
L78 S0 Mode0 Cycles: accel=4100, streamer=4126, wall=39694
L78 S0 Mode0 mcycle start-finish: accel=4107, streamer=4143
L78 S0 Mode1 configure streamer
L78 S0 Mode1 configure core
L78 S0 Mode1 start
L78 S0 Mode1 D padded-contiguous: PASS, Error: 0
L78 S0 Mode1 Cycles: accel=2234, streamer=2254, wall=208231
L78 S0 Mode1 mcycle start-finish: accel=2239, streamer=2261
L78 S1 start
L78 S1 Mode0 configure streamer
L78 S1 Mode0 configure core
L78 S1 Mode0 start
L78 S1 Mode0 D0: PASS, Error: 0
L78 S1 Mode0 Cycles: accel=2061, streamer=2087, wall=25610
L78 S1 Mode0 mcycle start-finish: accel=2068, streamer=2104
L78 S1 Mode1 configure streamer
L78 S1 Mode1 configure core
L78 S1 Mode1 start
L78 S1 Mode1 D padded-contiguous: PASS, Error: 0
L78 S1 Mode1 Cycles: accel=1106, streamer=1126, wall=108195
L78 S1 Mode1 mcycle start-finish: accel=1110, streamer=1133
L78 S2 start
L78 S2 Mode0 configure streamer
L78 S2 Mode0 configure core
L78 S2 Mode0 start
L78 S2 Mode0 D0: PASS, Error: 0
L78 S2 Mode0 Cycles: accel=1033, streamer=1059, wall=18508
L78 S2 Mode0 mcycle start-finish: accel=1042, streamer=1067
L78 S2 Mode1 configure streamer
L78 S2 Mode1 configure core
L78 S2 Mode1 start
L78 S2 Mode1 D padded-contiguous: PASS, Error: 0
L78 S2 Mode1 Cycles: accel=535, streamer=555, wall=62496
L78 S2 Mode1 mcycle start-finish: accel=541, streamer=563
L78 v78_shapeA_48_0_80_s0linearD total checks: 6, total error: 0
[fesvr] Wrote 36 bytes of bootrom to 0x1000
[fesvr] Wrote entry point 0x80000000 to bootloader slot 0x1020
[fesvr] Wrote 72 bytes of bootdata to 0x1024
[Tracer] Logging Hart          0 to logs/trace_chip_00_hart_00000.dasm
[Tracer] Logging Hart          1 to logs/trace_chip_00_hart_00001.dasm
