Small MoE K8 8x4 padded-contiguous L15 app: layouts=95 shapes=3
L92 v92_shapeA_32_0_80_s0_s1_s2lin16 DMA staging cycles: 4110
L92 v92_shapeA_32_0_80_s0_s1_s2lin16 staging dataset: bytes=268160 A_stride=2080 B0_bank=0 B1_bank=52 D0_bank=0 M1D0_bank=32 M1D1_minus_D0=1024 M1_row_stride=2080 shape_A_strides=[2080,2048,2128]
L92 v92_shapeA_32_0_80_s0_s1_s2lin16 dataset ready
L92 S0 start
L92 S0 Mode0 configure streamer
L92 S0 Mode0 configure core
L92 S0 Mode0 start
L92 S0 Mode0 D0: PASS, Error: 0
L92 S0 Mode0 Cycles: accel=4101, streamer=4126, wall=39684
L92 S0 Mode0 mcycle start-finish: accel=4108, streamer=4143
L92 S0 Mode1 configure streamer
L92 S0 Mode1 configure core
L92 S0 Mode1 start
L92 S0 Mode1 D padded-contiguous: PASS, Error: 0
L92 S0 Mode1 Cycles: accel=2179, streamer=2199, wall=206723
L92 S0 Mode1 mcycle start-finish: accel=2187, streamer=2219
L92 S1 start
L92 S1 Mode0 configure streamer
L92 S1 Mode0 configure core
L92 S1 Mode0 start
L92 S1 Mode0 D0: PASS, Error: 0
L92 S1 Mode0 Cycles: accel=2061, streamer=2086, wall=36402
L92 S1 Mode0 mcycle start-finish: accel=2068, streamer=2092
L92 S1 Mode1 configure streamer
L92 S1 Mode1 configure core
L92 S1 Mode1 start
L92 S1 Mode1 D padded-contiguous: PASS, Error: 0
L92 S1 Mode1 Cycles: accel=1107, streamer=1127, wall=108192
L92 S1 Mode1 mcycle start-finish: accel=1113, streamer=1135
L92 S2 start
L92 S2 Mode0 configure streamer
L92 S2 Mode0 configure core
L92 S2 Mode0 start
L92 S2 Mode0 D0: PASS, Error: 0
L92 S2 Mode0 Cycles: accel=1036, streamer=1061, wall=35105
L92 S2 Mode0 mcycle start-finish: accel=1042, streamer=1067
L92 S2 Mode1 configure streamer
L92 S2 Mode1 configure core
L92 S2 Mode1 start
L92 S2 Mode1 D padded-contiguous: PASS, Error: 0
L92 S2 Mode1 Cycles: accel=564, streamer=584, wall=62297
L92 S2 Mode1 mcycle start-finish: accel=567, streamer=589
L92 v92_shapeA_32_0_80_s0_s1_s2lin16 total checks: 6, total error: 0
[fesvr] Wrote 36 bytes of bootrom to 0x1000
[fesvr] Wrote entry point 0x80000000 to bootloader slot 0x1020
[fesvr] Wrote 72 bytes of bootdata to 0x1024
[Tracer] Logging Hart          0 to logs/trace_chip_00_hart_00000.dasm
[Tracer] Logging Hart          1 to logs/trace_chip_00_hart_00001.dasm
