## V90 rc=0
L90 v90_shapeA_32_0_80_s0_s1_s2lin4 staging dataset: bytes=268160 A_stride=2080 B0_bank=0 B1_bank=52 D0_bank=0 M1D0_bank=32 M1D1_minus_D0=1024 M1_row_stride=2080 shape_A_strides=[2080,2048,2128]
L90 S0 Mode0 D0: PASS, Error: 0
L90 S0 Mode0 Cycles: accel=4101, streamer=4126, wall=39801
L90 S0 Mode1 D padded-contiguous: PASS, Error: 0
L90 S0 Mode1 Cycles: accel=2179, streamer=2199, wall=206719
L90 S1 Mode0 D0: PASS, Error: 0
L90 S1 Mode0 Cycles: accel=2061, streamer=2086, wall=36383
L90 S1 Mode1 D padded-contiguous: PASS, Error: 0
L90 S1 Mode1 Cycles: accel=1107, streamer=1127, wall=108187
L90 S2 Mode0 D0: PASS, Error: 0
L90 S2 Mode0 Cycles: accel=1033, streamer=1058, wall=18399
L90 S2 Mode1 D padded-contiguous: PASS, Error: 0
L90 S2 Mode1 Cycles: accel=570, streamer=590, wall=62501
L90 v90_shapeA_32_0_80_s0_s1_s2lin4 total checks: 6, total error: 0

## V91 rc=0
L91 v91_shapeA_32_0_80_s0_s1_s2lin8 staging dataset: bytes=268160 A_stride=2080 B0_bank=0 B1_bank=52 D0_bank=0 M1D0_bank=32 M1D1_minus_D0=1024 M1_row_stride=2080 shape_A_strides=[2080,2048,2128]
L91 S0 Mode0 D0: PASS, Error: 0
L91 S0 Mode0 Cycles: accel=4101, streamer=4126, wall=39684
L91 S0 Mode1 D padded-contiguous: PASS, Error: 0
L91 S0 Mode1 Cycles: accel=2179, streamer=2199, wall=206723
L91 S1 Mode0 D0: PASS, Error: 0
L91 S1 Mode0 Cycles: accel=2061, streamer=2086, wall=36402
L91 S1 Mode1 D padded-contiguous: PASS, Error: 0
L91 S1 Mode1 Cycles: accel=1107, streamer=1127, wall=108192
L91 S2 Mode0 D0: PASS, Error: 0
L91 S2 Mode0 Cycles: accel=1035, streamer=1060, wall=23900
L91 S2 Mode1 D padded-contiguous: PASS, Error: 0
L91 S2 Mode1 Cycles: accel=578, streamer=598, wall=62390
L91 v91_shapeA_32_0_80_s0_s1_s2lin8 total checks: 6, total error: 0

## V92 rc=0
L92 v92_shapeA_32_0_80_s0_s1_s2lin16 staging dataset: bytes=268160 A_stride=2080 B0_bank=0 B1_bank=52 D0_bank=0 M1D0_bank=32 M1D1_minus_D0=1024 M1_row_stride=2080 shape_A_strides=[2080,2048,2128]
L92 S0 Mode0 D0: PASS, Error: 0
L92 S0 Mode0 Cycles: accel=4101, streamer=4126, wall=39684
L92 S0 Mode1 D padded-contiguous: PASS, Error: 0
L92 S0 Mode1 Cycles: accel=2179, streamer=2199, wall=206723
L92 S1 Mode0 D0: PASS, Error: 0
L92 S1 Mode0 Cycles: accel=2061, streamer=2086, wall=36402
L92 S1 Mode1 D padded-contiguous: PASS, Error: 0
L92 S1 Mode1 Cycles: accel=1107, streamer=1127, wall=108192
L92 S2 Mode0 D0: PASS, Error: 0
L92 S2 Mode0 Cycles: accel=1036, streamer=1061, wall=35105
L92 S2 Mode1 D padded-contiguous: PASS, Error: 0
L92 S2 Mode1 Cycles: accel=564, streamer=584, wall=62297
L92 v92_shapeA_32_0_80_s0_s1_s2lin16 total checks: 6, total error: 0

## V93 rc=0
L93 v93_shapeA_32_0_96_s0_s1_s2lin16 staging dataset: bytes=268288 A_stride=2080 B0_bank=0 B1_bank=52 D0_bank=0 M1D0_bank=32 M1D1_minus_D0=1024 M1_row_stride=2080 shape_A_strides=[2080,2048,2144]
L93 S0 Mode0 D0: PASS, Error: 0
L93 S0 Mode0 Cycles: accel=4101, streamer=4126, wall=39801
L93 S0 Mode1 D padded-contiguous: PASS, Error: 0
L93 S0 Mode1 Cycles: accel=2179, streamer=2199, wall=206719
L93 S1 Mode0 D0: PASS, Error: 0
L93 S1 Mode0 Cycles: accel=2061, streamer=2086, wall=36488
L93 S1 Mode1 D padded-contiguous: PASS, Error: 0
L93 S1 Mode1 Cycles: accel=1107, streamer=1127, wall=108187
L93 S2 Mode0 D0: PASS, Error: 0
L93 S2 Mode0 Cycles: accel=1036, streamer=1061, wall=34890
L93 S2 Mode1 D padded-contiguous: PASS, Error: 0
L93 S2 Mode1 Cycles: accel=565, streamer=585, wall=62743
L93 v93_shapeA_32_0_96_s0_s1_s2lin16 total checks: 6, total error: 0

## V94 rc=0
L94 v94_shapeA_32_0_80_s0_s2lin16 staging dataset: bytes=268160 A_stride=2080 B0_bank=0 B1_bank=52 D0_bank=0 M1D0_bank=32 M1D1_minus_D0=1024 M1_row_stride=2080 shape_A_strides=[2080,2048,2128]
L94 S0 Mode0 D0: PASS, Error: 0
L94 S0 Mode0 Cycles: accel=4101, streamer=4126, wall=39684
L94 S0 Mode1 D padded-contiguous: PASS, Error: 0
L94 S0 Mode1 Cycles: accel=2179, streamer=2199, wall=206723
L94 S1 Mode0 D0: PASS, Error: 0
L94 S1 Mode0 Cycles: accel=2059, streamer=2084, wall=25302
L94 S1 Mode1 D padded-contiguous: PASS, Error: 0
L94 S1 Mode1 Cycles: accel=1106, streamer=1126, wall=108192
L94 S2 Mode0 D0: PASS, Error: 0
L94 S2 Mode0 Cycles: accel=1036, streamer=1061, wall=35000
L94 S2 Mode1 D padded-contiguous: PASS, Error: 0
L94 S2 Mode1 Cycles: accel=564, streamer=584, wall=62402
L94 v94_shapeA_32_0_80_s0_s2lin16 total checks: 6, total error: 0

