Small MoE K8 8x4 padded-contiguous L15 app: layouts=50 shapes=3
L41 v41_pad16_w2lbank40_m1bank08 DMA staging cycles: 3525
L41 v41_pad16_w2lbank40_m1bank08 staging dataset: bytes=235712 A_stride=2064 B0_bank=0 B1_bank=34 D0_bank=0 M1D0_bank=8 M1D1_minus_D0=1024 M1_row_stride=2064
L41 v41_pad16_w2lbank40_m1bank08 dataset ready
L41 S0 start
L41 S0 Mode0 configure streamer
L41 S0 Mode0 configure core
L41 S0 Mode0 start
L41 S0 Mode0 D0: PASS, Error: 0
L41 S0 Mode0 Cycles: accel=4112, streamer=4138, wall=39611
L41 S0 Mode0 mcycle start-finish: accel=4119, streamer=4154
L41 S0 Mode1 configure streamer
L41 S0 Mode1 configure core
L41 S0 Mode1 start
L41 S0 Mode1 D padded-contiguous: PASS, Error: 0
L41 S0 Mode1 Cycles: accel=2499, streamer=2519, wall=205690
L41 S0 Mode1 mcycle start-finish: accel=2507, streamer=2542
L41 S1 start
L41 S1 Mode0 configure streamer
L41 S1 Mode0 configure core
L41 S1 Mode0 start
L41 S1 Mode0 D0: PASS, Error: 0
L41 S1 Mode0 Cycles: accel=2058, streamer=2084, wall=25399
L41 S1 Mode0 mcycle start-finish: accel=2067, streamer=2102
L41 S1 Mode1 configure streamer
L41 S1 Mode1 configure core
L41 S1 Mode1 start
L41 S1 Mode1 D padded-contiguous: PASS, Error: 0
L41 S1 Mode1 Cycles: accel=1156, streamer=1176, wall=109101
L41 S1 Mode1 mcycle start-finish: accel=1163, streamer=1198
L41 S2 start
L41 S2 Mode0 configure streamer
L41 S2 Mode0 configure core
L41 S2 Mode0 start
L41 S2 Mode0 D0: PASS, Error: 0
L41 S2 Mode0 Cycles: accel=1035, streamer=1061, wall=18395
L41 S2 Mode0 mcycle start-finish: accel=1041, streamer=1071
L41 S2 Mode1 configure streamer
L41 S2 Mode1 configure core
L41 S2 Mode1 start
L41 S2 Mode1 D padded-contiguous: PASS, Error: 0
L41 S2 Mode1 Cycles: accel=586, streamer=606, wall=61005
L41 S2 Mode1 mcycle start-finish: accel=594, streamer=613
L41 v41_pad16_w2lbank40_m1bank08 total checks: 6, total error: 0
[fesvr] Wrote 36 bytes of bootrom to 0x1000
[fesvr] Wrote entry point 0x80000000 to bootloader slot 0x1020
[fesvr] Wrote 72 bytes of bootdata to 0x1024
[Tracer] Logging Hart          0 to logs/trace_chip_00_hart_00000.dasm
[Tracer] Logging Hart          1 to logs/trace_chip_00_hart_00001.dasm
