Small MoE K8 8x4 padded-contiguous L15 app: layouts=50 shapes=3
L42 v42_pad24_w2lbank56_m1bank24 DMA staging cycles: 3526
L42 v42_pad24_w2lbank56_m1bank24 staging dataset: bytes=235904 A_stride=2072 B0_bank=0 B1_bank=52 D0_bank=0 M1D0_bank=24 M1D1_minus_D0=1024 M1_row_stride=2072
L42 v42_pad24_w2lbank56_m1bank24 dataset ready
L42 S0 start
L42 S0 Mode0 configure streamer
L42 S0 Mode0 configure core
L42 S0 Mode0 start
L42 S0 Mode0 D0: PASS, Error: 0
L42 S0 Mode0 Cycles: accel=4104, streamer=4130, wall=39605
L42 S0 Mode0 mcycle start-finish: accel=4113, streamer=4148
L42 S0 Mode1 configure streamer
L42 S0 Mode1 configure core
L42 S0 Mode1 start
L42 S0 Mode1 D padded-contiguous: PASS, Error: 0
L42 S0 Mode1 Cycles: accel=2482, streamer=2502, wall=206393
L42 S0 Mode1 mcycle start-finish: accel=2489, streamer=2524
L42 S1 start
L42 S1 Mode0 configure streamer
L42 S1 Mode0 configure core
L42 S1 Mode0 start
L42 S1 Mode0 D0: PASS, Error: 0
L42 S1 Mode0 Cycles: accel=2056, streamer=2082, wall=25408
L42 S1 Mode0 mcycle start-finish: accel=2061, streamer=2096
L42 S1 Mode1 configure streamer
L42 S1 Mode1 configure core
L42 S1 Mode1 start
L42 S1 Mode1 D padded-contiguous: PASS, Error: 0
L42 S1 Mode1 Cycles: accel=1164, streamer=1184, wall=109505
L42 S1 Mode1 mcycle start-finish: accel=1169, streamer=1204
L42 S2 start
L42 S2 Mode0 configure streamer
L42 S2 Mode0 configure core
L42 S2 Mode0 start
L42 S2 Mode0 D0: PASS, Error: 0
L42 S2 Mode0 Cycles: accel=1034, streamer=1060, wall=18389
L42 S2 Mode0 mcycle start-finish: accel=1041, streamer=1065
L42 S2 Mode1 configure streamer
L42 S2 Mode1 configure core
L42 S2 Mode1 start
L42 S2 Mode1 D padded-contiguous: PASS, Error: 0
L42 S2 Mode1 Cycles: accel=568, streamer=588, wall=61186
L42 S2 Mode1 mcycle start-finish: accel=576, streamer=595
L42 v42_pad24_w2lbank56_m1bank24 total checks: 6, total error: 0
[fesvr] Wrote 36 bytes of bootrom to 0x1000
[fesvr] Wrote entry point 0x80000000 to bootloader slot 0x1020
[fesvr] Wrote 72 bytes of bootdata to 0x1024
[Tracer] Logging Hart          0 to logs/trace_chip_00_hart_00000.dasm
[Tracer] Logging Hart          1 to logs/trace_chip_00_hart_00001.dasm
