Small MoE K8 8x4 padded-contiguous L15 app: layouts=50 shapes=3
L40 v40_pad00_w2lbank40_m1bank08 DMA staging cycles: 3507
L40 v40_pad00_w2lbank40_m1bank08 staging dataset: bytes=234560 A_stride=2048 B0_bank=0 B1_bank=34 D0_bank=0 M1D0_bank=8 M1D1_minus_D0=1024 M1_row_stride=2048
L40 v40_pad00_w2lbank40_m1bank08 dataset ready
L40 S0 start
L40 S0 Mode0 configure streamer
L40 S0 Mode0 configure core
L40 S0 Mode0 start
L40 S0 Mode0 D0: PASS, Error: 0
L40 S0 Mode0 Cycles: accel=4891, streamer=4917, wall=40497
L40 S0 Mode0 mcycle start-finish: accel=4899, streamer=4933
L40 S0 Mode1 configure streamer
L40 S0 Mode1 configure core
L40 S0 Mode1 start
L40 S0 Mode1 D padded-contiguous: PASS, Error: 0
L40 S0 Mode1 Cycles: accel=2544, streamer=2576, wall=204193
L40 S0 Mode1 mcycle start-finish: accel=2549, streamer=2596
L40 S1 start
L40 S1 Mode0 configure streamer
L40 S1 Mode0 configure core
L40 S1 Mode0 start
L40 S1 Mode0 D0: PASS, Error: 0
L40 S1 Mode0 Cycles: accel=2061, streamer=2087, wall=25509
L40 S1 Mode0 mcycle start-finish: accel=2067, streamer=2096
L40 S1 Mode1 configure streamer
L40 S1 Mode1 configure core
L40 S1 Mode1 start
L40 S1 Mode1 D padded-contiguous: PASS, Error: 0
L40 S1 Mode1 Cycles: accel=1142, streamer=1174, wall=108313
L40 S1 Mode1 mcycle start-finish: accel=1145, streamer=1192
L40 S2 start
L40 S2 Mode0 configure streamer
L40 S2 Mode0 configure core
L40 S2 Mode0 start
L40 S2 Mode0 D0: PASS, Error: 0
L40 S2 Mode0 Cycles: accel=1035, streamer=1061, wall=18402
L40 S2 Mode0 mcycle start-finish: accel=1041, streamer=1071
L40 S2 Mode1 configure streamer
L40 S2 Mode1 configure core
L40 S2 Mode1 start
L40 S2 Mode1 D padded-contiguous: PASS, Error: 0
L40 S2 Mode1 Cycles: accel=583, streamer=615, wall=60700
L40 S2 Mode1 mcycle start-finish: accel=587, streamer=634
L40 v40_pad00_w2lbank40_m1bank08 total checks: 6, total error: 0
[fesvr] Wrote 36 bytes of bootrom to 0x1000
[fesvr] Wrote entry point 0x80000000 to bootloader slot 0x1020
[fesvr] Wrote 72 bytes of bootdata to 0x1024
[Tracer] Logging Hart          0 to logs/trace_chip_00_hart_00000.dasm
[Tracer] Logging Hart          1 to logs/trace_chip_00_hart_00001.dasm
