Small MoE K8 8x4 padded-contiguous L15 app: layouts=5 shapes=3
L1 v01_compact_token_no_pad_b1bank34 DMA staging cycles: 3507
L1 v01_compact_token_no_pad_b1bank34 staging dataset: bytes=233728 A_stride=2048 B0_bank=0 B1_bank=34 D0_bank=0 M1D0_bank=32 M1D1_minus_D0=1024 M1_row_stride=2048
L1 v01_compact_token_no_pad_b1bank34 dataset ready
L1 S0 start
L1 S0 Mode0 configure streamer
L1 S0 Mode0 configure core
L1 S0 Mode0 start
L1 S0 Mode0 D0: PASS, Error: 0
L1 S0 Mode0 Cycles: accel=4892, streamer=4917, wall=40207
L1 S0 Mode0 mcycle start-finish: accel=4897, streamer=4929
L1 S0 Mode1 configure streamer
L1 S0 Mode1 configure core
L1 S0 Mode1 start
Unequals. output[2048] = 10240, golden[2048] = 0
Unequals. output[2049] = 10240, golden[2049] = 0
Unequals. output[2050] = 10240, golden[2050] = 0
Unequals. output[2051] = 10240, golden[2051] = 0
Unequals. output[2052] = 10240, golden[2052] = 0
Unequals. output[2053] = 10240, golden[2053] = 0
Unequals. output[2054] = 10240, golden[2054] = 0
Unequals. output[2055] = 10240, golden[2055] = 0
Unequals. output[2056] = 10240, golden[2056] = 0
Unequals. output[2057] = 10240, golden[2057] = 0
Unequals. output[2058] = 10240, golden[2058] = 0
Unequals. output[2059] = 10240, golden[2059] = 0
Unequals. output[2060] = 10240, golden[2060] = 0
Unequals. output[2061] = 10240, golden[2061] = 0
Unequals. output[2062] = 10240, golden[2062] = 0
Unequals. output[2063] = 10240, golden[2063] = 0
Mismatch print capped at 16 of 864 errors
L1 S0 Mode1 D padded-contiguous: FAIL, Error: 864
L1 S0 Mode1 Cycles: accel=2513, streamer=2533, wall=295100
L1 S0 Mode1 mcycle start-finish: accel=2521, streamer=2543
L1 S1 start
L1 S1 Mode0 configure streamer
L1 S1 Mode0 configure core
L1 S1 Mode0 start
L1 S1 Mode0 D0: PASS, Error: 0
L1 S1 Mode0 Cycles: accel=2062, streamer=2087, wall=25202
L1 S1 Mode0 mcycle start-finish: accel=2065, streamer=2102
L1 S1 Mode1 configure streamer
L1 S1 Mode1 configure core
L1 S1 Mode1 start
Unequals. output[2048] = 10240, golden[2048] = 0
Unequals. output[2049] = 10240, golden[2049] = 0
Unequals. output[2050] = 10240, golden[2050] = 0
Unequals. output[2051] = 10240, golden[2051] = 0
Unequals. output[2052] = 10240, golden[2052] = 0
Unequals. output[2053] = 10240, golden[2053] = 0
Unequals. output[2054] = 10240, golden[2054] = 0
Unequals. output[2055] = 10240, golden[2055] = 0
Unequals. output[2056] = 10240, golden[2056] = 0
Unequals. output[2057] = 10240, golden[2057] = 0
Unequals. output[2058] = 10240, golden[2058] = 0
Unequals. output[2059] = 10240, golden[2059] = 0
Unequals. output[2060] = 10240, golden[2060] = 0
Unequals. output[2061] = 10240, golden[2061] = 0
Unequals. output[2062] = 10240, golden[2062] = 0
Unequals. output[2063] = 10240, golden[2063] = 0
Mismatch print capped at 16 of 160 errors
L1 S1 Mode1 D padded-contiguous: FAIL, Error: 160
L1 S1 Mode1 Cycles: accel=1106, streamer=1126, wall=197102
L1 S1 Mode1 mcycle start-finish: accel=1110, streamer=1132
L1 S2 start
L1 S2 Mode0 configure streamer
L1 S2 Mode0 configure core
L1 S2 Mode0 start
L1 S2 Mode0 D0: PASS, Error: 0
L1 S2 Mode0 Cycles: accel=1036, streamer=1061, wall=18098
L1 S2 Mode0 mcycle start-finish: accel=1039, streamer=1076
L1 S2 Mode1 configure streamer
L1 S2 Mode1 configure core
L1 S2 Mode1 start
Unequals. output[1024] = -1920, golden[1024] = 0
Unequals. output[1025] = -1920, golden[1025] = 0
Unequals. output[1026] = -1920, golden[1026] = 0
Unequals. output[1027] = -1920, golden[1027] = 0
Unequals. output[1028] = -1920, golden[1028] = 0
Unequals. output[1029] = -1920, golden[1029] = 0
Unequals. output[1030] = -1920, golden[1030] = 0
Unequals. output[1031] = -1920, golden[1031] = 0
Unequals. output[1032] = -1920, golden[1032] = 0
Unequals. output[1033] = -1920, golden[1033] = 0
Unequals. output[1034] = -1920, golden[1034] = 0
Unequals. output[1035] = -1920, golden[1035] = 0
Unequals. output[1036] = -1920, golden[1036] = 0
Unequals. output[1037] = -1920, golden[1037] = 0
Unequals. output[1038] = -1920, golden[1038] = 0
Unequals. output[1039] = -1920, golden[1039] = 0
Mismatch print capped at 16 of 32 errors
L1 S2 Mode1 D padded-contiguous: FAIL, Error: 32
L1 S2 Mode1 Cycles: accel=545, streamer=565, wall=148997
L1 S2 Mode1 mcycle start-finish: accel=552, streamer=574
L1 v01_compact_token_no_pad_b1bank34 total checks: 6, total error: 1056
[fesvr] Wrote 36 bytes of bootrom to 0x1000
[fesvr] Wrote entry point 0x80000000 to bootloader slot 0x1020
[fesvr] Wrote 72 bytes of bootdata to 0x1024
[Tracer] Logging Hart          0 to logs/trace_chip_00_hart_00000.dasm
[Tracer] Logging Hart          1 to logs/trace_chip_00_hart_00001.dasm
