K8 8x4 Mode1 per-token layout exploration: layouts=50 shapes=3
L17 a32_b1_bank34_w2l16_w2r48_m1d0_32 staging dataset: bytes=4417808 A_stride=4128 B0_bank=0 B1_bank=34 D0_bank=0
L17 a32_b1_bank34_w2l16_w2r48_m1d0_32 dataset ready
L17 S0 start
L17 S0 Mode0 configure streamer
L17 S0 Mode0 configure core
L17 S0 Mode0 start
L17 S0 Mode0 wait accel
L17 S0 Mode0 wait writer
L17 S0 Mode0 D0: PASS, Error: 0
L17 S0 Mode0 Cycles: accel=90117, streamer=90141, wall=100810
L17 S0 Mode1 configure streamer
L17 S0 Mode1 configure core
L17 S0 Mode1 start
L17 S0 Mode1 wait accel
L17 S0 Mode1 wait writer
L17 S0 Mode1 D0: PASS, Error: 0
L17 S0 Mode1 D1: PASS, Error: 0
L17 S0 Mode1 Cycles: accel=47899, streamer=47917, wall=58811
L17 a32_b1_bank34_w2l16_w2r48_m1d0_32 total checks: 3, total error: 0
[fesvr] Wrote 36 bytes of bootrom to 0x1000
[fesvr] Wrote entry point 0x80000000 to bootloader slot 0x1020
[fesvr] Wrote 72 bytes of bootdata to 0x1024
[Tracer] Logging Hart          0 to logs/trace_chip_00_hart_00000.dasm
[Tracer] Logging Hart          1 to logs/trace_chip_00_hart_00001.dasm
