Small MoE K8 8x4 padded-contiguous L15 app: layouts=100 shapes=3
L97 v97_pareto_s0_s1_headroom DMA staging cycles: 4066
L97 v97_pareto_s0_s1_headroom staging dataset: bytes=268160 A_stride=2080 B0_bank=0 B1_bank=52 D0_bank=0 M1D0_bank=32 M1D1_minus_D0=1024 M1_row_stride=2080 shape_A_strides=[2080,2048,2128]
L97 v97_pareto_s0_s1_headroom dataset ready
L97 S0 start
L97 S0 Mode0 configure streamer
L97 S0 Mode0 configure core
L97 S0 Mode0 start
L97 S0 Mode0 D0: PASS, Error: 0
L97 S0 Mode0 Cycles: accel=4101, streamer=4126, wall=39701
L97 S0 Mode0 mcycle start-finish: accel=4108, streamer=4144
L97 S0 Mode1 configure streamer
L97 S0 Mode1 configure core
L97 S0 Mode1 start
L97 S0 Mode1 D padded-contiguous: PASS, Error: 0
L97 S0 Mode1 Cycles: accel=2179, streamer=2199, wall=206817
L97 S0 Mode1 mcycle start-finish: accel=2182, streamer=2215
L97 S1 start
L97 S1 Mode0 configure streamer
L97 S1 Mode0 configure core
L97 S1 Mode0 start
L97 S1 Mode0 D0: PASS, Error: 0
L97 S1 Mode0 Cycles: accel=2061, streamer=2086, wall=36380
L97 S1 Mode0 mcycle start-finish: accel=2068, streamer=2093
L97 S1 Mode1 configure streamer
L97 S1 Mode1 configure core
L97 S1 Mode1 start
L97 S1 Mode1 D padded-contiguous: PASS, Error: 0
L97 S1 Mode1 Cycles: accel=1107, streamer=1127, wall=108188
L97 S1 Mode1 mcycle start-finish: accel=1114, streamer=1136
L97 S2 start
L97 S2 Mode0 configure streamer
L97 S2 Mode0 configure core
L97 S2 Mode0 start
L97 S2 Mode0 D0: PASS, Error: 0
L97 S2 Mode0 Cycles: accel=1033, streamer=1058, wall=18383
L97 S2 Mode0 mcycle start-finish: accel=1036, streamer=1062
L97 S2 Mode1 configure streamer
L97 S2 Mode1 configure core
L97 S2 Mode1 start
L97 S2 Mode1 D padded-contiguous: PASS, Error: 0
L97 S2 Mode1 Cycles: accel=535, streamer=555, wall=62391
L97 S2 Mode1 mcycle start-finish: accel=538, streamer=561
L97 v97_pareto_s0_s1_headroom total checks: 6, total error: 0
[fesvr] Wrote 36 bytes of bootrom to 0x1000
[fesvr] Wrote entry point 0x80000000 to bootloader slot 0x1020
[fesvr] Wrote 72 bytes of bootdata to 0x1024
[Tracer] Logging Hart          0 to logs/trace_chip_00_hart_00000.dasm
[Tracer] Logging Hart          1 to logs/trace_chip_00_hart_00001.dasm
