Small MoE K8 8x4 padded-contiguous L15 app: layouts=50 shapes=3
L23 v23_pad32_dbank40_m1bank08 DMA staging cycles: 3527
L23 v23_pad32_dbank40_m1bank08 staging dataset: bytes=235840 A_stride=2080 B0_bank=0 B1_bank=34 D0_bank=40 M1D0_bank=8 M1D1_minus_D0=1024 M1_row_stride=2080
L23 v23_pad32_dbank40_m1bank08 dataset ready
L23 S0 start
L23 S0 Mode0 configure streamer
L23 S0 Mode0 configure core
L23 S0 Mode0 start
L23 S0 Mode0 D0: PASS, Error: 0
L23 S0 Mode0 Cycles: accel=4100, streamer=4126, wall=39611
L23 S0 Mode0 mcycle start-finish: accel=4107, streamer=4142
L23 S0 Mode1 configure streamer
L23 S0 Mode1 configure core
L23 S0 Mode1 start
L23 S0 Mode1 D padded-contiguous: PASS, Error: 0
L23 S0 Mode1 Cycles: accel=2180, streamer=2200, wall=206895
L23 S0 Mode1 mcycle start-finish: accel=2183, streamer=2218
L23 S1 start
L23 S1 Mode0 configure streamer
L23 S1 Mode0 configure core
L23 S1 Mode0 start
L23 S1 Mode0 D0: PASS, Error: 0
L23 S1 Mode0 Cycles: accel=2057, streamer=2083, wall=25405
L23 S1 Mode0 mcycle start-finish: accel=2061, streamer=2096
L23 S1 Mode1 configure streamer
L23 S1 Mode1 configure core
L23 S1 Mode1 start
L23 S1 Mode1 D padded-contiguous: PASS, Error: 0
L23 S1 Mode1 Cycles: accel=1112, streamer=1132, wall=109801
L23 S1 Mode1 mcycle start-finish: accel=1115, streamer=1150
L23 S2 start
L23 S2 Mode0 configure streamer
L23 S2 Mode0 configure core
L23 S2 Mode0 start
L23 S2 Mode0 D0: PASS, Error: 0
L23 S2 Mode0 Cycles: accel=1034, streamer=1060, wall=18401
L23 S2 Mode0 mcycle start-finish: accel=1041, streamer=1065
L23 S2 Mode1 configure streamer
L23 S2 Mode1 configure core
L23 S2 Mode1 start
L23 S2 Mode1 D padded-contiguous: PASS, Error: 0
L23 S2 Mode1 Cycles: accel=546, streamer=566, wall=61304
L23 S2 Mode1 mcycle start-finish: accel=552, streamer=577
L23 v23_pad32_dbank40_m1bank08 total checks: 6, total error: 0
[fesvr] Wrote 36 bytes of bootrom to 0x1000
[fesvr] Wrote entry point 0x80000000 to bootloader slot 0x1020
[fesvr] Wrote 72 bytes of bootdata to 0x1024
[Tracer] Logging Hart          0 to logs/trace_chip_00_hart_00000.dasm
[Tracer] Logging Hart          1 to logs/trace_chip_00_hart_00001.dasm
