Small MoE K8 8x4 padded-contiguous L15 app: layouts=50 shapes=3
L21 v21_pad32_dbank16_m1bank40 DMA staging cycles: 3527
L21 v21_pad32_dbank16_m1bank40 staging dataset: bytes=236096 A_stride=2080 B0_bank=0 B1_bank=34 D0_bank=16 M1D0_bank=40 M1D1_minus_D0=1024 M1_row_stride=2080
L21 v21_pad32_dbank16_m1bank40 dataset ready
L21 S0 start
L21 S0 Mode0 configure streamer
L21 S0 Mode0 configure core
L21 S0 Mode0 start
L21 S0 Mode0 D0: PASS, Error: 0
L21 S0 Mode0 Cycles: accel=4100, streamer=4126, wall=39596
L21 S0 Mode0 mcycle start-finish: accel=4107, streamer=4142
L21 S0 Mode1 configure streamer
L21 S0 Mode1 configure core
L21 S0 Mode1 start
L21 S0 Mode1 D padded-contiguous: PASS, Error: 0
L21 S0 Mode1 Cycles: accel=2176, streamer=2196, wall=206880
L21 S0 Mode1 mcycle start-finish: accel=2183, streamer=2218
L21 S1 start
L21 S1 Mode0 configure streamer
L21 S1 Mode0 configure core
L21 S1 Mode0 start
L21 S1 Mode0 D0: PASS, Error: 0
L21 S1 Mode0 Cycles: accel=2056, streamer=2082, wall=25390
L21 S1 Mode0 mcycle start-finish: accel=2061, streamer=2096
L21 S1 Mode1 configure streamer
L21 S1 Mode1 configure core
L21 S1 Mode1 start
L21 S1 Mode1 D padded-contiguous: PASS, Error: 0
L21 S1 Mode1 Cycles: accel=1111, streamer=1131, wall=109696
L21 S1 Mode1 mcycle start-finish: accel=1115, streamer=1150
L21 S2 start
L21 S2 Mode0 configure streamer
L21 S2 Mode0 configure core
L21 S2 Mode0 start
L21 S2 Mode0 D0: PASS, Error: 0
L21 S2 Mode0 Cycles: accel=1035, streamer=1061, wall=18392
L21 S2 Mode0 mcycle start-finish: accel=1041, streamer=1071
L21 S2 Mode1 configure streamer
L21 S2 Mode1 configure core
L21 S2 Mode1 start
L21 S2 Mode1 D padded-contiguous: PASS, Error: 0
L21 S2 Mode1 Cycles: accel=542, streamer=562, wall=61313
L21 S2 Mode1 mcycle start-finish: accel=546, streamer=571
L21 v21_pad32_dbank16_m1bank40 total checks: 6, total error: 0
[fesvr] Wrote 36 bytes of bootrom to 0x1000
[fesvr] Wrote entry point 0x80000000 to bootloader slot 0x1020
[fesvr] Wrote 72 bytes of bootdata to 0x1024
[Tracer] Logging Hart          0 to logs/trace_chip_00_hart_00000.dasm
[Tracer] Logging Hart          1 to logs/trace_chip_00_hart_00001.dasm
