Small MoE K8 8x4 padded-contiguous L15 app: layouts=50 shapes=3
L24 v24_pad32_dbank56_m1bank24 DMA staging cycles: 3527
L24 v24_pad32_dbank56_m1bank24 staging dataset: bytes=235968 A_stride=2080 B0_bank=0 B1_bank=34 D0_bank=56 M1D0_bank=24 M1D1_minus_D0=1024 M1_row_stride=2080
L24 v24_pad32_dbank56_m1bank24 dataset ready
L24 S0 start
L24 S0 Mode0 configure streamer
L24 S0 Mode0 configure core
L24 S0 Mode0 start
L24 S0 Mode0 D0: PASS, Error: 0
L24 S0 Mode0 Cycles: accel=4100, streamer=4126, wall=39596
L24 S0 Mode0 mcycle start-finish: accel=4107, streamer=4142
L24 S0 Mode1 configure streamer
L24 S0 Mode1 configure core
L24 S0 Mode1 start
L24 S0 Mode1 D padded-contiguous: PASS, Error: 0
L24 S0 Mode1 Cycles: accel=2187, streamer=2207, wall=206892
L24 S0 Mode1 mcycle start-finish: accel=2195, streamer=2230
L24 S1 start
L24 S1 Mode0 configure streamer
L24 S1 Mode0 configure core
L24 S1 Mode0 start
L24 S1 Mode0 D0: PASS, Error: 0
L24 S1 Mode0 Cycles: accel=2056, streamer=2082, wall=25405
L24 S1 Mode0 mcycle start-finish: accel=2061, streamer=2096
L24 S1 Mode1 configure streamer
L24 S1 Mode1 configure core
L24 S1 Mode1 start
L24 S1 Mode1 D padded-contiguous: PASS, Error: 0
L24 S1 Mode1 Cycles: accel=1112, streamer=1132, wall=109711
L24 S1 Mode1 mcycle start-finish: accel=1115, streamer=1150
L24 S2 start
L24 S2 Mode0 configure streamer
L24 S2 Mode0 configure core
L24 S2 Mode0 start
L24 S2 Mode0 D0: PASS, Error: 0
L24 S2 Mode0 Cycles: accel=1035, streamer=1061, wall=18392
L24 S2 Mode0 mcycle start-finish: accel=1041, streamer=1071
L24 S2 Mode1 configure streamer
L24 S2 Mode1 configure core
L24 S2 Mode1 start
L24 S2 Mode1 D padded-contiguous: PASS, Error: 0
L24 S2 Mode1 Cycles: accel=546, streamer=566, wall=61289
L24 S2 Mode1 mcycle start-finish: accel=552, streamer=577
L24 v24_pad32_dbank56_m1bank24 total checks: 6, total error: 0
[fesvr] Wrote 36 bytes of bootrom to 0x1000
[fesvr] Wrote entry point 0x80000000 to bootloader slot 0x1020
[fesvr] Wrote 72 bytes of bootdata to 0x1024
[Tracer] Logging Hart          0 to logs/trace_chip_00_hart_00000.dasm
[Tracer] Logging Hart          1 to logs/trace_chip_00_hart_00001.dasm
