Small MoE K8 8x4 padded-contiguous L15 app: layouts=50 shapes=3
L17 v17_pad32_w2lbank24 DMA staging cycles: 3525
L17 v17_pad32_w2lbank24 staging dataset: bytes=236032 A_stride=2080 B0_bank=0 B1_bank=34 D0_bank=0 M1D0_bank=32 M1D1_minus_D0=1024 M1_row_stride=2080
L17 v17_pad32_w2lbank24 dataset ready
L17 S0 start
L17 S0 Mode0 configure streamer
L17 S0 Mode0 configure core
L17 S0 Mode0 start
L17 S0 Mode0 D0: PASS, Error: 0
L17 S0 Mode0 Cycles: accel=4100, streamer=4126, wall=39596
L17 S0 Mode0 mcycle start-finish: accel=4107, streamer=4142
L17 S0 Mode1 configure streamer
L17 S0 Mode1 configure core
L17 S0 Mode1 start
L17 S0 Mode1 D padded-contiguous: PASS, Error: 0
L17 S0 Mode1 Cycles: accel=2459, streamer=2479, wall=207087
L17 S0 Mode1 mcycle start-finish: accel=2465, streamer=2500
L17 S1 start
L17 S1 Mode0 configure streamer
L17 S1 Mode0 configure core
L17 S1 Mode0 start
L17 S1 Mode0 D0: PASS, Error: 0
L17 S1 Mode0 Cycles: accel=2056, streamer=2082, wall=25405
L17 S1 Mode0 mcycle start-finish: accel=2061, streamer=2096
L17 S1 Mode1 configure streamer
L17 S1 Mode1 configure core
L17 S1 Mode1 start
L17 S1 Mode1 D padded-contiguous: PASS, Error: 0
L17 S1 Mode1 Cycles: accel=1157, streamer=1177, wall=109789
L17 S1 Mode1 mcycle start-finish: accel=1163, streamer=1198
L17 S2 start
L17 S2 Mode0 configure streamer
L17 S2 Mode0 configure core
L17 S2 Mode0 start
L17 S2 Mode0 D0: PASS, Error: 0
L17 S2 Mode0 Cycles: accel=1035, streamer=1061, wall=18392
L17 S2 Mode0 mcycle start-finish: accel=1041, streamer=1071
L17 S2 Mode1 configure streamer
L17 S2 Mode1 configure core
L17 S2 Mode1 start
L17 S2 Mode1 D padded-contiguous: PASS, Error: 0
L17 S2 Mode1 Cycles: accel=554, streamer=574, wall=61295
L17 S2 Mode1 mcycle start-finish: accel=558, streamer=583
L17 v17_pad32_w2lbank24 total checks: 6, total error: 0
[fesvr] Wrote 36 bytes of bootrom to 0x1000
[fesvr] Wrote entry point 0x80000000 to bootloader slot 0x1020
[fesvr] Wrote 72 bytes of bootdata to 0x1024
[Tracer] Logging Hart          0 to logs/trace_chip_00_hart_00000.dasm
[Tracer] Logging Hart          1 to logs/trace_chip_00_hart_00001.dasm
