K8 8x4 Mode1 per-token layout exploration: layouts=50 shapes=3
L22 a32_b1_bank34_d0_bank48 staging dataset: bytes=4416528 A_stride=4128 B0_bank=0 B1_bank=34 D0_bank=48
L22 a32_b1_bank34_d0_bank48 dataset ready
L22 S2 start
L22 S2 Mode0 configure streamer
L22 S2 Mode0 configure core
L22 S2 Mode0 start
L22 S2 Mode0 wait accel
L22 S2 Mode0 wait writer
L22 S2 Mode0 D0: PASS, Error: 0
L22 S2 Mode0 Cycles: accel=22549, streamer=22573, wall=33299
L22 S2 Mode1 configure streamer
L22 S2 Mode1 configure core
L22 S2 Mode1 start
L22 S2 Mode1 wait accel
L22 S2 Mode1 wait writer
L22 S2 Mode1 D0: PASS, Error: 0
L22 S2 Mode1 D1: PASS, Error: 0
L22 S2 Mode1 Cycles: accel=11288, streamer=11306, wall=22214
L22 a32_b1_bank34_d0_bank48 total checks: 3, total error: 0
[fesvr] Wrote 36 bytes of bootrom to 0x1000
[fesvr] Wrote entry point 0x80000000 to bootloader slot 0x1020
[fesvr] Wrote 72 bytes of bootdata to 0x1024
[Tracer] Logging Hart          0 to logs/trace_chip_00_hart_00000.dasm
[Tracer] Logging Hart          1 to logs/trace_chip_00_hart_00001.dasm
