make: Entering directory '/esat/studscratch/r1015498/Thesis/original_snax/snax_cluster/target/snitch_cluster/sw/apps/snax-versacore-int16x4-multishape-k8-8x4-mode1-pertoken-layout-explore'
mkdir -p /esat/studscratch/r1015498/Thesis/original_snax/snax_cluster/target/snitch_cluster/sw/apps/snax-versacore-int16x4-multishape-k8-8x4-mode1-pertoken-layout-explore/build
clang -DSELECT_LAYOUT=6 -DSELECT_SHAPE=0 -DRUN_MODE1=1 --target=riscv32-unknown-elf -mcpu=generic-rv32 -march=rv32imafdzfh -fno-builtin-memset -DPRINTF_DISABLE_SUPPORT_LONG_LONG -Idata -I../../snax/dual-versacore-swiglu/include -I/esat/studscratch/r1015498/Thesis/original_snax/snax_cluster/target/snitch_cluster/sw/runtime/rtl-generic/src -I/esat/studscratch/r1015498/Thesis/original_snax/snax_cluster/target/snitch_cluster/sw/runtime/rtl-generic/../common -I/esat/studscratch/r1015498/Thesis/original_snax/snax_cluster/sw/snRuntime/api -I/esat/studscratch/r1015498/Thesis/original_snax/snax_cluster/sw/snRuntime/api/omp -I/esat/studscratch/r1015498/Thesis/original_snax/snax_cluster/sw/snRuntime/src -I/esat/studscratch/r1015498/Thesis/original_snax/snax_cluster/sw/snRuntime/src/omp -I/esat/studscratch/r1015498/Thesis/original_snax/snax_cluster/sw/deps/riscv-opcodes -I/esat/studscratch/r1015498/Thesis/original_snax/snax_cluster/sw/math/include -mabi=ilp32d -mcmodel=medany -ffast-math -fno-builtin-printf -fno-builtin-sqrtf -fno-common -fopenmp -ftls-model=local-exec -O3 -D__DEFINED_uint64_t -O1 -g0 -MM -MT '/esat/studscratch/r1015498/Thesis/original_snax/snax_cluster/target/snitch_cluster/sw/apps/snax-versacore-int16x4-multishape-k8-8x4-mode1-pertoken-layout-explore/build/snax-versacore-int16x4-multishape-k8-8x4-mode1-pertoken-layout-explore.elf' src/snax-versacore-int16x4-multishape-k8-8x4-mode1-pertoken-layout-explore.c > /esat/studscratch/r1015498/Thesis/original_snax/snax_cluster/target/snitch_cluster/sw/apps/snax-versacore-int16x4-multishape-k8-8x4-mode1-pertoken-layout-explore/build/snax-versacore-int16x4-multishape-k8-8x4-mode1-pertoken-layout-explore.d
clang -DSELECT_LAYOUT=6 -DSELECT_SHAPE=0 -DRUN_MODE1=1 --target=riscv32-unknown-elf -mcpu=generic-rv32 -march=rv32imafdzfh -fno-builtin-memset -DPRINTF_DISABLE_SUPPORT_LONG_LONG -Idata -I../../snax/dual-versacore-swiglu/include -I/esat/studscratch/r1015498/Thesis/original_snax/snax_cluster/target/snitch_cluster/sw/runtime/rtl-generic/src -I/esat/studscratch/r1015498/Thesis/original_snax/snax_cluster/target/snitch_cluster/sw/runtime/rtl-generic/../common -I/esat/studscratch/r1015498/Thesis/original_snax/snax_cluster/sw/snRuntime/api -I/esat/studscratch/r1015498/Thesis/original_snax/snax_cluster/sw/snRuntime/api/omp -I/esat/studscratch/r1015498/Thesis/original_snax/snax_cluster/sw/snRuntime/src -I/esat/studscratch/r1015498/Thesis/original_snax/snax_cluster/sw/snRuntime/src/omp -I/esat/studscratch/r1015498/Thesis/original_snax/snax_cluster/sw/deps/riscv-opcodes -I/esat/studscratch/r1015498/Thesis/original_snax/snax_cluster/sw/math/include -mabi=ilp32d -mcmodel=medany -ffast-math -fno-builtin-printf -fno-builtin-sqrtf -fno-common -fopenmp -ftls-model=local-exec -O3 -D__DEFINED_uint64_t -O1 -g0 ../../snax/dual-versacore-swiglu/build/snax-dual-versacore-swiglu-lib.o -fuse-ld=lld -nostdlib -L/esat/studscratch/r1015498/Thesis/original_snax/snax_cluster/target/snitch_cluster/sw/runtime/rtl-generic -T/esat/studscratch/r1015498/Thesis/original_snax/snax_cluster/sw/snRuntime/base.ld -L/esat/studscratch/r1015498/Thesis/original_snax/snax_cluster/target/snitch_cluster/sw/math/build/ -L/esat/studscratch/r1015498/Thesis/original_snax/snax_cluster/target/snitch_cluster/sw/runtime/rtl-generic/build/ -lmath -lsnRuntime src/snax-versacore-int16x4-multishape-k8-8x4-mode1-pertoken-layout-explore.c -o /esat/studscratch/r1015498/Thesis/original_snax/snax_cluster/target/snitch_cluster/sw/apps/snax-versacore-int16x4-multishape-k8-8x4-mode1-pertoken-layout-explore/build/snax-versacore-int16x4-multishape-k8-8x4-mode1-pertoken-layout-explore.elf
In file included from src/snax-versacore-int16x4-multishape-k8-8x4-mode1-pertoken-layout-explore.c:4:
../../snax/dual-versacore-swiglu/include/snax-dual-versacore-swiglu-lib.h:98:5: warning: static function 'csrw_ss' is used in an inline function with external linkage [-Wstatic-in-inline]
   98 |     csrw_ss(STREAMER_START_CSR, 1);
      |     ^
../../snax/dual-versacore-swiglu/include/snax-dual-versacore-swiglu-lib.h:97:1: note: use 'static' to give inline function 'set_dual_versacore_streamer_start' internal linkage
   97 | inline void set_dual_versacore_streamer_start() {
      | ^
      | static 
/esat/studscratch/r1015498/Thesis/original_snax/snax_cluster/sw/snRuntime/src/csr.h:451:13: note: 'csrw_ss' declared here
  451 | static void csrw_ss(uint32_t csr_address, uint32_t value) {
      |             ^
In file included from src/snax-versacore-int16x4-multishape-k8-8x4-mode1-pertoken-layout-explore.c:4:
../../snax/dual-versacore-swiglu/include/snax-dual-versacore-swiglu-lib.h:119:42: warning: static function 'csrw_ss' is used in an inline function with external linkage [-Wstatic-in-inline]
  119 | inline void set_dual_versacore_start() { csrw_ss(DUAL_VC_START, 1); }
      |                                          ^
../../snax/dual-versacore-swiglu/include/snax-dual-versacore-swiglu-lib.h:119:1: note: use 'static' to give inline function 'set_dual_versacore_start' internal linkage
  119 | inline void set_dual_versacore_start() { csrw_ss(DUAL_VC_START, 1); }
      | ^
      | static 
/esat/studscratch/r1015498/Thesis/original_snax/snax_cluster/sw/snRuntime/src/csr.h:451:13: note: 'csrw_ss' declared here
  451 | static void csrw_ss(uint32_t csr_address, uint32_t value) {
      |             ^
2 warnings generated.
make: Leaving directory '/esat/studscratch/r1015498/Thesis/original_snax/snax_cluster/target/snitch_cluster/sw/apps/snax-versacore-int16x4-multishape-k8-8x4-mode1-pertoken-layout-explore'
