Small MoE K8 8x4 padded-contiguous L15 app: layouts=55 shapes=3
L50 v50_shapeA_s0p32_s1p00_s2p56 DMA staging cycles: 4089
L50 v50_shapeA_s0p32_s1p00_s2p56 staging dataset: bytes=267968 A_stride=2080 B0_bank=0 B1_bank=52 D0_bank=0 M1D0_bank=32 M1D1_minus_D0=1024 M1_row_stride=2080 shape_A_strides=[2080,2048,2104]
L50 v50_shapeA_s0p32_s1p00_s2p56 dataset ready
L50 S0 start
L50 S0 Mode0 configure streamer
L50 S0 Mode0 configure core
L50 S0 Mode0 start
L50 S0 Mode0 D0: PASS, Error: 0
L50 S0 Mode0 Cycles: accel=4100, streamer=4126, wall=39703
L50 S0 Mode0 mcycle start-finish: accel=4107, streamer=4142
L50 S0 Mode1 configure streamer
L50 S0 Mode1 configure core
L50 S0 Mode1 start
L50 S0 Mode1 D padded-contiguous: PASS, Error: 0
L50 S0 Mode1 Cycles: accel=2179, streamer=2199, wall=231885
L50 S0 Mode1 mcycle start-finish: accel=2185, streamer=2207
L50 S1 start
L50 S1 Mode0 configure streamer
L50 S1 Mode0 configure core
L50 S1 Mode0 start
L50 S1 Mode0 D0: PASS, Error: 0
L50 S1 Mode0 Cycles: accel=2058, streamer=2084, wall=25398
L50 S1 Mode0 mcycle start-finish: accel=2067, streamer=2091
L50 S1 Mode1 configure streamer
L50 S1 Mode1 configure core
L50 S1 Mode1 start
L50 S1 Mode1 D padded-contiguous: PASS, Error: 0
L50 S1 Mode1 Cycles: accel=1106, streamer=1126, wall=120596
L50 S1 Mode1 mcycle start-finish: accel=1110, streamer=1132
L50 S2 start
L50 S2 Mode0 configure streamer
L50 S2 Mode0 configure core
L50 S2 Mode0 start
L50 S2 Mode0 D0: PASS, Error: 0
L50 S2 Mode0 Cycles: accel=1032, streamer=1058, wall=18495
L50 S2 Mode0 mcycle start-finish: accel=1041, streamer=1066
L50 S2 Mode1 configure streamer
L50 S2 Mode1 configure core
L50 S2 Mode1 start
L50 S2 Mode1 D padded-contiguous: PASS, Error: 0
L50 S2 Mode1 Cycles: accel=538, streamer=558, wall=68200
L50 S2 Mode1 mcycle start-finish: accel=546, streamer=568
L50 v50_shapeA_s0p32_s1p00_s2p56 total checks: 6, total error: 0
[fesvr] Wrote 36 bytes of bootrom to 0x1000
[fesvr] Wrote entry point 0x80000000 to bootloader slot 0x1020
[fesvr] Wrote 72 bytes of bootdata to 0x1024
[Tracer] Logging Hart          0 to logs/trace_chip_00_hart_00000.dasm
[Tracer] Logging Hart          1 to logs/trace_chip_00_hart_00001.dasm
