Small MoE K8 8x4 padded-contiguous L15 app: layouts=1 shapes=3
L15 l15_weights_first_padded_1024_per_token DMA staging cycles: 3461
L15 l15_weights_first_padded_1024_per_token staging dataset: bytes=235008 A_stride=2080 B0_bank=0 B1_bank=34 D0_bank=0 M1D0_bank=32 M1D1_minus_D0=1024 M1_row_stride=2080
L15 l15_weights_first_padded_1024_per_token dataset ready
L15 S0 start
L15 S0 Mode0 configure streamer
L15 S0 Mode0 configure core
L15 S0 Mode0 start
L15 S0 Mode0 D0: PASS, Error: 0
L15 S0 Mode0 Cycles: accel=4101, streamer=4126, wall=39686
L15 S0 Mode0 mcycle start-finish: accel=4106, streamer=4139
L15 S0 Mode1 configure streamer
L15 S0 Mode1 configure core
L15 S0 Mode1 start
L15 S0 Mode1 D padded-contiguous: PASS, Error: 0
L15 S0 Mode1 Cycles: accel=2179, streamer=2199, wall=206795
L15 S0 Mode1 mcycle start-finish: accel=2186, streamer=2208
L15 S1 start
L15 S1 Mode0 configure streamer
L15 S1 Mode0 configure core
L15 S1 Mode0 start
L15 S1 Mode0 D0: PASS, Error: 0
L15 S1 Mode0 Cycles: accel=2057, streamer=2082, wall=25289
L15 S1 Mode0 mcycle start-finish: accel=2060, streamer=2093
L15 S1 Mode1 configure streamer
L15 S1 Mode1 configure core
L15 S1 Mode1 start
L15 S1 Mode1 D padded-contiguous: PASS, Error: 0
L15 S1 Mode1 Cycles: accel=1109, streamer=1129, wall=109707
L15 S1 Mode1 mcycle start-finish: accel=1116, streamer=1138
L15 S2 start
L15 S2 Mode0 configure streamer
L15 S2 Mode0 configure core
L15 S2 Mode0 start
L15 S2 Mode0 D0: PASS, Error: 0
L15 S2 Mode0 Cycles: accel=1036, streamer=1061, wall=18313
L15 S2 Mode0 mcycle start-finish: accel=1040, streamer=1073
L15 S2 Mode1 configure streamer
L15 S2 Mode1 configure core
L15 S2 Mode1 start
L15 S2 Mode1 D padded-contiguous: PASS, Error: 0
L15 S2 Mode1 Cycles: accel=543, streamer=563, wall=61397
L15 S2 Mode1 mcycle start-finish: accel=546, streamer=569
L15 l15_weights_first_padded_1024_per_token total checks: 6, total error: 0
[fesvr] Wrote 36 bytes of bootrom to 0x1000
[fesvr] Wrote entry point 0x80000000 to bootloader slot 0x1020
[fesvr] Wrote 72 bytes of bootdata to 0x1024
[Tracer] Logging Hart          0 to logs/trace_chip_00_hart_00000.dasm
[Tracer] Logging Hart          1 to logs/trace_chip_00_hart_00001.dasm
