Small MoE K8 8x4 padded-contiguous L15 app: layouts=150 shapes=3
L144 v144_joint_A4_S2in176_M1stride176 DMA staging cycles: 7393
L144 v144_joint_A4_S2in176_M1stride176 staging dataset: bytes=269184 A_stride=2080 B0_bank=0 B1_bank=52 D0_bank=0 M1D0_bank=32 M1D1_minus_D0=1024 M1_row_stride=2080 shape_A_strides=[2080,2048,2128]
L144 v144_joint_A4_S2in176_M1stride176 dataset ready
L144 S0 start
L144 S0 Mode0 configure streamer
L144 S0 Mode0 configure core
L144 S0 Mode0 start
L144 S0 Mode0 D0: PASS, Error: 0
L144 S0 Mode0 Cycles: accel=4233, streamer=4269, wall=30788
L144 S0 Mode0 mcycle start-finish: accel=4252, streamer=4287
L144 S0 Mode1 configure streamer
L144 S0 Mode1 configure core
L144 S0 Mode1 start
L144 S0 Mode1 D padded-contiguous: PASS, Error: 0
L144 S0 Mode1 Cycles: accel=2185, streamer=2205, wall=130213
L144 S0 Mode1 mcycle start-finish: accel=2192, streamer=2214
L144 S1 start
L144 S1 Mode0 configure streamer
L144 S1 Mode0 configure core
L144 S1 Mode0 start
L144 S1 Mode0 D0: PASS, Error: 0
L144 S1 Mode0 Cycles: accel=2211, streamer=2236, wall=21399
L144 S1 Mode0 mcycle start-finish: accel=2214, streamer=2244
L144 S1 Mode1 configure streamer
L144 S1 Mode1 configure core
L144 S1 Mode1 start
L144 S1 Mode1 D padded-contiguous: PASS, Error: 0
L144 S1 Mode1 Cycles: accel=1114, streamer=1134, wall=70838
L144 S1 Mode1 mcycle start-finish: accel=1118, streamer=1140
L144 S2 start
L144 S2 Mode0 configure streamer
L144 S2 Mode0 configure core
L144 S2 Mode0 start
L144 S2 Mode0 D0: PASS, Error: 0
L144 S2 Mode0 Cycles: accel=1068, streamer=1093, wall=34194
L144 S2 Mode0 mcycle start-finish: accel=1073, streamer=1108
L144 S2 Mode1 configure streamer
L144 S2 Mode1 configure core
L144 S2 Mode1 start
L144 S2 Mode1 D padded-contiguous: PASS, Error: 0
L144 S2 Mode1 Cycles: accel=561, streamer=581, wall=43237
L144 S2 Mode1 mcycle start-finish: accel=566, streamer=588
L144 v144_joint_A4_S2in176_M1stride176 total checks: 6, total error: 0
[fesvr] Wrote 36 bytes of bootrom to 0x1000
[fesvr] Wrote entry point 0x80000000 to bootloader slot 0x1020
[fesvr] Wrote 72 bytes of bootdata to 0x1024
[Tracer] Logging Hart          0 to logs/trace_chip_00_hart_00000.dasm
[Tracer] Logging Hart          1 to logs/trace_chip_00_hart_00001.dasm
