Small MoE K8 8x4 padded-contiguous L15 app: layouts=50 shapes=3
L7 v07_pad40_b1bank34 DMA staging cycles: 3526
L7 v07_pad40_b1bank34 staging dataset: bytes=235072 A_stride=2088 B0_bank=0 B1_bank=34 D0_bank=0 M1D0_bank=32 M1D1_minus_D0=1024 M1_row_stride=2088
L7 v07_pad40_b1bank34 dataset ready
L7 S0 start
L7 S0 Mode0 configure streamer
L7 S0 Mode0 configure core
L7 S0 Mode0 start
L7 S0 Mode0 D0: PASS, Error: 0
L7 S0 Mode0 Cycles: accel=4105, streamer=4131, wall=39407
L7 S0 Mode0 mcycle start-finish: accel=4113, streamer=4148
L7 S0 Mode1 configure streamer
L7 S0 Mode1 configure core
L7 S0 Mode1 start
L7 S0 Mode1 D padded-contiguous: PASS, Error: 0
L7 S0 Mode1 Cycles: accel=2195, streamer=2215, wall=207289
L7 S0 Mode1 mcycle start-finish: accel=2201, streamer=2236
L7 S1 start
L7 S1 Mode0 configure streamer
L7 S1 Mode0 configure core
L7 S1 Mode0 start
L7 S1 Mode0 D0: PASS, Error: 0
L7 S1 Mode0 Cycles: accel=2056, streamer=2082, wall=25105
L7 S1 Mode0 mcycle start-finish: accel=2061, streamer=2096
L7 S1 Mode1 configure streamer
L7 S1 Mode1 configure core
L7 S1 Mode1 start
L7 S1 Mode1 D padded-contiguous: PASS, Error: 0
L7 S1 Mode1 Cycles: accel=1109, streamer=1129, wall=109899
L7 S1 Mode1 mcycle start-finish: accel=1115, streamer=1150
L7 S2 start
L7 S2 Mode0 configure streamer
L7 S2 Mode0 configure core
L7 S2 Mode0 start
L7 S2 Mode0 D0: PASS, Error: 0
L7 S2 Mode0 Cycles: accel=1035, streamer=1061, wall=18212
L7 S2 Mode0 mcycle start-finish: accel=1041, streamer=1071
L7 S2 Mode1 configure streamer
L7 S2 Mode1 configure core
L7 S2 Mode1 start
L7 S2 Mode1 D padded-contiguous: PASS, Error: 0
L7 S2 Mode1 Cycles: accel=569, streamer=590, wall=61302
L7 S2 Mode1 mcycle start-finish: accel=576, streamer=601
L7 v07_pad40_b1bank34 total checks: 6, total error: 0
[fesvr] Wrote 36 bytes of bootrom to 0x1000
[fesvr] Wrote entry point 0x80000000 to bootloader slot 0x1020
[fesvr] Wrote 72 bytes of bootdata to 0x1024
[Tracer] Logging Hart          0 to logs/trace_chip_00_hart_00000.dasm
[Tracer] Logging Hart          1 to logs/trace_chip_00_hart_00001.dasm
