Small MoE K8 8x4 padded-contiguous L15 app: layouts=50 shapes=3
L9 v09_pad64_b1bank34 DMA staging cycles: 3531
L9 v09_pad64_b1bank34 staging dataset: bytes=235264 A_stride=2112 B0_bank=0 B1_bank=34 D0_bank=0 M1D0_bank=32 M1D1_minus_D0=1024 M1_row_stride=2112
L9 v09_pad64_b1bank34 dataset ready
L9 S0 start
L9 S0 Mode0 configure streamer
L9 S0 Mode0 configure core
L9 S0 Mode0 start
L9 S0 Mode0 D0: PASS, Error: 0
L9 S0 Mode0 Cycles: accel=4104, streamer=4130, wall=39395
L9 S0 Mode0 mcycle start-finish: accel=4113, streamer=4148
L9 S0 Mode1 configure streamer
L9 S0 Mode1 configure core
L9 S0 Mode1 start
L9 S0 Mode1 D padded-contiguous: PASS, Error: 0
L9 S0 Mode1 Cycles: accel=2224, streamer=2245, wall=209590
L9 S0 Mode1 mcycle start-finish: accel=2231, streamer=2266
L9 S1 start
L9 S1 Mode0 configure streamer
L9 S1 Mode0 configure core
L9 S1 Mode0 start
L9 S1 Mode0 D0: PASS, Error: 0
L9 S1 Mode0 Cycles: accel=2056, streamer=2082, wall=25198
L9 S1 Mode0 mcycle start-finish: accel=2061, streamer=2096
L9 S1 Mode1 configure streamer
L9 S1 Mode1 configure core
L9 S1 Mode1 start
L9 S1 Mode1 D padded-contiguous: PASS, Error: 0
L9 S1 Mode1 Cycles: accel=1109, streamer=1129, wall=111006
L9 S1 Mode1 mcycle start-finish: accel=1115, streamer=1150
L9 S2 start
L9 S2 Mode0 configure streamer
L9 S2 Mode0 configure core
L9 S2 Mode0 start
L9 S2 Mode0 D0: PASS, Error: 0
L9 S2 Mode0 Cycles: accel=1035, streamer=1061, wall=18200
L9 S2 Mode0 mcycle start-finish: accel=1041, streamer=1071
L9 S2 Mode1 configure streamer
L9 S2 Mode1 configure core
L9 S2 Mode1 start
L9 S2 Mode1 D padded-contiguous: PASS, Error: 0
L9 S2 Mode1 Cycles: accel=543, streamer=563, wall=61797
L9 S2 Mode1 mcycle start-finish: accel=546, streamer=571
L9 v09_pad64_b1bank34 total checks: 6, total error: 0
[fesvr] Wrote 36 bytes of bootrom to 0x1000
[fesvr] Wrote entry point 0x80000000 to bootloader slot 0x1020
[fesvr] Wrote 72 bytes of bootdata to 0x1024
[Tracer] Logging Hart          0 to logs/trace_chip_00_hart_00000.dasm
[Tracer] Logging Hart          1 to logs/trace_chip_00_hart_00001.dasm
