Small MoE K8 8x4 padded-contiguous L15 app: layouts=5 shapes=3
L4 v04_pad16_b1bank34 DMA staging cycles: 3516
L4 v04_pad16_b1bank34 staging dataset: bytes=234880 A_stride=2064 B0_bank=0 B1_bank=34 D0_bank=0 M1D0_bank=32 M1D1_minus_D0=1024 M1_row_stride=2064
L4 v04_pad16_b1bank34 dataset ready
L4 S0 start
L4 S0 Mode0 configure streamer
L4 S0 Mode0 configure core
L4 S0 Mode0 start
L4 S0 Mode0 D0: PASS, Error: 0
L4 S0 Mode0 Cycles: accel=4112, streamer=4138, wall=39518
L4 S0 Mode0 mcycle start-finish: accel=4118, streamer=4156
L4 S0 Mode1 configure streamer
L4 S0 Mode1 configure core
L4 S0 Mode1 start
L4 S0 Mode1 D padded-contiguous: PASS, Error: 0
L4 S0 Mode1 Cycles: accel=2349, streamer=2380, wall=205300
L4 S0 Mode1 mcycle start-finish: accel=2368, streamer=2402
L4 S1 start
L4 S1 Mode0 configure streamer
L4 S1 Mode0 configure core
L4 S1 Mode0 start
L4 S1 Mode0 D0: PASS, Error: 0
L4 S1 Mode0 Cycles: accel=2058, streamer=2084, wall=25207
L4 S1 Mode0 mcycle start-finish: accel=2066, streamer=2089
L4 S1 Mode1 configure streamer
L4 S1 Mode1 configure core
L4 S1 Mode1 start
L4 S1 Mode1 D padded-contiguous: PASS, Error: 0
L4 S1 Mode1 Cycles: accel=1106, streamer=1137, wall=108895
L4 S1 Mode1 mcycle start-finish: accel=1120, streamer=1154
L4 S2 start
L4 S2 Mode0 configure streamer
L4 S2 Mode0 configure core
L4 S2 Mode0 start
L4 S2 Mode0 D0: PASS, Error: 0
L4 S2 Mode0 Cycles: accel=1035, streamer=1061, wall=18306
L4 S2 Mode0 mcycle start-finish: accel=1040, streamer=1069
L4 S2 Mode1 configure streamer
L4 S2 Mode1 configure core
L4 S2 Mode1 start
L4 S2 Mode1 D padded-contiguous: PASS, Error: 0
L4 S2 Mode1 Cycles: accel=538, streamer=569, wall=60702
L4 S2 Mode1 mcycle start-finish: accel=556, streamer=590
L4 v04_pad16_b1bank34 total checks: 6, total error: 0
[fesvr] Wrote 36 bytes of bootrom to 0x1000
[fesvr] Wrote entry point 0x80000000 to bootloader slot 0x1020
[fesvr] Wrote 72 bytes of bootdata to 0x1024
[Tracer] Logging Hart          0 to logs/trace_chip_00_hart_00000.dasm
[Tracer] Logging Hart          1 to logs/trace_chip_00_hart_00001.dasm
