Small MoE K8 8x4 padded-contiguous L15 app: layouts=5 shapes=3
L1 v01_compact_token_no_pad_b1bank34 DMA staging cycles: 3507
L1 v01_compact_token_no_pad_b1bank34 staging dataset: bytes=233728 A_stride=2048 B0_bank=0 B1_bank=34 D0_bank=0 M1D0_bank=32 M1D1_minus_D0=1024 M1_row_stride=2048
L1 v01_compact_token_no_pad_b1bank34 dataset ready
L1 S0 start
L1 S0 Mode0 configure streamer
L1 S0 Mode0 configure core
L1 S0 Mode0 start
L1 S0 Mode0 D0: PASS, Error: 0
L1 S0 Mode0 Cycles: accel=4892, streamer=4917, wall=40207
L1 S0 Mode0 mcycle start-finish: accel=4897, streamer=4929
L1 S0 Mode1 configure streamer
L1 S0 Mode1 configure core
L1 S0 Mode1 start
L1 S0 Mode1 D padded-contiguous: PASS, Error: 0
L1 S0 Mode1 Cycles: accel=2513, streamer=2533, wall=203901
L1 S0 Mode1 mcycle start-finish: accel=2521, streamer=2543
L1 S1 start
L1 S1 Mode0 configure streamer
L1 S1 Mode0 configure core
L1 S1 Mode0 start
L1 S1 Mode0 D0: PASS, Error: 0
L1 S1 Mode0 Cycles: accel=2062, streamer=2087, wall=25201
L1 S1 Mode0 mcycle start-finish: accel=2065, streamer=2102
L1 S1 Mode1 configure streamer
L1 S1 Mode1 configure core
L1 S1 Mode1 start
L1 S1 Mode1 D padded-contiguous: PASS, Error: 0
L1 S1 Mode1 Cycles: accel=1106, streamer=1126, wall=108003
L1 S1 Mode1 mcycle start-finish: accel=1110, streamer=1132
L1 S2 start
L1 S2 Mode0 configure streamer
L1 S2 Mode0 configure core
L1 S2 Mode0 start
L1 S2 Mode0 D0: PASS, Error: 0
L1 S2 Mode0 Cycles: accel=1036, streamer=1061, wall=18104
L1 S2 Mode0 mcycle start-finish: accel=1039, streamer=1076
L1 S2 Mode1 configure streamer
L1 S2 Mode1 configure core
L1 S2 Mode1 start
L1 S2 Mode1 D padded-contiguous: PASS, Error: 0
L1 S2 Mode1 Cycles: accel=545, streamer=565, wall=60310
L1 S2 Mode1 mcycle start-finish: accel=552, streamer=574
L1 v01_compact_token_no_pad_b1bank34 total checks: 6, total error: 0
[fesvr] Wrote 36 bytes of bootrom to 0x1000
[fesvr] Wrote entry point 0x80000000 to bootloader slot 0x1020
[fesvr] Wrote 72 bytes of bootdata to 0x1024
[Tracer] Logging Hart          0 to logs/trace_chip_00_hart_00000.dasm
[Tracer] Logging Hart          1 to logs/trace_chip_00_hart_00001.dasm
