Small MoE K8 8x4 padded-contiguous L15 app: layouts=5 shapes=3
L0 v00_l15_baseline_pad32_b1bank34 DMA staging cycles: 3527
L0 v00_l15_baseline_pad32_b1bank34 staging dataset: bytes=235008 A_stride=2080 B0_bank=0 B1_bank=34 D0_bank=0 M1D0_bank=32 M1D1_minus_D0=1024 M1_row_stride=2080
L0 v00_l15_baseline_pad32_b1bank34 dataset ready
L0 S0 start
L0 S0 Mode0 configure streamer
L0 S0 Mode0 configure core
L0 S0 Mode0 start
L0 S0 Mode0 D0: PASS, Error: 0
L0 S0 Mode0 Cycles: accel=4101, streamer=4126, wall=39395
L0 S0 Mode0 mcycle start-finish: accel=4106, streamer=4139
L0 S0 Mode1 configure streamer
L0 S0 Mode1 configure core
L0 S0 Mode1 start
L0 S0 Mode1 D padded-contiguous: PASS, Error: 0
L0 S0 Mode1 Cycles: accel=2179, streamer=2199, wall=206594
L0 S0 Mode1 mcycle start-finish: accel=2186, streamer=2208
L0 S1 start
L0 S1 Mode0 configure streamer
L0 S1 Mode0 configure core
L0 S1 Mode0 start
L0 S1 Mode0 D0: PASS, Error: 0
L0 S1 Mode0 Cycles: accel=2057, streamer=2082, wall=24998
L0 S1 Mode0 mcycle start-finish: accel=2060, streamer=2093
L0 S1 Mode1 configure streamer
L0 S1 Mode1 configure core
L0 S1 Mode1 start
L0 S1 Mode1 D padded-contiguous: PASS, Error: 0
L0 S1 Mode1 Cycles: accel=1109, streamer=1129, wall=109491
L0 S1 Mode1 mcycle start-finish: accel=1116, streamer=1138
L0 S2 start
L0 S2 Mode0 configure streamer
L0 S2 Mode0 configure core
L0 S2 Mode0 start
L0 S2 Mode0 D0: PASS, Error: 0
L0 S2 Mode0 Cycles: accel=1036, streamer=1061, wall=18007
L0 S2 Mode0 mcycle start-finish: accel=1040, streamer=1073
L0 S2 Mode1 configure streamer
L0 S2 Mode1 configure core
L0 S2 Mode1 start
L0 S2 Mode1 D padded-contiguous: PASS, Error: 0
L0 S2 Mode1 Cycles: accel=543, streamer=563, wall=61181
L0 S2 Mode1 mcycle start-finish: accel=546, streamer=569
L0 v00_l15_baseline_pad32_b1bank34 total checks: 6, total error: 0
[fesvr] Wrote 36 bytes of bootrom to 0x1000
[fesvr] Wrote entry point 0x80000000 to bootloader slot 0x1020
[fesvr] Wrote 72 bytes of bootdata to 0x1024
[Tracer] Logging Hart          0 to logs/trace_chip_00_hart_00000.dasm
[Tracer] Logging Hart          1 to logs/trace_chip_00_hart_00001.dasm
