Small MoE K8 8x4 padded-contiguous L15 app: layouts=5 shapes=3
L2 v02_pad32_b1bank52 DMA staging cycles: 3527
L2 v02_pad32_b1bank52 staging dataset: bytes=235008 A_stride=2080 B0_bank=0 B1_bank=52 D0_bank=0 M1D0_bank=32 M1D1_minus_D0=1024 M1_row_stride=2080
L2 v02_pad32_b1bank52 dataset ready
L2 S0 start
L2 S0 Mode0 configure streamer
L2 S0 Mode0 configure core
L2 S0 Mode0 start
L2 S0 Mode0 D0: PASS, Error: 0
L2 S0 Mode0 Cycles: accel=4100, streamer=4126, wall=39396
L2 S0 Mode0 mcycle start-finish: accel=4107, streamer=4142
L2 S0 Mode1 configure streamer
L2 S0 Mode1 configure core
L2 S0 Mode1 start
L2 S0 Mode1 D padded-contiguous: PASS, Error: 0
L2 S0 Mode1 Cycles: accel=2179, streamer=2199, wall=206689
L2 S0 Mode1 mcycle start-finish: accel=2183, streamer=2218
L2 S1 start
L2 S1 Mode0 configure streamer
L2 S1 Mode0 configure core
L2 S1 Mode0 start
L2 S1 Mode0 D0: PASS, Error: 0
L2 S1 Mode0 Cycles: accel=2056, streamer=2082, wall=24991
L2 S1 Mode0 mcycle start-finish: accel=2061, streamer=2096
L2 S1 Mode1 configure streamer
L2 S1 Mode1 configure core
L2 S1 Mode1 start
L2 S1 Mode1 D padded-contiguous: PASS, Error: 0
L2 S1 Mode1 Cycles: accel=1109, streamer=1129, wall=109584
L2 S1 Mode1 mcycle start-finish: accel=1115, streamer=1150
L2 S2 start
L2 S2 Mode0 configure streamer
L2 S2 Mode0 configure core
L2 S2 Mode0 start
L2 S2 Mode0 D0: PASS, Error: 0
L2 S2 Mode0 Cycles: accel=1034, streamer=1060, wall=18114
L2 S2 Mode0 mcycle start-finish: accel=1041, streamer=1076
L2 S2 Mode1 configure streamer
L2 S2 Mode1 configure core
L2 S2 Mode1 start
L2 S2 Mode1 D padded-contiguous: PASS, Error: 0
L2 S2 Mode1 Cycles: accel=543, streamer=563, wall=61091
L2 S2 Mode1 mcycle start-finish: accel=546, streamer=570
L2 v02_pad32_b1bank52 total checks: 6, total error: 0
[fesvr] Wrote 36 bytes of bootrom to 0x1000
[fesvr] Wrote entry point 0x80000000 to bootloader slot 0x1020
[fesvr] Wrote 72 bytes of bootdata to 0x1024
[Tracer] Logging Hart          0 to logs/trace_chip_00_hart_00000.dasm
[Tracer] Logging Hart          1 to logs/trace_chip_00_hart_00001.dasm
