Small MoE K8 8x4 padded-contiguous L15 app: layouts=8 shapes=3
L210 v210_full_A4_S1in144_bank0 staging dataset: bytes=4592512 A_stride=4128 B0_bank=0 B1_bank=52 D0_bank=0 M1D0_bank=32 M1D1_minus_D0=2048 M1_row_stride=4128 shape_A_strides=[4128,4096,4176]
L210 v210_full_A4_S1in144_bank0 DMA staging cycles: 77082
L210 v210_full_A4_S1in144_bank0 dataset ready
L210 S1 start
L210 S1 Mode0 configure streamer
L210 S1 Mode0 configure core
L210 S1 Mode0 start
L210 S1 Mode0 D0: PASS, Error: 0
L210 S1 Mode0 Cycles: accel=49203, streamer=49228, wall=141696
L210 S1 Mode0 mcycle start-finish: accel=49206, streamer=49251
L210 v210_full_A4_S1in144_bank0 total checks: 1, total error: 0
L211 v211_full_A4_S1in144_bank8 staging dataset: bytes=4592512 A_stride=4128 B0_bank=0 B1_bank=52 D0_bank=0 M1D0_bank=32 M1D1_minus_D0=2048 M1_row_stride=4128 shape_A_strides=[4128,4096,4176]
L211 v211_full_A4_S1in144_bank8 DMA staging cycles: 76888
L211 v211_full_A4_S1in144_bank8 dataset ready
L211 S1 start
L211 S1 Mode0 configure streamer
L211 S1 Mode0 configure core
L211 S1 Mode0 start
L211 S1 Mode0 D0: PASS, Error: 0
L211 S1 Mode0 Cycles: accel=48237, streamer=48262, wall=140506
L211 S1 Mode0 mcycle start-finish: accel=48242, streamer=48276
L211 v211_full_A4_S1in144_bank8 total checks: 1, total error: 0
L212 v212_full_A4_S1in144_bank16 staging dataset: bytes=4592512 A_stride=4128 B0_bank=0 B1_bank=52 D0_bank=0 M1D0_bank=32 M1D1_minus_D0=2048 M1_row_stride=4128 shape_A_strides=[4128,4096,4176]
L212 v212_full_A4_S1in144_bank16 DMA staging cycles: 76874
L212 v212_full_A4_S1in144_bank16 dataset ready
L212 S1 start
L212 S1 Mode0 configure streamer
L212 S1 Mode0 configure core
L212 S1 Mode0 start
L212 S1 Mode0 D0: PASS, Error: 0
L212 S1 Mode0 Cycles: accel=49907, streamer=49932, wall=142082
L212 S1 Mode0 mcycle start-finish: accel=49915, streamer=49949
L212 v212_full_A4_S1in144_bank16 total checks: 1, total error: 0
L213 v213_full_A4_S1in144_bank24 staging dataset: bytes=4592512 A_stride=4128 B0_bank=0 B1_bank=52 D0_bank=0 M1D0_bank=32 M1D1_minus_D0=2048 M1_row_stride=4128 shape_A_strides=[4128,4096,4176]
L213 v213_full_A4_S1in144_bank24 DMA staging cycles: 76880
L213 v213_full_A4_S1in144_bank24 dataset ready
L213 S1 start
L213 S1 Mode0 configure streamer
L213 S1 Mode0 configure core
L213 S1 Mode0 start
L213 S1 Mode0 D0: PASS, Error: 0
L213 S1 Mode0 Cycles: accel=48445, streamer=48470, wall=140590
L213 S1 Mode0 mcycle start-finish: accel=48452, streamer=48486
L213 v213_full_A4_S1in144_bank24 total checks: 1, total error: 0
L214 v214_full_A4_S1in144_bank32 staging dataset: bytes=4592512 A_stride=4128 B0_bank=0 B1_bank=52 D0_bank=0 M1D0_bank=32 M1D1_minus_D0=2048 M1_row_stride=4128 shape_A_strides=[4128,4096,4176]
L214 v214_full_A4_S1in144_bank32 DMA staging cycles: 76882
L214 v214_full_A4_S1in144_bank32 dataset ready
L214 S1 start
L214 S1 Mode0 configure streamer
L214 S1 Mode0 configure core
L214 S1 Mode0 start
L214 S1 Mode0 D0: PASS, Error: 0
L214 S1 Mode0 Cycles: accel=50383, streamer=50408, wall=142501
L214 S1 Mode0 mcycle start-finish: accel=50390, streamer=50424
L214 v214_full_A4_S1in144_bank32 total checks: 1, total error: 0
L215 v215_full_A4_S1in144_bank40 staging dataset: bytes=4592512 A_stride=4128 B0_bank=0 B1_bank=52 D0_bank=0 M1D0_bank=32 M1D1_minus_D0=2048 M1_row_stride=4128 shape_A_strides=[4128,4096,4176]
L215 v215_full_A4_S1in144_bank40 DMA staging cycles: 76886
L215 v215_full_A4_S1in144_bank40 dataset ready
L215 S1 start
L215 S1 Mode0 configure streamer
L215 S1 Mode0 configure core
L215 S1 Mode0 start
L215 S1 Mode0 D0: PASS, Error: 0
L215 S1 Mode0 Cycles: accel=47635, streamer=47660, wall=139806
L215 S1 Mode0 mcycle start-finish: accel=47642, streamer=47676
L215 v215_full_A4_S1in144_bank40 total checks: 1, total error: 0
L216 v216_full_A4_S1in144_bank48 staging dataset: bytes=4592512 A_stride=4128 B0_bank=0 B1_bank=52 D0_bank=0 M1D0_bank=32 M1D1_minus_D0=2048 M1_row_stride=4128 shape_A_strides=[4128,4096,4176]
L216 v216_full_A4_S1in144_bank48 DMA staging cycles: 76889
L216 v216_full_A4_S1in144_bank48 dataset ready
L216 S1 start
L216 S1 Mode0 configure streamer
L216 S1 Mode0 configure core
L216 S1 Mode0 start
L216 S1 Mode0 D0: PASS, Error: 0
L216 S1 Mode0 Cycles: accel=51421, streamer=51446, wall=143600
L216 S1 Mode0 mcycle start-finish: accel=51428, streamer=51456
L216 v216_full_A4_S1in144_bank48 total checks: 1, total error: 0
L217 v217_full_A4_S1in144_bank56 staging dataset: bytes=4592512 A_stride=4128 B0_bank=0 B1_bank=52 D0_bank=0 M1D0_bank=32 M1D1_minus_D0=2048 M1_row_stride=4128 shape_A_strides=[4128,4096,4176]
L217 v217_full_A4_S1in144_bank56 DMA staging cycles: 76884
L217 v217_full_A4_S1in144_bank56 dataset ready
L217 S1 start
L217 S1 Mode0 configure streamer
L217 S1 Mode0 configure core
L217 S1 Mode0 start
L217 S1 Mode0 D0: PASS, Error: 0
L217 S1 Mode0 Cycles: accel=52227, streamer=52252, wall=144396
L217 S1 Mode0 mcycle start-finish: accel=52232, streamer=52261
L217 v217_full_A4_S1in144_bank56 total checks: 1, total error: 0
[fesvr] Wrote 36 bytes of bootrom to 0x1000
[fesvr] Wrote entry point 0x80000000 to bootloader slot 0x1020
[fesvr] Wrote 72 bytes of bootdata to 0x1024
[Tracer] Logging Hart          0 to logs/trace_chip_00_hart_00000.dasm
[Tracer] Logging Hart          1 to logs/trace_chip_00_hart_00001.dasm
