K8 8x4 Mode1 per-token layout exploration: layouts=50 shapes=3
L2 a_pad_64b_bank_inc8 staging dataset: bytes=4414480 A_stride=4160 B0_bank=0 B1_bank=0 D0_bank=0
L2 a_pad_64b_bank_inc8 dataset ready
L2 S2 start
L2 S2 Mode0 configure streamer
L2 S2 Mode0 configure core
L2 S2 Mode0 start
L2 S2 Mode0 wait accel
L2 S2 Mode0 wait writer
L2 S2 Mode0 D0: PASS, Error: 0
L2 S2 Mode0 Cycles: accel=25115, streamer=25152, wall=35618
L2 S2 Mode1 configure streamer
L2 S2 Mode1 configure core
L2 S2 Mode1 start
L2 S2 Mode1 wait accel
L2 S2 Mode1 wait writer
L2 S2 Mode1 D0: PASS, Error: 0
L2 S2 Mode1 D1: PASS, Error: 0
L2 S2 Mode1 Cycles: accel=11288, streamer=11306, wall=21903
L2 a_pad_64b_bank_inc8 total checks: 3, total error: 0
[fesvr] Wrote 36 bytes of bootrom to 0x1000
[fesvr] Wrote entry point 0x80000000 to bootloader slot 0x1020
[fesvr] Wrote 72 bytes of bootdata to 0x1024
[Tracer] Logging Hart          0 to logs/trace_chip_00_hart_00000.dasm
[Tracer] Logging Hart          1 to logs/trace_chip_00_hart_00001.dasm
