K8 8x4 Mode1 per-token layout exploration: layouts=50 shapes=3
L42 a32_b1_bank44_w2_16_48 staging dataset: bytes=4417552 A_stride=4128 B0_bank=0 B1_bank=44 D0_bank=0
L42 a32_b1_bank44_w2_16_48 dataset ready
L42 S1 start
L42 S1 Mode0 configure streamer
L42 S1 Mode0 configure core
L42 S1 Mode0 start
L42 S1 Mode0 wait accel
L42 S1 Mode0 wait writer
L42 S1 Mode0 D0: PASS, Error: 0
L42 S1 Mode0 Cycles: accel=45086, streamer=45110, wall=55808
L42 S1 Mode1 configure streamer
L42 S1 Mode1 configure core
L42 S1 Mode1 start
L42 S1 Mode1 wait accel
L42 S1 Mode1 wait writer
L42 S1 Mode1 D0: PASS, Error: 0
L42 S1 Mode1 D1: PASS, Error: 0
L42 S1 Mode1 Cycles: accel=24400, streamer=24418, wall=35324
L42 a32_b1_bank44_w2_16_48 total checks: 3, total error: 0
[fesvr] Wrote 36 bytes of bootrom to 0x1000
[fesvr] Wrote entry point 0x80000000 to bootloader slot 0x1020
[fesvr] Wrote 72 bytes of bootdata to 0x1024
[Tracer] Logging Hart          0 to logs/trace_chip_00_hart_00000.dasm
[Tracer] Logging Hart          1 to logs/trace_chip_00_hart_00001.dasm
