=== RELINK L49 MODE0 ===
make: Entering directory '/esat/studscratch/r1015498/Thesis/original_snax/snax_cluster/target/snitch_cluster/sw/apps/snax-versacore-int16x4-multishape-k8-8x4-layout-explore'
clang -DSELECT_LAYOUT=49 -DRUN_MODE1=0 --target=riscv32-unknown-elf -mcpu=generic-rv32 -march=rv32imafdzfh -fno-builtin-memset -DPRINTF_DISABLE_SUPPORT_LONG_LONG -Idata -I../../snax/dual-versacore-swiglu/include -I/esat/studscratch/r1015498/Thesis/original_snax/snax_cluster/target/snitch_cluster/sw/runtime/rtl-generic/src -I/esat/studscratch/r1015498/Thesis/original_snax/snax_cluster/target/snitch_cluster/sw/runtime/rtl-generic/../common -I/esat/studscratch/r1015498/Thesis/original_snax/snax_cluster/sw/snRuntime/api -I/esat/studscratch/r1015498/Thesis/original_snax/snax_cluster/sw/snRuntime/api/omp -I/esat/studscratch/r1015498/Thesis/original_snax/snax_cluster/sw/snRuntime/src -I/esat/studscratch/r1015498/Thesis/original_snax/snax_cluster/sw/snRuntime/src/omp -I/esat/studscratch/r1015498/Thesis/original_snax/snax_cluster/sw/deps/riscv-opcodes -I/esat/studscratch/r1015498/Thesis/original_snax/snax_cluster/sw/math/include -mabi=ilp32d -mcmodel=medany -ffast-math -fno-builtin-printf -fno-builtin-sqrtf -fno-common -fopenmp -ftls-model=local-exec -O3 -D__DEFINED_uint64_t -MM -MT '/esat/studscratch/r1015498/Thesis/original_snax/snax_cluster/target/snitch_cluster/sw/apps/snax-versacore-int16x4-multishape-k8-8x4-layout-explore/build/snax-versacore-int16x4-multishape-k8-8x4-layout-explore.elf' src/snax-versacore-int16x4-multishape-k8-8x4-layout-explore.c > /esat/studscratch/r1015498/Thesis/original_snax/snax_cluster/target/snitch_cluster/sw/apps/snax-versacore-int16x4-multishape-k8-8x4-layout-explore/build/snax-versacore-int16x4-multishape-k8-8x4-layout-explore.d
clang -DSELECT_LAYOUT=49 -DRUN_MODE1=0 --target=riscv32-unknown-elf -mcpu=generic-rv32 -march=rv32imafdzfh -fno-builtin-memset -DPRINTF_DISABLE_SUPPORT_LONG_LONG -Idata -I../../snax/dual-versacore-swiglu/include -I/esat/studscratch/r1015498/Thesis/original_snax/snax_cluster/target/snitch_cluster/sw/runtime/rtl-generic/src -I/esat/studscratch/r1015498/Thesis/original_snax/snax_cluster/target/snitch_cluster/sw/runtime/rtl-generic/../common -I/esat/studscratch/r1015498/Thesis/original_snax/snax_cluster/sw/snRuntime/api -I/esat/studscratch/r1015498/Thesis/original_snax/snax_cluster/sw/snRuntime/api/omp -I/esat/studscratch/r1015498/Thesis/original_snax/snax_cluster/sw/snRuntime/src -I/esat/studscratch/r1015498/Thesis/original_snax/snax_cluster/sw/snRuntime/src/omp -I/esat/studscratch/r1015498/Thesis/original_snax/snax_cluster/sw/deps/riscv-opcodes -I/esat/studscratch/r1015498/Thesis/original_snax/snax_cluster/sw/math/include -mabi=ilp32d -mcmodel=medany -ffast-math -fno-builtin-printf -fno-builtin-sqrtf -fno-common -fopenmp -ftls-model=local-exec -O3 -D__DEFINED_uint64_t ../../snax/dual-versacore-swiglu/build/snax-dual-versacore-swiglu-lib.o -fuse-ld=lld -nostdlib -L/esat/studscratch/r1015498/Thesis/original_snax/snax_cluster/target/snitch_cluster/sw/runtime/rtl-generic -T/esat/studscratch/r1015498/Thesis/original_snax/snax_cluster/sw/snRuntime/base.ld -L/esat/studscratch/r1015498/Thesis/original_snax/snax_cluster/target/snitch_cluster/sw/math/build/ -L/esat/studscratch/r1015498/Thesis/original_snax/snax_cluster/target/snitch_cluster/sw/runtime/rtl-generic/build/ -lmath -lsnRuntime src/snax-versacore-int16x4-multishape-k8-8x4-layout-explore.c -o /esat/studscratch/r1015498/Thesis/original_snax/snax_cluster/target/snitch_cluster/sw/apps/snax-versacore-int16x4-multishape-k8-8x4-layout-explore/build/snax-versacore-int16x4-multishape-k8-8x4-layout-explore.elf
In file included from src/snax-versacore-int16x4-multishape-k8-8x4-layout-explore.c:4:
../../snax/dual-versacore-swiglu/include/snax-dual-versacore-swiglu-lib.h:98:5: warning: static function 'csrw_ss' is used in an inline function with external linkage [-Wstatic-in-inline]
   98 |     csrw_ss(STREAMER_START_CSR, 1);
      |     ^
../../snax/dual-versacore-swiglu/include/snax-dual-versacore-swiglu-lib.h:97:1: note: use 'static' to give inline function 'set_dual_versacore_streamer_start' internal linkage
   97 | inline void set_dual_versacore_streamer_start() {
      | ^
      | static 
/esat/studscratch/r1015498/Thesis/original_snax/snax_cluster/sw/snRuntime/src/csr.h:451:13: note: 'csrw_ss' declared here
  451 | static void csrw_ss(uint32_t csr_address, uint32_t value) {
      |             ^
In file included from src/snax-versacore-int16x4-multishape-k8-8x4-layout-explore.c:4:
../../snax/dual-versacore-swiglu/include/snax-dual-versacore-swiglu-lib.h:119:42: warning: static function 'csrw_ss' is used in an inline function with external linkage [-Wstatic-in-inline]
  119 | inline void set_dual_versacore_start() { csrw_ss(DUAL_VC_START, 1); }
      |                                          ^
../../snax/dual-versacore-swiglu/include/snax-dual-versacore-swiglu-lib.h:119:1: note: use 'static' to give inline function 'set_dual_versacore_start' internal linkage
  119 | inline void set_dual_versacore_start() { csrw_ss(DUAL_VC_START, 1); }
      | ^
      | static 
/esat/studscratch/r1015498/Thesis/original_snax/snax_cluster/sw/snRuntime/src/csr.h:451:13: note: 'csrw_ss' declared here
  451 | static void csrw_ss(uint32_t csr_address, uint32_t value) {
      |             ^
2 warnings generated.
make: Leaving directory '/esat/studscratch/r1015498/Thesis/original_snax/snax_cluster/target/snitch_cluster/sw/apps/snax-versacore-int16x4-multishape-k8-8x4-layout-explore'
=== RUN L49 MODE0 ===
K8 8x4 layout exploration: layouts=50 shapes=3
L49 a56_b1_bank52 staging dataset: bytes=4415504 A_stride=4152 B0_bank=0 B1_bank=52 D0_bank=0
L49 a56_b1_bank52 dataset ready
L49 S0 start
L49 S0 Mode0 configure streamer
L49 S0 Mode0 configure core
L49 S0 Mode0 start
L49 S0 Mode0 wait accel
L49 S0 Mode0 wait writer
L49 S0 Mode0 D0: PASS, Error: 0
L49 S0 Mode0 Cycles: accel=90117, streamer=90141, wall=100905
L49 S1 start
L49 S1 Mode0 configure streamer
L49 S1 Mode0 configure core
L49 S1 Mode0 start
L49 S1 Mode0 wait accel
L49 S1 Mode0 wait writer
L49 S1 Mode0 D0: PASS, Error: 0
L49 S1 Mode0 Cycles: accel=45086, streamer=45110, wall=55611
L49 S2 start
L49 S2 Mode0 configure streamer
L49 S2 Mode0 configure core
L49 S2 Mode0 start
L49 S2 Mode0 wait accel
L49 S2 Mode0 wait writer
L49 S2 Mode0 D0: PASS, Error: 0
L49 S2 Mode0 Cycles: accel=22549, streamer=22573, wall=32810
L49 a56_b1_bank52 total checks: 3, total error: 0
[fesvr] Wrote 36 bytes of bootrom to 0x1000
[fesvr] Wrote entry point 0x80000000 to bootloader slot 0x1020
[fesvr] Wrote 72 bytes of bootdata to 0x1024
[Tracer] Logging Hart          0 to logs/trace_chip_00_hart_00000.dasm
[Tracer] Logging Hart          1 to logs/trace_chip_00_hart_00001.dasm
=== STATUS L49 MODE0: 0 ===
