L45 a56_b1_bank28 staging dataset: bytes=4415504 A_stride=4152 B0_bank=0 B1_bank=28 D0_bank=0
L45 S0 Mode0 D0: PASS, Error: 0
L45 S0 Mode0 Cycles: accel=90117, streamer=90141, wall=100905
L45 S1 Mode0 D0: PASS, Error: 0
L45 S1 Mode0 Cycles: accel=45086, streamer=45110, wall=55609
L45 S2 Mode0 D0: PASS, Error: 0
L45 S2 Mode0 Cycles: accel=22549, streamer=22573, wall=32809
L45 a56_b1_bank28 total checks: 3, total error: 0
=== STATUS L45 MODE0: 0 ===
L46 a56_b1_bank32 staging dataset: bytes=4415504 A_stride=4152 B0_bank=0 B1_bank=32 D0_bank=0
L46 S0 Mode0 D0: PASS, Error: 0
L46 S0 Mode0 Cycles: accel=90139, streamer=90163, wall=100911
L46 S1 Mode0 D0: PASS, Error: 0
L46 S1 Mode0 Cycles: accel=45106, streamer=45130, wall=55513
L46 S2 Mode0 D0: PASS, Error: 0
L46 S2 Mode0 Cycles: accel=22549, streamer=22573, wall=32826
L46 a56_b1_bank32 total checks: 3, total error: 0
=== STATUS L46 MODE0: 0 ===
L47 a56_b1_bank36 staging dataset: bytes=4415504 A_stride=4152 B0_bank=0 B1_bank=36 D0_bank=0
L47 S0 Mode0 D0: PASS, Error: 0
L47 S0 Mode0 Cycles: accel=90161, streamer=90185, wall=100914
L47 S1 Mode0 D0: PASS, Error: 0
L47 S1 Mode0 Cycles: accel=45106, streamer=45130, wall=55513
L47 S2 Mode0 D0: PASS, Error: 0
L47 S2 Mode0 Cycles: accel=22549, streamer=22573, wall=32813
L47 a56_b1_bank36 total checks: 3, total error: 0
=== STATUS L47 MODE0: 0 ===
L48 a56_b1_bank44 staging dataset: bytes=4415504 A_stride=4152 B0_bank=0 B1_bank=44 D0_bank=0
L48 S0 Mode0 D0: PASS, Error: 0
L48 S0 Mode0 Cycles: accel=90161, streamer=90185, wall=100908
L48 S1 Mode0 D0: PASS, Error: 0
L48 S1 Mode0 Cycles: accel=45086, streamer=45110, wall=55412
L48 S2 Mode0 D0: PASS, Error: 0
L48 S2 Mode0 Cycles: accel=22549, streamer=22573, wall=32720
L48 a56_b1_bank44 total checks: 3, total error: 0
=== STATUS L48 MODE0: 0 ===
L49 a56_b1_bank52 staging dataset: bytes=4415504 A_stride=4152 B0_bank=0 B1_bank=52 D0_bank=0
L49 S0 Mode0 D0: PASS, Error: 0
L49 S0 Mode0 Cycles: accel=90117, streamer=90141, wall=100905
L49 S1 Mode0 D0: PASS, Error: 0
L49 S1 Mode0 Cycles: accel=45086, streamer=45110, wall=55611
L49 S2 Mode0 D0: PASS, Error: 0
L49 S2 Mode0 Cycles: accel=22549, streamer=22573, wall=32810
L49 a56_b1_bank52 total checks: 3, total error: 0
=== STATUS L49 MODE0: 0 ===
=== BATCH L45-L49 DONE ===
