Small MoE K8 8x4 padded-contiguous L15 app: layouts=90 shapes=3
L88 v88_shapeA_32_16_80_s0linear_s1panel16 DMA staging cycles: 4074
L88 v88_shapeA_32_16_80_s0linear_s1panel16 staging dataset: bytes=268160 A_stride=2080 B0_bank=0 B1_bank=52 D0_bank=0 M1D0_bank=32 M1D1_minus_D0=1024 M1_row_stride=2080 shape_A_strides=[2080,2064,2128]
L88 v88_shapeA_32_16_80_s0linear_s1panel16 dataset ready
L88 S0 start
L88 S0 Mode0 configure streamer
L88 S0 Mode0 configure core
L88 S0 Mode0 start
L88 S0 Mode0 D0: PASS, Error: 0
L88 S0 Mode0 Cycles: accel=4101, streamer=4126, wall=39696
L88 S0 Mode0 mcycle start-finish: accel=4107, streamer=4141
L88 S0 Mode1 configure streamer
L88 S0 Mode1 configure core
L88 S0 Mode1 start
L88 S0 Mode1 D padded-contiguous: PASS, Error: 0
L88 S0 Mode1 Cycles: accel=2179, streamer=2199, wall=206818
L88 S0 Mode1 mcycle start-finish: accel=2186, streamer=2208
L88 S1 start
L88 S1 Mode0 configure streamer
L88 S1 Mode0 configure core
L88 S1 Mode0 start
L88 S1 Mode0 D0: PASS, Error: 0
L88 S1 Mode0 Cycles: accel=2056, streamer=2081, wall=36579
L88 S1 Mode0 mcycle start-finish: accel=2061, streamer=2085
L88 S1 Mode1 configure streamer
L88 S1 Mode1 configure core
L88 S1 Mode1 start
L88 S1 Mode1 D padded-contiguous: PASS, Error: 0
L88 S1 Mode1 Cycles: accel=1117, streamer=1137, wall=108997
L88 S1 Mode1 mcycle start-finish: accel=1124, streamer=1146
L88 S2 start
L88 S2 Mode0 configure streamer
L88 S2 Mode0 configure core
L88 S2 Mode0 start
L88 S2 Mode0 D0: PASS, Error: 0
L88 S2 Mode0 Cycles: accel=1034, streamer=1059, wall=18295
L88 S2 Mode0 mcycle start-finish: accel=1041, streamer=1066
L88 S2 Mode1 configure streamer
L88 S2 Mode1 configure core
L88 S2 Mode1 start
L88 S2 Mode1 D padded-contiguous: PASS, Error: 0
L88 S2 Mode1 Cycles: accel=535, streamer=555, wall=62402
L88 S2 Mode1 mcycle start-finish: accel=542, streamer=564
L88 v88_shapeA_32_16_80_s0linear_s1panel16 total checks: 6, total error: 0
[fesvr] Wrote 36 bytes of bootrom to 0x1000
[fesvr] Wrote entry point 0x80000000 to bootloader slot 0x1020
[fesvr] Wrote 72 bytes of bootdata to 0x1024
[Tracer] Logging Hart          0 to logs/trace_chip_00_hart_00000.dasm
[Tracer] Logging Hart          1 to logs/trace_chip_00_hart_00001.dasm
