Small MoE K8 8x4 padded-contiguous L15 app: layouts=90 shapes=3
L89 v89_shapeA_64_0_80_s0linear_s1panel16 DMA staging cycles: 4102
L89 v89_shapeA_64_0_80_s0linear_s1panel16 staging dataset: bytes=269184 A_stride=2112 B0_bank=0 B1_bank=52 D0_bank=0 M1D0_bank=32 M1D1_minus_D0=1024 M1_row_stride=2112 shape_A_strides=[2112,2048,2128]
L89 v89_shapeA_64_0_80_s0linear_s1panel16 dataset ready
L89 S0 start
L89 S0 Mode0 configure streamer
L89 S0 Mode0 configure core
L89 S0 Mode0 start
L89 S0 Mode0 D0: PASS, Error: 0
L89 S0 Mode0 Cycles: accel=4116, streamer=4141, wall=39696
L89 S0 Mode0 mcycle start-finish: accel=4120, streamer=4155
L89 S0 Mode1 configure streamer
L89 S0 Mode1 configure core
L89 S0 Mode1 start
L89 S0 Mode1 D padded-contiguous: PASS, Error: 0
L89 S0 Mode1 Cycles: accel=2224, streamer=2245, wall=209739
L89 S0 Mode1 mcycle start-finish: accel=2229, streamer=2261
L89 S1 start
L89 S1 Mode0 configure streamer
L89 S1 Mode0 configure core
L89 S1 Mode0 start
L89 S1 Mode0 D0: PASS, Error: 0
L89 S1 Mode0 Cycles: accel=2062, streamer=2087, wall=36402
L89 S1 Mode0 mcycle start-finish: accel=2068, streamer=2092
L89 S1 Mode1 configure streamer
L89 S1 Mode1 configure core
L89 S1 Mode1 start
L89 S1 Mode1 D padded-contiguous: PASS, Error: 0
L89 S1 Mode1 Cycles: accel=1107, streamer=1127, wall=108192
L89 S1 Mode1 mcycle start-finish: accel=1113, streamer=1135
L89 S2 start
L89 S2 Mode0 configure streamer
L89 S2 Mode0 configure core
L89 S2 Mode0 start
L89 S2 Mode0 D0: PASS, Error: 0
L89 S2 Mode0 Cycles: accel=1035, streamer=1060, wall=18395
L89 S2 Mode0 mcycle start-finish: accel=1042, streamer=1067
L89 S2 Mode1 configure streamer
L89 S2 Mode1 configure core
L89 S2 Mode1 start
L89 S2 Mode1 D padded-contiguous: PASS, Error: 0
L89 S2 Mode1 Cycles: accel=535, streamer=555, wall=62393
L89 S2 Mode1 mcycle start-finish: accel=543, streamer=565
L89 v89_shapeA_64_0_80_s0linear_s1panel16 total checks: 6, total error: 0
[fesvr] Wrote 36 bytes of bootrom to 0x1000
[fesvr] Wrote entry point 0x80000000 to bootloader slot 0x1020
[fesvr] Wrote 72 bytes of bootdata to 0x1024
[Tracer] Logging Hart          0 to logs/trace_chip_00_hart_00000.dasm
[Tracer] Logging Hart          1 to logs/trace_chip_00_hart_00001.dasm
