Small MoE K8 8x4 padded-contiguous L15 app: layouts=50 shapes=3
L14 v14_pad32_b1bank62 DMA staging cycles: 3527
L14 v14_pad32_b1bank62 staging dataset: bytes=235008 A_stride=2080 B0_bank=0 B1_bank=62 D0_bank=0 M1D0_bank=32 M1D1_minus_D0=1024 M1_row_stride=2080
L14 v14_pad32_b1bank62 dataset ready
L14 S0 start
L14 S0 Mode0 configure streamer
L14 S0 Mode0 configure core
L14 S0 Mode0 start
L14 S0 Mode0 D0: PASS, Error: 0
L14 S0 Mode0 Cycles: accel=4100, streamer=4126, wall=39797
L14 S0 Mode0 mcycle start-finish: accel=4106, streamer=4156
L14 S0 Mode1 configure streamer
L14 S0 Mode1 configure core
L14 S0 Mode1 start
L14 S0 Mode1 D padded-contiguous: PASS, Error: 0
L14 S0 Mode1 Cycles: accel=2179, streamer=2199, wall=206701
L14 S0 Mode1 mcycle start-finish: accel=2182, streamer=2215
L14 S1 start
L14 S1 Mode0 configure streamer
L14 S1 Mode0 configure core
L14 S1 Mode0 start
L14 S1 Mode0 D0: PASS, Error: 0
L14 S1 Mode0 Cycles: accel=2058, streamer=2084, wall=25502
L14 S1 Mode0 mcycle start-finish: accel=2066, streamer=2102
L14 S1 Mode1 configure streamer
L14 S1 Mode1 configure core
L14 S1 Mode1 start
L14 S1 Mode1 D padded-contiguous: PASS, Error: 0
L14 S1 Mode1 Cycles: accel=1109, streamer=1129, wall=109702
L14 S1 Mode1 mcycle start-finish: accel=1116, streamer=1149
L14 S2 start
L14 S2 Mode0 configure streamer
L14 S2 Mode0 configure core
L14 S2 Mode0 start
L14 S2 Mode0 D0: PASS, Error: 0
L14 S2 Mode0 Cycles: accel=1042, streamer=1068, wall=18424
L14 S2 Mode0 mcycle start-finish: accel=1046, streamer=1088
L14 S2 Mode1 configure streamer
L14 S2 Mode1 configure core
L14 S2 Mode1 start
L14 S2 Mode1 D padded-contiguous: PASS, Error: 0
L14 S2 Mode1 Cycles: accel=543, streamer=563, wall=61407
L14 S2 Mode1 mcycle start-finish: accel=550, streamer=583
L14 v14_pad32_b1bank62 total checks: 6, total error: 0
[fesvr] Wrote 36 bytes of bootrom to 0x1000
[fesvr] Wrote entry point 0x80000000 to bootloader slot 0x1020
[fesvr] Wrote 72 bytes of bootdata to 0x1024
[Tracer] Logging Hart          0 to logs/trace_chip_00_hart_00000.dasm
[Tracer] Logging Hart          1 to logs/trace_chip_00_hart_00001.dasm
