Small MoE K8 8x4 padded-contiguous L15 app: layouts=75 shapes=3
L72 v72_shapeA_32_0_80_b0bank24_b1bank42 DMA staging cycles: 4113
L72 v72_shapeA_32_0_80_b0bank24_b1bank42 staging dataset: bytes=269184 A_stride=2080 B0_bank=24 B1_bank=42 D0_bank=0 M1D0_bank=32 M1D1_minus_D0=1024 M1_row_stride=2080 shape_A_strides=[2080,2048,2128]
L72 v72_shapeA_32_0_80_b0bank24_b1bank42 dataset ready
L72 S0 start
L72 S0 Mode0 configure streamer
L72 S0 Mode0 configure core
L72 S0 Mode0 start
L72 S0 Mode0 D0: PASS, Error: 0
L72 S0 Mode0 Cycles: accel=4100, streamer=4135, wall=39704
L72 S0 Mode0 mcycle start-finish: accel=4114, streamer=4151
L72 S0 Mode1 configure streamer
L72 S0 Mode1 configure core
L72 S0 Mode1 start
L72 S0 Mode1 D padded-contiguous: PASS, Error: 0
L72 S0 Mode1 Cycles: accel=2179, streamer=2199, wall=206825
L72 S0 Mode1 mcycle start-finish: accel=2186, streamer=2218
L72 S1 start
L72 S1 Mode0 configure streamer
L72 S1 Mode0 configure core
L72 S1 Mode0 start
L72 S1 Mode0 D0: PASS, Error: 0
L72 S1 Mode0 Cycles: accel=2052, streamer=2087, wall=25407
L72 S1 Mode0 mcycle start-finish: accel=2069, streamer=2095
L72 S1 Mode1 configure streamer
L72 S1 Mode1 configure core
L72 S1 Mode1 start
L72 S1 Mode1 D padded-contiguous: PASS, Error: 0
L72 S1 Mode1 Cycles: accel=1106, streamer=1126, wall=108292
L72 S1 Mode1 mcycle start-finish: accel=1112, streamer=1144
L72 S2 start
L72 S2 Mode0 configure streamer
L72 S2 Mode0 configure core
L72 S2 Mode0 start
L72 S2 Mode0 D0: PASS, Error: 0
L72 S2 Mode0 Cycles: accel=1027, streamer=1062, wall=18508
L72 S2 Mode0 mcycle start-finish: accel=1043, streamer=1069
L72 S2 Mode1 configure streamer
L72 S2 Mode1 configure core
L72 S2 Mode1 start
L72 S2 Mode1 D padded-contiguous: PASS, Error: 0
L72 S2 Mode1 Cycles: accel=535, streamer=555, wall=62410
L72 S2 Mode1 mcycle start-finish: accel=542, streamer=564
L72 v72_shapeA_32_0_80_b0bank24_b1bank42 total checks: 6, total error: 0
[fesvr] Wrote 36 bytes of bootrom to 0x1000
[fesvr] Wrote entry point 0x80000000 to bootloader slot 0x1020
[fesvr] Wrote 72 bytes of bootdata to 0x1024
[Tracer] Logging Hart          0 to logs/trace_chip_00_hart_00000.dasm
[Tracer] Logging Hart          1 to logs/trace_chip_00_hart_00001.dasm
