Small MoE K8 8x4 padded-contiguous L15 app: layouts=75 shapes=3
L73 v73_shapeA_32_0_80_b0bank32_b1bank58 DMA staging cycles: 4114
L73 v73_shapeA_32_0_80_b0bank32_b1bank58 staging dataset: bytes=269184 A_stride=2080 B0_bank=32 B1_bank=58 D0_bank=0 M1D0_bank=32 M1D1_minus_D0=1024 M1_row_stride=2080 shape_A_strides=[2080,2048,2128]
L73 v73_shapeA_32_0_80_b0bank32_b1bank58 dataset ready
L73 S0 start
L73 S0 Mode0 configure streamer
L73 S0 Mode0 configure core
L73 S0 Mode0 start
L73 S0 Mode0 D0: PASS, Error: 0
L73 S0 Mode0 Cycles: accel=4099, streamer=4135, wall=39606
L73 S0 Mode0 mcycle start-finish: accel=4115, streamer=4150
L73 S0 Mode1 configure streamer
L73 S0 Mode1 configure core
L73 S0 Mode1 start
L73 S0 Mode1 D padded-contiguous: PASS, Error: 0
L73 S0 Mode1 Cycles: accel=2179, streamer=2199, wall=206932
L73 S0 Mode1 mcycle start-finish: accel=2187, streamer=2220
L73 S1 start
L73 S1 Mode0 configure streamer
L73 S1 Mode0 configure core
L73 S1 Mode0 start
L73 S1 Mode0 D0: PASS, Error: 0
L73 S1 Mode0 Cycles: accel=2054, streamer=2090, wall=25404
L73 S1 Mode0 mcycle start-finish: accel=2070, streamer=2100
L73 S1 Mode1 configure streamer
L73 S1 Mode1 configure core
L73 S1 Mode1 start
L73 S1 Mode1 D padded-contiguous: PASS, Error: 0
L73 S1 Mode1 Cycles: accel=1106, streamer=1126, wall=108295
L73 S1 Mode1 mcycle start-finish: accel=1113, streamer=1146
L73 S2 start
L73 S2 Mode0 configure streamer
L73 S2 Mode0 configure core
L73 S2 Mode0 start
L73 S2 Mode0 D0: PASS, Error: 0
L73 S2 Mode0 Cycles: accel=1027, streamer=1063, wall=18398
L73 S2 Mode0 mcycle start-finish: accel=1044, streamer=1068
L73 S2 Mode1 configure streamer
L73 S2 Mode1 configure core
L73 S2 Mode1 start
L73 S2 Mode1 D padded-contiguous: PASS, Error: 0
L73 S2 Mode1 Cycles: accel=535, streamer=555, wall=62406
L73 S2 Mode1 mcycle start-finish: accel=543, streamer=576
L73 v73_shapeA_32_0_80_b0bank32_b1bank58 total checks: 6, total error: 0
[fesvr] Wrote 36 bytes of bootrom to 0x1000
[fesvr] Wrote entry point 0x80000000 to bootloader slot 0x1020
[fesvr] Wrote 72 bytes of bootdata to 0x1024
[Tracer] Logging Hart          0 to logs/trace_chip_00_hart_00000.dasm
[Tracer] Logging Hart          1 to logs/trace_chip_00_hart_00001.dasm
