Small MoE K8 8x4 padded-contiguous L15 app: layouts=75 shapes=3
L70 v70_shapeA_32_0_80_b0bank08_b1bank34 DMA staging cycles: 4113
L70 v70_shapeA_32_0_80_b0bank08_b1bank34 staging dataset: bytes=269184 A_stride=2080 B0_bank=8 B1_bank=34 D0_bank=0 M1D0_bank=32 M1D1_minus_D0=1024 M1_row_stride=2080 shape_A_strides=[2080,2048,2128]
L70 v70_shapeA_32_0_80_b0bank08_b1bank34 dataset ready
L70 S0 start
L70 S0 Mode0 configure streamer
L70 S0 Mode0 configure core
L70 S0 Mode0 start
L70 S0 Mode0 D0: PASS, Error: 0
L70 S0 Mode0 Cycles: accel=4100, streamer=4136, wall=39710
L70 S0 Mode0 mcycle start-finish: accel=4115, streamer=4150
L70 S0 Mode1 configure streamer
L70 S0 Mode1 configure core
L70 S0 Mode1 start
L70 S0 Mode1 D padded-contiguous: PASS, Error: 0
L70 S0 Mode1 Cycles: accel=2179, streamer=2199, wall=206932
L70 S0 Mode1 mcycle start-finish: accel=2187, streamer=2220
L70 S1 start
L70 S1 Mode0 configure streamer
L70 S1 Mode0 configure core
L70 S1 Mode0 start
L70 S1 Mode0 D0: PASS, Error: 0
L70 S1 Mode0 Cycles: accel=2061, streamer=2097, wall=25500
L70 S1 Mode0 mcycle start-finish: accel=2076, streamer=2106
L70 S1 Mode1 configure streamer
L70 S1 Mode1 configure core
L70 S1 Mode1 start
L70 S1 Mode1 D padded-contiguous: PASS, Error: 0
L70 S1 Mode1 Cycles: accel=1106, streamer=1126, wall=108295
L70 S1 Mode1 mcycle start-finish: accel=1113, streamer=1146
L70 S2 start
L70 S2 Mode0 configure streamer
L70 S2 Mode0 configure core
L70 S2 Mode0 start
L70 S2 Mode0 D0: PASS, Error: 0
L70 S2 Mode0 Cycles: accel=1028, streamer=1064, wall=18403
L70 S2 Mode0 mcycle start-finish: accel=1044, streamer=1079
L70 S2 Mode1 configure streamer
L70 S2 Mode1 configure core
L70 S2 Mode1 start
L70 S2 Mode1 D padded-contiguous: PASS, Error: 0
L70 S2 Mode1 Cycles: accel=535, streamer=555, wall=62391
L70 S2 Mode1 mcycle start-finish: accel=543, streamer=576
L70 v70_shapeA_32_0_80_b0bank08_b1bank34 total checks: 6, total error: 0
[fesvr] Wrote 36 bytes of bootrom to 0x1000
[fesvr] Wrote entry point 0x80000000 to bootloader slot 0x1020
[fesvr] Wrote 72 bytes of bootdata to 0x1024
[Tracer] Logging Hart          0 to logs/trace_chip_00_hart_00000.dasm
[Tracer] Logging Hart          1 to logs/trace_chip_00_hart_00001.dasm
