Small MoE K8 8x4 padded-contiguous L15 app: layouts=70 shapes=3
L66 v66_shapeA_32_0_80_d16_m140 DMA staging cycles: 4112
L66 v66_shapeA_32_0_80_d16_m140 staging dataset: bytes=269248 A_stride=2080 B0_bank=0 B1_bank=52 D0_bank=16 M1D0_bank=40 M1D1_minus_D0=1024 M1_row_stride=2080 shape_A_strides=[2080,2048,2128]
L66 v66_shapeA_32_0_80_d16_m140 dataset ready
L66 S0 start
L66 S0 Mode0 configure streamer
L66 S0 Mode0 configure core
L66 S0 Mode0 start
L66 S0 Mode0 D0: PASS, Error: 0
L66 S0 Mode0 Cycles: accel=4099, streamer=4134, wall=39704
L66 S0 Mode0 mcycle start-finish: accel=4114, streamer=4151
L66 S0 Mode1 configure streamer
L66 S0 Mode1 configure core
L66 S0 Mode1 start
L66 S0 Mode1 D padded-contiguous: PASS, Error: 0
L66 S0 Mode1 Cycles: accel=2176, streamer=2196, wall=206819
L66 S0 Mode1 mcycle start-finish: accel=2180, streamer=2212
L66 S1 start
L66 S1 Mode0 configure streamer
L66 S1 Mode0 configure core
L66 S1 Mode0 start
L66 S1 Mode0 D0: PASS, Error: 0
L66 S1 Mode0 Cycles: accel=2051, streamer=2086, wall=25407
L66 S1 Mode0 mcycle start-finish: accel=2069, streamer=2095
L66 S1 Mode1 configure streamer
L66 S1 Mode1 configure core
L66 S1 Mode1 start
L66 S1 Mode1 D padded-contiguous: PASS, Error: 0
L66 S1 Mode1 Cycles: accel=1110, streamer=1130, wall=108298
L66 S1 Mode1 mcycle start-finish: accel=1118, streamer=1150
L66 S2 start
L66 S2 Mode0 configure streamer
L66 S2 Mode0 configure core
L66 S2 Mode0 start
L66 S2 Mode0 D0: PASS, Error: 0
L66 S2 Mode0 Cycles: accel=1027, streamer=1062, wall=18493
L66 S2 Mode0 mcycle start-finish: accel=1043, streamer=1069
L66 S2 Mode1 configure streamer
L66 S2 Mode1 configure core
L66 S2 Mode1 start
L66 S2 Mode1 D padded-contiguous: PASS, Error: 0
L66 S2 Mode1 Cycles: accel=536, streamer=556, wall=62395
L66 S2 Mode1 mcycle start-finish: accel=542, streamer=564
L66 v66_shapeA_32_0_80_d16_m140 total checks: 6, total error: 0
[fesvr] Wrote 36 bytes of bootrom to 0x1000
[fesvr] Wrote entry point 0x80000000 to bootloader slot 0x1020
[fesvr] Wrote 72 bytes of bootdata to 0x1024
[Tracer] Logging Hart          0 to logs/trace_chip_00_hart_00000.dasm
[Tracer] Logging Hart          1 to logs/trace_chip_00_hart_00001.dasm
