Small MoE K8 8x4 padded-contiguous L15 app: layouts=70 shapes=3
L67 v67_shapeA_32_0_80_d24_m148 DMA staging cycles: 4107
L67 v67_shapeA_32_0_80_d24_m148 staging dataset: bytes=269312 A_stride=2080 B0_bank=0 B1_bank=52 D0_bank=24 M1D0_bank=48 M1D1_minus_D0=1024 M1_row_stride=2080 shape_A_strides=[2080,2048,2128]
L67 v67_shapeA_32_0_80_d24_m148 dataset ready
L67 S0 start
L67 S0 Mode0 configure streamer
L67 S0 Mode0 configure core
L67 S0 Mode0 start
L67 S0 Mode0 D0: PASS, Error: 0
L67 S0 Mode0 Cycles: accel=4100, streamer=4126, wall=39692
L67 S0 Mode0 mcycle start-finish: accel=4107, streamer=4143
L67 S0 Mode1 configure streamer
L67 S0 Mode1 configure core
L67 S0 Mode1 start
L67 S0 Mode1 D padded-contiguous: PASS, Error: 0
L67 S0 Mode1 Cycles: accel=2176, streamer=2197, wall=206714
L67 S0 Mode1 mcycle start-finish: accel=2179, streamer=2201
L67 S1 start
L67 S1 Mode0 configure streamer
L67 S1 Mode0 configure core
L67 S1 Mode0 start
L67 S1 Mode0 D0: PASS, Error: 0
L67 S1 Mode0 Cycles: accel=2059, streamer=2085, wall=25505
L67 S1 Mode0 mcycle start-finish: accel=2068, streamer=2104
L67 S1 Mode1 configure streamer
L67 S1 Mode1 configure core
L67 S1 Mode1 start
L67 S1 Mode1 D padded-contiguous: PASS, Error: 0
L67 S1 Mode1 Cycles: accel=1111, streamer=1131, wall=108201
L67 S1 Mode1 mcycle start-finish: accel=1116, streamer=1139
L67 S2 start
L67 S2 Mode0 configure streamer
L67 S2 Mode0 configure core
L67 S2 Mode0 start
L67 S2 Mode0 D0: PASS, Error: 0
L67 S2 Mode0 Cycles: accel=1033, streamer=1059, wall=18508
L67 S2 Mode0 mcycle start-finish: accel=1042, streamer=1067
L67 S2 Mode1 configure streamer
L67 S2 Mode1 configure core
L67 S2 Mode1 start
L67 S2 Mode1 D padded-contiguous: PASS, Error: 0
L67 S2 Mode1 Cycles: accel=546, streamer=566, wall=62493
L67 S2 Mode1 mcycle start-finish: accel=553, streamer=575
L67 v67_shapeA_32_0_80_d24_m148 total checks: 6, total error: 0
[fesvr] Wrote 36 bytes of bootrom to 0x1000
[fesvr] Wrote entry point 0x80000000 to bootloader slot 0x1020
[fesvr] Wrote 72 bytes of bootdata to 0x1024
[Tracer] Logging Hart          0 to logs/trace_chip_00_hart_00000.dasm
[Tracer] Logging Hart          1 to logs/trace_chip_00_hart_00001.dasm
