Small MoE K8 8x4 padded-contiguous L15 app: layouts=70 shapes=3
L68 v68_shapeA_32_0_104_d16_m140 DMA staging cycles: 4110
L68 v68_shapeA_32_0_104_d16_m140 staging dataset: bytes=270464 A_stride=2080 B0_bank=0 B1_bank=52 D0_bank=16 M1D0_bank=40 M1D1_minus_D0=1024 M1_row_stride=2080 shape_A_strides=[2080,2048,2152]
L68 v68_shapeA_32_0_104_d16_m140 dataset ready
L68 S0 start
L68 S0 Mode0 configure streamer
L68 S0 Mode0 configure core
L68 S0 Mode0 start
L68 S0 Mode0 D0: PASS, Error: 0
L68 S0 Mode0 Cycles: accel=4100, streamer=4126, wall=39686
L68 S0 Mode0 mcycle start-finish: accel=4107, streamer=4143
L68 S0 Mode1 configure streamer
L68 S0 Mode1 configure core
L68 S0 Mode1 start
L68 S0 Mode1 D padded-contiguous: PASS, Error: 0
L68 S0 Mode1 Cycles: accel=2176, streamer=2196, wall=206921
L68 S0 Mode1 mcycle start-finish: accel=2179, streamer=2201
L68 S1 start
L68 S1 Mode0 configure streamer
L68 S1 Mode0 configure core
L68 S1 Mode0 start
L68 S1 Mode0 D0: PASS, Error: 0
L68 S1 Mode0 Cycles: accel=2059, streamer=2085, wall=25499
L68 S1 Mode0 mcycle start-finish: accel=2068, streamer=2093
L68 S1 Mode1 configure streamer
L68 S1 Mode1 configure core
L68 S1 Mode1 start
L68 S1 Mode1 D padded-contiguous: PASS, Error: 0
L68 S1 Mode1 Cycles: accel=1110, streamer=1130, wall=108285
L68 S1 Mode1 mcycle start-finish: accel=1116, streamer=1138
L68 S2 start
L68 S2 Mode0 configure streamer
L68 S2 Mode0 configure core
L68 S2 Mode0 start
L68 S2 Mode0 D0: PASS, Error: 0
L68 S2 Mode0 Cycles: accel=1032, streamer=1058, wall=18591
L68 S2 Mode0 mcycle start-finish: accel=1036, streamer=1067
L68 S2 Mode1 configure streamer
L68 S2 Mode1 configure core
L68 S2 Mode1 start
L68 S2 Mode1 D padded-contiguous: PASS, Error: 0
L68 S2 Mode1 Cycles: accel=536, streamer=556, wall=62931
L68 S2 Mode1 mcycle start-finish: accel=541, streamer=563
L68 v68_shapeA_32_0_104_d16_m140 total checks: 6, total error: 0
[fesvr] Wrote 36 bytes of bootrom to 0x1000
[fesvr] Wrote entry point 0x80000000 to bootloader slot 0x1020
[fesvr] Wrote 72 bytes of bootdata to 0x1024
[Tracer] Logging Hart          0 to logs/trace_chip_00_hart_00000.dasm
[Tracer] Logging Hart          1 to logs/trace_chip_00_hart_00001.dasm
