Small MoE K8 8x4 padded-contiguous L15 app: layouts=70 shapes=3
L69 v69_shapeA_32_0_104_d24_m148 DMA staging cycles: 4115
L69 v69_shapeA_32_0_104_d24_m148 staging dataset: bytes=270528 A_stride=2080 B0_bank=0 B1_bank=52 D0_bank=24 M1D0_bank=48 M1D1_minus_D0=1024 M1_row_stride=2080 shape_A_strides=[2080,2048,2152]
L69 v69_shapeA_32_0_104_d24_m148 dataset ready
L69 S0 start
L69 S0 Mode0 configure streamer
L69 S0 Mode0 configure core
L69 S0 Mode0 start
L69 S0 Mode0 D0: PASS, Error: 0
L69 S0 Mode0 Cycles: accel=4099, streamer=4134, wall=39704
L69 S0 Mode0 mcycle start-finish: accel=4114, streamer=4151
L69 S0 Mode1 configure streamer
L69 S0 Mode1 configure core
L69 S0 Mode1 start
L69 S0 Mode1 D padded-contiguous: PASS, Error: 0
L69 S0 Mode1 Cycles: accel=2176, streamer=2197, wall=206819
L69 S0 Mode1 mcycle start-finish: accel=2180, streamer=2212
L69 S1 start
L69 S1 Mode0 configure streamer
L69 S1 Mode0 configure core
L69 S1 Mode0 start
L69 S1 Mode0 D0: PASS, Error: 0
L69 S1 Mode0 Cycles: accel=2052, streamer=2087, wall=25407
L69 S1 Mode0 mcycle start-finish: accel=2069, streamer=2095
L69 S1 Mode1 configure streamer
L69 S1 Mode1 configure core
L69 S1 Mode1 start
L69 S1 Mode1 D padded-contiguous: PASS, Error: 0
L69 S1 Mode1 Cycles: accel=1111, streamer=1131, wall=108283
L69 S1 Mode1 mcycle start-finish: accel=1118, streamer=1150
L69 S2 start
L69 S2 Mode0 configure streamer
L69 S2 Mode0 configure core
L69 S2 Mode0 start
L69 S2 Mode0 D0: PASS, Error: 0
L69 S2 Mode0 Cycles: accel=1027, streamer=1062, wall=18493
L69 S2 Mode0 mcycle start-finish: accel=1043, streamer=1069
L69 S2 Mode1 configure streamer
L69 S2 Mode1 configure core
L69 S2 Mode1 start
L69 S2 Mode1 D padded-contiguous: PASS, Error: 0
L69 S2 Mode1 Cycles: accel=542, streamer=562, wall=63028
L69 S2 Mode1 mcycle start-finish: accel=548, streamer=570
L69 v69_shapeA_32_0_104_d24_m148 total checks: 6, total error: 0
[fesvr] Wrote 36 bytes of bootrom to 0x1000
[fesvr] Wrote entry point 0x80000000 to bootloader slot 0x1020
[fesvr] Wrote 72 bytes of bootdata to 0x1024
[Tracer] Logging Hart          0 to logs/trace_chip_00_hart_00000.dasm
[Tracer] Logging Hart          1 to logs/trace_chip_00_hart_00001.dasm
