Warning: Failed to write binary name to logs/.rtlbinary
K8 8x4 Mode1 padded-contiguous L15 app: layouts=1 shapes=3
L15 l15_padded_2048_per_token staging dataset: bytes=4417024 A_stride=4128 B0_bank=0 B1_bank=34 D0_bank=0 M1D0_bank=32 M1D1_minus_D0=2048 M1_row_stride=4128
L15 l15_padded_2048_per_token DMA staging cycles: 70118
L15 l15_padded_2048_per_token dataset ready
L15 S0 start
L15 S0 Mode0 configure streamer
L15 S0 Mode0 configure core
L15 S0 Mode0 start
L15 S0 Mode0 wait accel
L15 S0 Mode0 wait writer
L15 S0 Mode0 D0: PASS, Error: 0
L15 S0 Mode0 Cycles: accel=90119, streamer=90143, wall=100828
L15 S0 Mode1 configure streamer
L15 S0 Mode1 configure core
L15 S0 Mode1 start
L15 S0 Mode1 wait accel
L15 S0 Mode1 wait writer
L15 S0 Mode1 D padded-contiguous: PASS, Error: 0
L15 S0 Mode1 Cycles: accel=46588, streamer=46607, wall=107008
L15 S1 start
L15 S1 Mode0 configure streamer
L15 S1 Mode0 configure core
L15 S1 Mode0 start
L15 S1 Mode0 wait accel
L15 S1 Mode0 wait writer
L15 S1 Mode0 D0: PASS, Error: 0
L15 S1 Mode0 Cycles: accel=45086, streamer=45110, wall=55527
L15 S1 Mode1 configure streamer
L15 S1 Mode1 configure core
L15 S1 Mode1 start
L15 S1 Mode1 wait accel
L15 S1 Mode1 wait writer
L15 S1 Mode1 D padded-contiguous: PASS, Error: 0
L15 S1 Mode1 Cycles: accel=23403, streamer=23422, wall=58704
L15 S2 start
L15 S2 Mode0 configure streamer
L15 S2 Mode0 configure core
L15 S2 Mode0 start
L15 S2 Mode0 wait accel
L15 S2 Mode0 wait writer
L15 S2 Mode0 D0: PASS, Error: 0
L15 S2 Mode0 Cycles: accel=22550, streamer=22574, wall=32822
L15 S2 Mode1 configure streamer
L15 S2 Mode1 configure core
L15 S2 Mode1 start
L15 S2 Mode1 wait accel
L15 S2 Mode1 wait writer
L15 S2 Mode1 D padded-contiguous: PASS, Error: 0
L15 S2 Mode1 Cycles: accel=11320, streamer=11339, wall=34200
L15 l15_padded_2048_per_token total checks: 6, total error: 0
[fesvr] Wrote 36 bytes of bootrom to 0x1000
[fesvr] Wrote entry point 0x80000000 to bootloader slot 0x1020
[fesvr] Wrote 72 bytes of bootdata to 0x1024
[Tracer] Logging Hart          0 to logs/trace_chip_00_hart_00000.dasm
[Tracer] Logging Hart          1 to logs/trace_chip_00_hart_00001.dasm
