Small MoE K8 8x4 padded-contiguous L15 app: layouts=50 shapes=3
L28 v28_pad96_b1bank34 DMA staging cycles: 3534
L28 v28_pad96_b1bank34 staging dataset: bytes=235520 A_stride=2144 B0_bank=0 B1_bank=34 D0_bank=0 M1D0_bank=32 M1D1_minus_D0=1024 M1_row_stride=2144
L28 v28_pad96_b1bank34 dataset ready
L28 S0 start
L28 S0 Mode0 configure streamer
L28 S0 Mode0 configure core
L28 S0 Mode0 start
L28 S0 Mode0 D0: PASS, Error: 0
L28 S0 Mode0 Cycles: accel=4105, streamer=4131, wall=39602
L28 S0 Mode0 mcycle start-finish: accel=4113, streamer=4148
L28 S0 Mode1 configure streamer
L28 S0 Mode1 configure core
L28 S0 Mode1 start
L28 S0 Mode1 D padded-contiguous: PASS, Error: 0
L28 S0 Mode1 Cycles: accel=2179, streamer=2199, wall=212798
L28 S0 Mode1 mcycle start-finish: accel=2183, streamer=2218
L28 S1 start
L28 S1 Mode0 configure streamer
L28 S1 Mode0 configure core
L28 S1 Mode0 start
L28 S1 Mode0 D0: PASS, Error: 0
L28 S1 Mode0 Cycles: accel=2056, streamer=2082, wall=25405
L28 S1 Mode0 mcycle start-finish: accel=2061, streamer=2096
L28 S1 Mode1 configure streamer
L28 S1 Mode1 configure core
L28 S1 Mode1 start
L28 S1 Mode1 D padded-contiguous: PASS, Error: 0
L28 S1 Mode1 Cycles: accel=1114, streamer=1134, wall=112601
L28 S1 Mode1 mcycle start-finish: accel=1121, streamer=1156
L28 S2 start
L28 S2 Mode0 configure streamer
L28 S2 Mode0 configure core
L28 S2 Mode0 start
L28 S2 Mode0 D0: PASS, Error: 0
L28 S2 Mode0 Cycles: accel=1035, streamer=1061, wall=18392
L28 S2 Mode0 mcycle start-finish: accel=1041, streamer=1071
L28 S2 Mode1 configure streamer
L28 S2 Mode1 configure core
L28 S2 Mode1 start
L28 S2 Mode1 D padded-contiguous: PASS, Error: 0
L28 S2 Mode1 Cycles: accel=536, streamer=556, wall=62809
L28 S2 Mode1 mcycle start-finish: accel=540, streamer=565
L28 v28_pad96_b1bank34 total checks: 6, total error: 0
[fesvr] Wrote 36 bytes of bootrom to 0x1000
[fesvr] Wrote entry point 0x80000000 to bootloader slot 0x1020
[fesvr] Wrote 72 bytes of bootdata to 0x1024
[Tracer] Logging Hart          0 to logs/trace_chip_00_hart_00000.dasm
[Tracer] Logging Hart          1 to logs/trace_chip_00_hart_00001.dasm
