Small MoE K8 8x4 padded-contiguous L15 app: layouts=55 shapes=3
L54 v54_shapeA_s0p32_s1p24_s2p96 DMA staging cycles: 4115
L54 v54_shapeA_s0p32_s1p24_s2p96 staging dataset: bytes=269312 A_stride=2080 B0_bank=0 B1_bank=52 D0_bank=0 M1D0_bank=32 M1D1_minus_D0=1024 M1_row_stride=2080 shape_A_strides=[2080,2072,2144]
L54 v54_shapeA_s0p32_s1p24_s2p96 dataset ready
L54 S0 start
L54 S0 Mode0 configure streamer
L54 S0 Mode0 configure core
L54 S0 Mode0 start
L54 S0 Mode0 D0: PASS, Error: 0
L54 S0 Mode0 Cycles: accel=4100, streamer=4126, wall=39693
L54 S0 Mode0 mcycle start-finish: accel=4107, streamer=4142
L54 S0 Mode1 configure streamer
L54 S0 Mode1 configure core
L54 S0 Mode1 start
L54 S0 Mode1 D padded-contiguous: PASS, Error: 0
L54 S0 Mode1 Cycles: accel=2179, streamer=2199, wall=206811
L54 S0 Mode1 mcycle start-finish: accel=2183, streamer=2205
L54 S1 start
L54 S1 Mode0 configure streamer
L54 S1 Mode0 configure core
L54 S1 Mode0 start
L54 S1 Mode0 D0: PASS, Error: 0
L54 S1 Mode0 Cycles: accel=2054, streamer=2080, wall=25413
L54 S1 Mode0 mcycle start-finish: accel=2061, streamer=2096
L54 S1 Mode1 configure streamer
L54 S1 Mode1 configure core
L54 S1 Mode1 start
L54 S1 Mode1 D padded-contiguous: PASS, Error: 0
L54 S1 Mode1 Cycles: accel=1120, streamer=1140, wall=109449
L54 S1 Mode1 mcycle start-finish: accel=1127, streamer=1149
L54 S2 start
L54 S2 Mode0 configure streamer
L54 S2 Mode0 configure core
L54 S2 Mode0 start
L54 S2 Mode0 D0: PASS, Error: 0
L54 S2 Mode0 Cycles: accel=1035, streamer=1061, wall=18510
L54 S2 Mode0 mcycle start-finish: accel=1041, streamer=1076
L54 S2 Mode1 configure streamer
L54 S2 Mode1 configure core
L54 S2 Mode1 start
L54 S2 Mode1 D padded-contiguous: PASS, Error: 0
L54 S2 Mode1 Cycles: accel=536, streamer=556, wall=62758
L54 S2 Mode1 mcycle start-finish: accel=539, streamer=561
L54 v54_shapeA_s0p32_s1p24_s2p96 total checks: 6, total error: 0
[fesvr] Wrote 36 bytes of bootrom to 0x1000
[fesvr] Wrote entry point 0x80000000 to bootloader slot 0x1020
[fesvr] Wrote 72 bytes of bootdata to 0x1024
[Tracer] Logging Hart          0 to logs/trace_chip_00_hart_00000.dasm
[Tracer] Logging Hart          1 to logs/trace_chip_00_hart_00001.dasm
