Small MoE K8 8x4 padded-contiguous L15 app: layouts=55 shapes=3
L53 v53_shapeA_s0p40_s1p00_s2p80 DMA staging cycles: 4093
L53 v53_shapeA_s0p40_s1p00_s2p80 staging dataset: bytes=268160 A_stride=2088 B0_bank=0 B1_bank=52 D0_bank=0 M1D0_bank=32 M1D1_minus_D0=1024 M1_row_stride=2088 shape_A_strides=[2088,2048,2128]
L53 v53_shapeA_s0p40_s1p00_s2p80 dataset ready
L53 S0 start
L53 S0 Mode0 configure streamer
L53 S0 Mode0 configure core
L53 S0 Mode0 start
L53 S0 Mode0 D0: PASS, Error: 0
L53 S0 Mode0 Cycles: accel=4099, streamer=4134, wall=39703
L53 S0 Mode0 mcycle start-finish: accel=4114, streamer=4151
L53 S0 Mode1 configure streamer
L53 S0 Mode1 configure core
L53 S0 Mode1 start
L53 S0 Mode1 D padded-contiguous: PASS, Error: 0
L53 S0 Mode1 Cycles: accel=2195, streamer=2215, wall=207527
L53 S0 Mode1 mcycle start-finish: accel=2198, streamer=2230
L53 S1 start
L53 S1 Mode0 configure streamer
L53 S1 Mode0 configure core
L53 S1 Mode0 start
L53 S1 Mode0 D0: PASS, Error: 0
L53 S1 Mode0 Cycles: accel=2052, streamer=2087, wall=25404
L53 S1 Mode0 mcycle start-finish: accel=2069, streamer=2095
L53 S1 Mode1 configure streamer
L53 S1 Mode1 configure core
L53 S1 Mode1 start
L53 S1 Mode1 D padded-contiguous: PASS, Error: 0
L53 S1 Mode1 Cycles: accel=1106, streamer=1126, wall=108289
L53 S1 Mode1 mcycle start-finish: accel=1112, streamer=1144
L53 S2 start
L53 S2 Mode0 configure streamer
L53 S2 Mode0 configure core
L53 S2 Mode0 start
L53 S2 Mode0 D0: PASS, Error: 0
L53 S2 Mode0 Cycles: accel=1027, streamer=1062, wall=18490
L53 S2 Mode0 mcycle start-finish: accel=1043, streamer=1069
L53 S2 Mode1 configure streamer
L53 S2 Mode1 configure core
L53 S2 Mode1 start
L53 S2 Mode1 D padded-contiguous: PASS, Error: 0
L53 S2 Mode1 Cycles: accel=535, streamer=555, wall=62407
L53 S2 Mode1 mcycle start-finish: accel=542, streamer=564
L53 v53_shapeA_s0p40_s1p00_s2p80 total checks: 6, total error: 0
[fesvr] Wrote 36 bytes of bootrom to 0x1000
[fesvr] Wrote entry point 0x80000000 to bootloader slot 0x1020
[fesvr] Wrote 72 bytes of bootdata to 0x1024
[Tracer] Logging Hart          0 to logs/trace_chip_00_hart_00000.dasm
[Tracer] Logging Hart          1 to logs/trace_chip_00_hart_00001.dasm
