Small MoE K8 8x4 padded-contiguous L15 app: layouts=55 shapes=3
L52 v52_shapeA_s0p32_s1p16_s2p56 DMA staging cycles: 4092
L52 v52_shapeA_s0p32_s1p16_s2p56 staging dataset: bytes=267968 A_stride=2080 B0_bank=0 B1_bank=52 D0_bank=0 M1D0_bank=32 M1D1_minus_D0=1024 M1_row_stride=2080 shape_A_strides=[2080,2064,2104]
L52 v52_shapeA_s0p32_s1p16_s2p56 dataset ready
L52 S0 start
L52 S0 Mode0 configure streamer
L52 S0 Mode0 configure core
L52 S0 Mode0 start
L52 S0 Mode0 D0: PASS, Error: 0
L52 S0 Mode0 Cycles: accel=4100, streamer=4126, wall=39698
L52 S0 Mode0 mcycle start-finish: accel=4107, streamer=4143
L52 S0 Mode1 configure streamer
L52 S0 Mode1 configure core
L52 S0 Mode1 start
L52 S0 Mode1 D padded-contiguous: PASS, Error: 0
L52 S0 Mode1 Cycles: accel=2179, streamer=2199, wall=206924
L52 S0 Mode1 mcycle start-finish: accel=2185, streamer=2207
L52 S1 start
L52 S1 Mode0 configure streamer
L52 S1 Mode0 configure core
L52 S1 Mode0 start
L52 S1 Mode0 D0: PASS, Error: 0
L52 S1 Mode0 Cycles: accel=2056, streamer=2082, wall=25505
L52 S1 Mode0 mcycle start-finish: accel=2062, streamer=2087
L52 S1 Mode1 configure streamer
L52 S1 Mode1 configure core
L52 S1 Mode1 start
L52 S1 Mode1 D padded-contiguous: PASS, Error: 0
L52 S1 Mode1 Cycles: accel=1113, streamer=1133, wall=109003
L52 S1 Mode1 mcycle start-finish: accel=1116, streamer=1138
L52 S2 start
L52 S2 Mode0 configure streamer
L52 S2 Mode0 configure core
L52 S2 Mode0 start
L52 S2 Mode0 D0: PASS, Error: 0
L52 S2 Mode0 Cycles: accel=1035, streamer=1061, wall=18498
L52 S2 Mode0 mcycle start-finish: accel=1042, streamer=1067
L52 S2 Mode1 configure streamer
L52 S2 Mode1 configure core
L52 S2 Mode1 start
L52 S2 Mode1 D padded-contiguous: PASS, Error: 0
L52 S2 Mode1 Cycles: accel=538, streamer=558, wall=61869
L52 S2 Mode1 mcycle start-finish: accel=541, streamer=563
L52 v52_shapeA_s0p32_s1p16_s2p56 total checks: 6, total error: 0
[fesvr] Wrote 36 bytes of bootrom to 0x1000
[fesvr] Wrote entry point 0x80000000 to bootloader slot 0x1020
[fesvr] Wrote 72 bytes of bootdata to 0x1024
[Tracer] Logging Hart          0 to logs/trace_chip_00_hart_00000.dasm
[Tracer] Logging Hart          1 to logs/trace_chip_00_hart_00001.dasm
