=== BUILD L0 ===
make: Entering directory '/esat/studscratch/r1015498/Thesis/original_snax/snax_cluster/target/snitch_cluster/sw/apps/snax-versacore-int16x4-multishape-k8-8x4-layout-explore'
clang -DSELECT_LAYOUT=0 --target=riscv32-unknown-elf -mcpu=generic-rv32 -march=rv32imafdzfh -fno-builtin-memset -DPRINTF_DISABLE_SUPPORT_LONG_LONG -Idata -I../../snax/dual-versacore-swiglu/include -I/esat/studscratch/r1015498/Thesis/original_snax/snax_cluster/target/snitch_cluster/sw/runtime/rtl-generic/src -I/esat/studscratch/r1015498/Thesis/original_snax/snax_cluster/target/snitch_cluster/sw/runtime/rtl-generic/../common -I/esat/studscratch/r1015498/Thesis/original_snax/snax_cluster/sw/snRuntime/api -I/esat/studscratch/r1015498/Thesis/original_snax/snax_cluster/sw/snRuntime/api/omp -I/esat/studscratch/r1015498/Thesis/original_snax/snax_cluster/sw/snRuntime/src -I/esat/studscratch/r1015498/Thesis/original_snax/snax_cluster/sw/snRuntime/src/omp -I/esat/studscratch/r1015498/Thesis/original_snax/snax_cluster/sw/deps/riscv-opcodes -I/esat/studscratch/r1015498/Thesis/original_snax/snax_cluster/sw/math/include -mabi=ilp32d -mcmodel=medany -ffast-math -fno-builtin-printf -fno-builtin-sqrtf -fno-common -fopenmp -ftls-model=local-exec -O3 -D__DEFINED_uint64_t -MM -MT '/esat/studscratch/r1015498/Thesis/original_snax/snax_cluster/target/snitch_cluster/sw/apps/snax-versacore-int16x4-multishape-k8-8x4-layout-explore/build/snax-versacore-int16x4-multishape-k8-8x4-layout-explore.elf' src/snax-versacore-int16x4-multishape-k8-8x4-layout-explore.c > /esat/studscratch/r1015498/Thesis/original_snax/snax_cluster/target/snitch_cluster/sw/apps/snax-versacore-int16x4-multishape-k8-8x4-layout-explore/build/snax-versacore-int16x4-multishape-k8-8x4-layout-explore.d
clang -DSELECT_LAYOUT=0 --target=riscv32-unknown-elf -mcpu=generic-rv32 -march=rv32imafdzfh -fno-builtin-memset -DPRINTF_DISABLE_SUPPORT_LONG_LONG -Idata -I../../snax/dual-versacore-swiglu/include -I/esat/studscratch/r1015498/Thesis/original_snax/snax_cluster/target/snitch_cluster/sw/runtime/rtl-generic/src -I/esat/studscratch/r1015498/Thesis/original_snax/snax_cluster/target/snitch_cluster/sw/runtime/rtl-generic/../common -I/esat/studscratch/r1015498/Thesis/original_snax/snax_cluster/sw/snRuntime/api -I/esat/studscratch/r1015498/Thesis/original_snax/snax_cluster/sw/snRuntime/api/omp -I/esat/studscratch/r1015498/Thesis/original_snax/snax_cluster/sw/snRuntime/src -I/esat/studscratch/r1015498/Thesis/original_snax/snax_cluster/sw/snRuntime/src/omp -I/esat/studscratch/r1015498/Thesis/original_snax/snax_cluster/sw/deps/riscv-opcodes -I/esat/studscratch/r1015498/Thesis/original_snax/snax_cluster/sw/math/include -mabi=ilp32d -mcmodel=medany -ffast-math -fno-builtin-printf -fno-builtin-sqrtf -fno-common -fopenmp -ftls-model=local-exec -O3 -D__DEFINED_uint64_t ../../snax/dual-versacore-swiglu/build/snax-dual-versacore-swiglu-lib.o -fuse-ld=lld -nostdlib -L/esat/studscratch/r1015498/Thesis/original_snax/snax_cluster/target/snitch_cluster/sw/runtime/rtl-generic -T/esat/studscratch/r1015498/Thesis/original_snax/snax_cluster/sw/snRuntime/base.ld -L/esat/studscratch/r1015498/Thesis/original_snax/snax_cluster/target/snitch_cluster/sw/math/build/ -L/esat/studscratch/r1015498/Thesis/original_snax/snax_cluster/target/snitch_cluster/sw/runtime/rtl-generic/build/ -lmath -lsnRuntime src/snax-versacore-int16x4-multishape-k8-8x4-layout-explore.c -o /esat/studscratch/r1015498/Thesis/original_snax/snax_cluster/target/snitch_cluster/sw/apps/snax-versacore-int16x4-multishape-k8-8x4-layout-explore/build/snax-versacore-int16x4-multishape-k8-8x4-layout-explore.elf
L0 S0 Mode0 Cycles: accel=111600, streamer=111624, wall=122104
L0 S0 Mode1 configure streamer
L0 S0 Mode1 configure core
L0 S0 Mode1 start
L0 S0 Mode1 wait accel
In file included from src/snax-versacore-int16x4-multishape-k8-8x4-layout-explore.c:4:
../../snax/dual-versacore-swiglu/include/snax-dual-versacore-swiglu-lib.h:98:5: warning: static function 'csrw_ss' is used in an inline function with external linkage [-Wstatic-in-inline]
   98 |     csrw_ss(STREAMER_START_CSR, 1);
      |     ^
../../snax/dual-versacore-swiglu/include/snax-dual-versacore-swiglu-lib.h:97:1: note: use 'static' to give inline function 'set_dual_versacore_streamer_start' internal linkage
   97 | inline void set_dual_versacore_streamer_start() {
      | ^
      | static 
/esat/studscratch/r1015498/Thesis/original_snax/snax_cluster/sw/snRuntime/src/csr.h:451:13: note: 'csrw_ss' declared here
  451 | static void csrw_ss(uint32_t csr_address, uint32_t value) {
      |             ^
In file included from src/snax-versacore-int16x4-multishape-k8-8x4-layout-explore.c:4:
../../snax/dual-versacore-swiglu/include/snax-dual-versacore-swiglu-lib.h:119:42: warning: static function 'csrw_ss' is used in an inline function with external linkage [-Wstatic-in-inline]
  119 | inline void set_dual_versacore_start() { csrw_ss(DUAL_VC_START, 1); }
      |                                          ^
../../snax/dual-versacore-swiglu/include/snax-dual-versacore-swiglu-lib.h:119:1: note: use 'static' to give inline function 'set_dual_versacore_start' internal linkage
  119 | inline void set_dual_versacore_start() { csrw_ss(DUAL_VC_START, 1); }
      | ^
      | static 
/esat/studscratch/r1015498/Thesis/original_snax/snax_cluster/sw/snRuntime/src/csr.h:451:13: note: 'csrw_ss' declared here
  451 | static void csrw_ss(uint32_t csr_address, uint32_t value) {
      |             ^
2 warnings generated.
make: Leaving directory '/esat/studscratch/r1015498/Thesis/original_snax/snax_cluster/target/snitch_cluster/sw/apps/snax-versacore-int16x4-multishape-k8-8x4-layout-explore'
=== RUN L0 ===
K8 8x4 layout exploration: layouts=5 shapes=3
L0 baseline_tight_a_1024_align staging dataset: bytes=4413456 A_stride=4096 B0_bank=0 B1_bank=0
L0 S0 Mode1 wait writer
L0 S0 Mode1 wait writer
L0 baseline_tight_a_1024_align dataset ready
L0 S0 start
L0 S0 Mode0 configure streamer
L0 S0 Mode0 configure core
L0 S0 Mode0 start
L0 S0 Mode0 wait accel
L0 S0 Mode0 wait writer
L0 S0 Mode1 D0: PASS, Error: 0
L0 S0 Mode1 D1: PASS, Error: 0
L0 S0 Mode1 Cycles: accel=54880, streamer=54898, wall=65412
L0 S1 start
L0 S1 Mode0 configure streamer
L0 S1 Mode0 configure core
L0 S1 Mode0 start
L0 S1 Mode0 wait accel
L0 S0 Mode1 D0: PASS, Error: 0
L0 S0 Mode1 D1: PASS, Error: 0
L0 S0 Mode1 Cycles: accel=54880, streamer=54898, wall=65412
L0 S1 start
L0 S1 Mode0 configure streamer
L0 S1 Mode0 configure core
L0 S1 Mode0 start
L0 S1 Mode0 wait accel
L0 S1 Mode0 wait writer
L0 S1 Mode0 wait writer
L0 S0 Mode0 D0: PASS, Error: 0
L0 S0 Mode0 Cycles: accel=111600, streamer=111624, wall=122104
L0 S0 Mode1 configure streamer
L0 S0 Mode1 configure core
L0 S0 Mode1 start
L0 S0 Mode1 wait accel
L0 S1 Mode0 D0: PASS, Error: 0
L0 S1 Mode0 Cycles: accel=45285, streamer=45309, wall=55504
L0 S1 Mode1 configure streamer
L0 S1 Mode1 configure core
L0 S1 Mode1 start
L0 S1 Mode1 wait accel
L0 S1 Mode0 D0: PASS, Error: 0
L0 S1 Mode0 Cycles: accel=45285, streamer=45309, wall=55504
L0 S1 Mode1 configure streamer
L0 S1 Mode1 configure core
L0 S0 Mode1 wait writer
L0 S1 Mode1 start
L0 S1 Mode1 wait accel
L0 S1 Mode1 wait writer
L0 S1 Mode1 wait writer
L0 S1 Mode1 D0: PASS, Error: 0
L0 S1 Mode1 D1: PASS, Error: 0
L0 S1 Mode1 Cycles: accel=24629, streamer=24647, wall=34810
L0 S2 start
L0 S2 Mode0 configure streamer
L0 S2 Mode0 configure core
L0 S2 Mode0 start
L0 S2 Mode0 wait accel
L0 S1 Mode1 D0: PASS, Error: 0
L0 S1 Mode1 D1: PASS, Error: 0
L0 S1 Mode1 Cycles: accel=24629, streamer=24647, wall=34810
L0 S2 start
L0 S2 Mode0 configure streamer
L0 S2 Mode0 configure core
L0 S2 Mode0 start
L0 S2 Mode0 wait accel
L0 S2 Mode0 wait writer
L0 S2 Mode0 wait writer
L0 S2 Mode0 D0: PASS, Error: 0
L0 S2 Mode0 Cycles: accel=27580, streamer=27604, wall=37709
L0 S2 Mode1 configure streamer
L0 S2 Mode1 configure core
L0 S2 Mode1 start
L0 S2 Mode1 wait accel
L0 S2 Mode1 wait writer
L0 S2 Mode0 D0: PASS, Error: 0
L0 S2 Mode0 Cycles: accel=27580, streamer=27604, wall=37709
L0 S2 Mode1 configure streamer
L0 S2 Mode1 configure core
L0 S2 Mode1 start
L0 S2 Mode1 wait accel
L0 S2 Mode1 wait writer
L0 S0 Mode1 D0: PASS, Error: 0
L0 S0 Mode1 D1: PASS, Error: 0
L0 S0 Mode1 Cycles: accel=54880, streamer=54898, wall=65412
L0 S1 start
L0 S1 Mode0 configure streamer
L0 S1 Mode0 configure core
L0 S1 Mode0 start
L0 S1 Mode0 wait accel
L0 S2 Mode1 D0: PASS, Error: 0
L0 S2 Mode1 D1: PASS, Error: 0
L0 S2 Mode1 Cycles: accel=11308, streamer=11326, wall=21513
L0 baseline_tight_a_1024_align total checks: 9, total error: 0
[fesvr] Wrote 36 bytes of bootrom to 0x1000
[fesvr] Wrote entry point 0x80000000 to bootloader slot 0x1020
[fesvr] Wrote 72 bytes of bootdata to 0x1024
[Tracer] Logging Hart          0 to logs/trace_chip_00_hart_00000.dasm
[Tracer] Logging Hart          1 to logs/trace_chip_00_hart_00001.dasm
=== STATUS L0: 0 ===
L0 S2 Mode1 D0: PASS, Error: 0
L0 S2 Mode1 D1: PASS, Error: 0
L0 S2 Mode1 Cycles: accel=11308, streamer=11326, wall=21513
L0 S1 Mode0 wait writer
L0 baseline_tight_a_1024_align total checks: 9, total error: 0
[fesvr] Wrote 36 bytes of bootrom to 0x1000
[fesvr] Wrote entry point 0x80000000 to bootloader slot 0x1020
[fesvr] Wrote 72 bytes of bootdata to 0x1024
[Tracer] Logging Hart          0 to logs/trace_chip_00_hart_00000.dasm
[Tracer] Logging Hart          1 to logs/trace_chip_00_hart_00001.dasm
=== STATUS L0: 0 ===
L0 S1 Mode0 D0: PASS, Error: 0
L0 S1 Mode0 Cycles: accel=45285, streamer=45309, wall=55504
L0 S1 Mode1 configure streamer
L0 S1 Mode1 configure core
L0 S1 Mode1 start
L0 S1 Mode1 wait accel
L0 S1 Mode1 wait writer
L0 S1 Mode1 D0: PASS, Error: 0
L0 S1 Mode1 D1: PASS, Error: 0
[fesvr] Wrote 36 bytes of bootrom to 0x1000
[fesvr] Wrote entry point 0x80000000 to bootloader slot 0x1020
[fesvr] Wrote 72 bytes of bootdata to 0x1024
[Tracer] Logging Hart          0 to logs/trace_chip_00_hart_00000.dasm
[Tracer] Logging Hart          1 to logs/trace_chip_00_hart_00001.dasm
